MPLINK 4.49, Linker
Linker Map File - Created Thu Apr 25 14:35:32 2019

                                 Section Info
                  Section       Type    Address   Location Size(Bytes)
                ---------  ---------  ---------  ---------  ---------
                   .org_0       code   0x000000    program   0x000000
                   .org_1       code   0x000000    program   0x000002
                   .org_2       code   0x000004    program   0x0000e8
.config_2007_HUB12_DRAM1.O       code   0x002007    program   0x000002
                   .org_3       code   0x002100    program   0x000008



                              Program Memory Usage 
                               Start         End      
                           ---------   ---------      
                            0x000000    0x000000      
                            0x000004    0x000077      
                            0x002007    0x002007      
                            0x002100    0x002103      
            122 out of 4359 program addresses used, program memory utilization is 2%



                              Symbols - Sorted by Name
                     Name    Address   Location    Storage File                     
                ---------  ---------  ---------  --------- ---------                
                    CLRAM   0x00002d    program     static D:\KennyNeutron\HUB12_DRAM\HUB12_DRAM1.ASM
                       D0   0x00004d    program     static D:\KennyNeutron\HUB12_DRAM\HUB12_DRAM1.ASM
                       D1   0x00004f    program     static D:\KennyNeutron\HUB12_DRAM\HUB12_DRAM1.ASM
                DATALATCH   0x000042    program     static D:\KennyNeutron\HUB12_DRAM\HUB12_DRAM1.ASM
                 DELAY_MS   0x000067    program     static D:\KennyNeutron\HUB12_DRAM\HUB12_DRAM1.ASM
              DELAY_ONEMS   0x000060    program     static D:\KennyNeutron\HUB12_DRAM\HUB12_DRAM1.ASM
             DELAY_ONESEC   0x00006c    program     static D:\KennyNeutron\HUB12_DRAM\HUB12_DRAM1.ASM
                DELAY_SEC   0x000073    program     static D:\KennyNeutron\HUB12_DRAM\HUB12_DRAM1.ASM
                 DELAY_US   0x000058    program     static D:\KennyNeutron\HUB12_DRAM\HUB12_DRAM1.ASM
                  DISPLAY   0x000039    program     static D:\KennyNeutron\HUB12_DRAM\HUB12_DRAM1.ASM
                      DL0   0x000049    program     static D:\KennyNeutron\HUB12_DRAM\HUB12_DRAM1.ASM
                      DL1   0x000051    program     static D:\KennyNeutron\HUB12_DRAM\HUB12_DRAM1.ASM
                     DRM0   0x000031    program     static D:\KennyNeutron\HUB12_DRAM\HUB12_DRAM1.ASM
                     DSP0   0x00003d    program     static D:\KennyNeutron\HUB12_DRAM\HUB12_DRAM1.ASM
                     INIT   0x000010    program     static D:\KennyNeutron\HUB12_DRAM\HUB12_DRAM1.ASM
                     MAIN   0x00001d    program     static D:\KennyNeutron\HUB12_DRAM\HUB12_DRAM1.ASM
                     MSEC   0x000062    program     static D:\KennyNeutron\HUB12_DRAM\HUB12_DRAM1.ASM
                    MSEC0   0x000068    program     static D:\KennyNeutron\HUB12_DRAM\HUB12_DRAM1.ASM
                     SEC0   0x00006e    program     static D:\KennyNeutron\HUB12_DRAM\HUB12_DRAM1.ASM
                     SEC1   0x000074    program     static D:\KennyNeutron\HUB12_DRAM\HUB12_DRAM1.ASM
                     USEC   0x000059    program     static D:\KennyNeutron\HUB12_DRAM\HUB12_DRAM1.ASM



                              Symbols - Sorted by Address
                     Name    Address   Location    Storage File                     
                ---------  ---------  ---------  --------- ---------                
                     INIT   0x000010    program     static D:\KennyNeutron\HUB12_DRAM\HUB12_DRAM1.ASM
                     MAIN   0x00001d    program     static D:\KennyNeutron\HUB12_DRAM\HUB12_DRAM1.ASM
                    CLRAM   0x00002d    program     static D:\KennyNeutron\HUB12_DRAM\HUB12_DRAM1.ASM
                     DRM0   0x000031    program     static D:\KennyNeutron\HUB12_DRAM\HUB12_DRAM1.ASM
                  DISPLAY   0x000039    program     static D:\KennyNeutron\HUB12_DRAM\HUB12_DRAM1.ASM
                     DSP0   0x00003d    program     static D:\KennyNeutron\HUB12_DRAM\HUB12_DRAM1.ASM
                DATALATCH   0x000042    program     static D:\KennyNeutron\HUB12_DRAM\HUB12_DRAM1.ASM
                      DL0   0x000049    program     static D:\KennyNeutron\HUB12_DRAM\HUB12_DRAM1.ASM
                       D0   0x00004d    program     static D:\KennyNeutron\HUB12_DRAM\HUB12_DRAM1.ASM
                       D1   0x00004f    program     static D:\KennyNeutron\HUB12_DRAM\HUB12_DRAM1.ASM
                      DL1   0x000051    program     static D:\KennyNeutron\HUB12_DRAM\HUB12_DRAM1.ASM
                 DELAY_US   0x000058    program     static D:\KennyNeutron\HUB12_DRAM\HUB12_DRAM1.ASM
                     USEC   0x000059    program     static D:\KennyNeutron\HUB12_DRAM\HUB12_DRAM1.ASM
              DELAY_ONEMS   0x000060    program     static D:\KennyNeutron\HUB12_DRAM\HUB12_DRAM1.ASM
                     MSEC   0x000062    program     static D:\KennyNeutron\HUB12_DRAM\HUB12_DRAM1.ASM
                 DELAY_MS   0x000067    program     static D:\KennyNeutron\HUB12_DRAM\HUB12_DRAM1.ASM
                    MSEC0   0x000068    program     static D:\KennyNeutron\HUB12_DRAM\HUB12_DRAM1.ASM
             DELAY_ONESEC   0x00006c    program     static D:\KennyNeutron\HUB12_DRAM\HUB12_DRAM1.ASM
                     SEC0   0x00006e    program     static D:\KennyNeutron\HUB12_DRAM\HUB12_DRAM1.ASM
                DELAY_SEC   0x000073    program     static D:\KennyNeutron\HUB12_DRAM\HUB12_DRAM1.ASM
                     SEC1   0x000074    program     static D:\KennyNeutron\HUB12_DRAM\HUB12_DRAM1.ASM


