MPLINK 4.49, Linker
Linker Map File - Created Mon Aug 05 11:10:39 2019

                                 Section Info
                  Section       Type    Address   Location Size(Bytes)
                ---------  ---------  ---------  ---------  ---------
                   .org_0       code   0x000000    program   0x000000
                   .org_1       code   0x000000    program   0x000002
                   .org_2       code   0x000004    program   0x000888
                   .org_3       code   0x000500    program   0x0001c4
                   .org_4       code   0x000600    program   0x0001f8
                   .org_5       code   0x000700    program   0x0001c8
                   .org_6       code   0x000800    program   0x00011c
.config_2007_MODULESBNEW_SPI&FIXSCROLL.O       code   0x002007    program   0x000002
                   .org_7       code   0x002100    program   0x000008



                              Program Memory Usage 
                               Start         End      
                           ---------   ---------      
                            0x000000    0x000000      
                            0x000004    0x000447      
                            0x000500    0x0005e1      
                            0x000600    0x0006fb      
                            0x000700    0x0007e3      
                            0x000800    0x00088d      
                            0x002007    0x002007      
                            0x002100    0x002103      
            1946 out of 4359 program addresses used, program memory utilization is 44%



                              Symbols - Sorted by Name
                     Name    Address   Location    Storage File                     
                ---------  ---------  ---------  --------- ---------                
               BCD_DECODE   0x00087f    program     static C:\Users\gerpe\OneDrive\GER-PER 2016\Documents\KennyNeutron\HUB12\20190717_MODULESB2\MODULESBNEW_SPI&FIXSCROLL.ASM
                     CHAR   0x00069b    program     static C:\Users\gerpe\OneDrive\GER-PER 2016\Documents\KennyNeutron\HUB12\20190717_MODULESB2\MODULESBNEW_SPI&FIXSCROLL.ASM
                    CHARB   0x000700    program     static C:\Users\gerpe\OneDrive\GER-PER 2016\Documents\KennyNeutron\HUB12\20190717_MODULESB2\MODULESBNEW_SPI&FIXSCROLL.ASM
                     CLR0   0x0001e3    program     static C:\Users\gerpe\OneDrive\GER-PER 2016\Documents\KennyNeutron\HUB12\20190717_MODULESB2\MODULESBNEW_SPI&FIXSCROLL.ASM
                     CLR1   0x0001ec    program     static C:\Users\gerpe\OneDrive\GER-PER 2016\Documents\KennyNeutron\HUB12\20190717_MODULESB2\MODULESBNEW_SPI&FIXSCROLL.ASM
                    CLRAM   0x0001dd    program     static C:\Users\gerpe\OneDrive\GER-PER 2016\Documents\KennyNeutron\HUB12\20190717_MODULESB2\MODULESBNEW_SPI&FIXSCROLL.ASM
                    CLRT0   0x0003d1    program     static C:\Users\gerpe\OneDrive\GER-PER 2016\Documents\KennyNeutron\HUB12\20190717_MODULESB2\MODULESBNEW_SPI&FIXSCROLL.ASM
                  CLRTRAM   0x0003cd    program     static C:\Users\gerpe\OneDrive\GER-PER 2016\Documents\KennyNeutron\HUB12\20190717_MODULESB2\MODULESBNEW_SPI&FIXSCROLL.ASM
                CLR_ABIT0   0x00037e    program     static C:\Users\gerpe\OneDrive\GER-PER 2016\Documents\KennyNeutron\HUB12\20190717_MODULESB2\MODULESBNEW_SPI&FIXSCROLL.ASM
         CLR_AFFECTEDBITS   0x00037c    program     static C:\Users\gerpe\OneDrive\GER-PER 2016\Documents\KennyNeutron\HUB12\20190717_MODULESB2\MODULESBNEW_SPI&FIXSCROLL.ASM
    CLR_AFFECTEDBITS_LEFT   0x00038c    program     static C:\Users\gerpe\OneDrive\GER-PER 2016\Documents\KennyNeutron\HUB12\20190717_MODULESB2\MODULESBNEW_SPI&FIXSCROLL.ASM
   CLR_AFFECTEDBITS_RIGHT   0x0003a2    program     static C:\Users\gerpe\OneDrive\GER-PER 2016\Documents\KennyNeutron\HUB12\20190717_MODULESB2\MODULESBNEW_SPI&FIXSCROLL.ASM
                 CLR_LAF1   0x0003a0    program     static C:\Users\gerpe\OneDrive\GER-PER 2016\Documents\KennyNeutron\HUB12\20190717_MODULESB2\MODULESBNEW_SPI&FIXSCROLL.ASM
                 CLR_LAF2   0x00039f    program     static C:\Users\gerpe\OneDrive\GER-PER 2016\Documents\KennyNeutron\HUB12\20190717_MODULESB2\MODULESBNEW_SPI&FIXSCROLL.ASM
                 CLR_LAF3   0x00039e    program     static C:\Users\gerpe\OneDrive\GER-PER 2016\Documents\KennyNeutron\HUB12\20190717_MODULESB2\MODULESBNEW_SPI&FIXSCROLL.ASM
                 CLR_LAF4   0x00039d    program     static C:\Users\gerpe\OneDrive\GER-PER 2016\Documents\KennyNeutron\HUB12\20190717_MODULESB2\MODULESBNEW_SPI&FIXSCROLL.ASM
                 CLR_LAF5   0x00039c    program     static C:\Users\gerpe\OneDrive\GER-PER 2016\Documents\KennyNeutron\HUB12\20190717_MODULESB2\MODULESBNEW_SPI&FIXSCROLL.ASM
                 CLR_LAF6   0x00039b    program     static C:\Users\gerpe\OneDrive\GER-PER 2016\Documents\KennyNeutron\HUB12\20190717_MODULESB2\MODULESBNEW_SPI&FIXSCROLL.ASM
                 CLR_LAF7   0x00039a    program     static C:\Users\gerpe\OneDrive\GER-PER 2016\Documents\KennyNeutron\HUB12\20190717_MODULESB2\MODULESBNEW_SPI&FIXSCROLL.ASM
                 CLR_RAF1   0x0003b6    program     static C:\Users\gerpe\OneDrive\GER-PER 2016\Documents\KennyNeutron\HUB12\20190717_MODULESB2\MODULESBNEW_SPI&FIXSCROLL.ASM
                 CLR_RAF2   0x0003b5    program     static C:\Users\gerpe\OneDrive\GER-PER 2016\Documents\KennyNeutron\HUB12\20190717_MODULESB2\MODULESBNEW_SPI&FIXSCROLL.ASM
                 CLR_RAF3   0x0003b4    program     static C:\Users\gerpe\OneDrive\GER-PER 2016\Documents\KennyNeutron\HUB12\20190717_MODULESB2\MODULESBNEW_SPI&FIXSCROLL.ASM
                 CLR_RAF4   0x0003b3    program     static C:\Users\gerpe\OneDrive\GER-PER 2016\Documents\KennyNeutron\HUB12\20190717_MODULESB2\MODULESBNEW_SPI&FIXSCROLL.ASM
                 CLR_RAF5   0x0003b2    program     static C:\Users\gerpe\OneDrive\GER-PER 2016\Documents\KennyNeutron\HUB12\20190717_MODULESB2\MODULESBNEW_SPI&FIXSCROLL.ASM
                 CLR_RAF6   0x0003b1    program     static C:\Users\gerpe\OneDrive\GER-PER 2016\Documents\KennyNeutron\HUB12\20190717_MODULESB2\MODULESBNEW_SPI&FIXSCROLL.ASM
                 CLR_RAF7   0x0003b0    program     static C:\Users\gerpe\OneDrive\GER-PER 2016\Documents\KennyNeutron\HUB12\20190717_MODULESB2\MODULESBNEW_SPI&FIXSCROLL.ASM
                    COLON   0x000798    program     static C:\Users\gerpe\OneDrive\GER-PER 2016\Documents\KennyNeutron\HUB12\20190717_MODULESB2\MODULESBNEW_SPI&FIXSCROLL.ASM
                    CONT1   0x000135    program     static C:\Users\gerpe\OneDrive\GER-PER 2016\Documents\KennyNeutron\HUB12\20190717_MODULESB2\MODULESBNEW_SPI&FIXSCROLL.ASM
                   CONT11   0x00016a    program     static C:\Users\gerpe\OneDrive\GER-PER 2016\Documents\KennyNeutron\HUB12\20190717_MODULESB2\MODULESBNEW_SPI&FIXSCROLL.ASM
                   CONT12   0x000174    program     static C:\Users\gerpe\OneDrive\GER-PER 2016\Documents\KennyNeutron\HUB12\20190717_MODULESB2\MODULESBNEW_SPI&FIXSCROLL.ASM
                   CONT13   0x00017a    program     static C:\Users\gerpe\OneDrive\GER-PER 2016\Documents\KennyNeutron\HUB12\20190717_MODULESB2\MODULESBNEW_SPI&FIXSCROLL.ASM
                   CONT14   0x000184    program     static C:\Users\gerpe\OneDrive\GER-PER 2016\Documents\KennyNeutron\HUB12\20190717_MODULESB2\MODULESBNEW_SPI&FIXSCROLL.ASM
                   CONT15   0x00018a    program     static C:\Users\gerpe\OneDrive\GER-PER 2016\Documents\KennyNeutron\HUB12\20190717_MODULESB2\MODULESBNEW_SPI&FIXSCROLL.ASM
                   CONT16   0x000194    program     static C:\Users\gerpe\OneDrive\GER-PER 2016\Documents\KennyNeutron\HUB12\20190717_MODULESB2\MODULESBNEW_SPI&FIXSCROLL.ASM
                    CONT2   0x00013f    program     static C:\Users\gerpe\OneDrive\GER-PER 2016\Documents\KennyNeutron\HUB12\20190717_MODULESB2\MODULESBNEW_SPI&FIXSCROLL.ASM
                    CONT3   0x000145    program     static C:\Users\gerpe\OneDrive\GER-PER 2016\Documents\KennyNeutron\HUB12\20190717_MODULESB2\MODULESBNEW_SPI&FIXSCROLL.ASM
                    CONT4   0x00014f    program     static C:\Users\gerpe\OneDrive\GER-PER 2016\Documents\KennyNeutron\HUB12\20190717_MODULESB2\MODULESBNEW_SPI&FIXSCROLL.ASM
                    CONT5   0x000155    program     static C:\Users\gerpe\OneDrive\GER-PER 2016\Documents\KennyNeutron\HUB12\20190717_MODULESB2\MODULESBNEW_SPI&FIXSCROLL.ASM
                    CONT6   0x00015f    program     static C:\Users\gerpe\OneDrive\GER-PER 2016\Documents\KennyNeutron\HUB12\20190717_MODULESB2\MODULESBNEW_SPI&FIXSCROLL.ASM
                    CSRT0   0x000324    program     static C:\Users\gerpe\OneDrive\GER-PER 2016\Documents\KennyNeutron\HUB12\20190717_MODULESB2\MODULESBNEW_SPI&FIXSCROLL.ASM
                    CSRT1   0x00032a    program     static C:\Users\gerpe\OneDrive\GER-PER 2016\Documents\KennyNeutron\HUB12\20190717_MODULESB2\MODULESBNEW_SPI&FIXSCROLL.ASM
               CURSORTEST   0x000310    program     static C:\Users\gerpe\OneDrive\GER-PER 2016\Documents\KennyNeutron\HUB12\20190717_MODULESB2\MODULESBNEW_SPI&FIXSCROLL.ASM
                DATALATCH   0x000077    program     static C:\Users\gerpe\OneDrive\GER-PER 2016\Documents\KennyNeutron\HUB12\20190717_MODULESB2\MODULESBNEW_SPI&FIXSCROLL.ASM
               DATAUPDATE   0x000800    program     static C:\Users\gerpe\OneDrive\GER-PER 2016\Documents\KennyNeutron\HUB12\20190717_MODULESB2\MODULESBNEW_SPI&FIXSCROLL.ASM
                    DBIT0   0x000864    program     static C:\Users\gerpe\OneDrive\GER-PER 2016\Documents\KennyNeutron\HUB12\20190717_MODULESB2\MODULESBNEW_SPI&FIXSCROLL.ASM
                    DBIT1   0x000866    program     static C:\Users\gerpe\OneDrive\GER-PER 2016\Documents\KennyNeutron\HUB12\20190717_MODULESB2\MODULESBNEW_SPI&FIXSCROLL.ASM
                 DELAY_MS   0x000201    program     static C:\Users\gerpe\OneDrive\GER-PER 2016\Documents\KennyNeutron\HUB12\20190717_MODULESB2\MODULESBNEW_SPI&FIXSCROLL.ASM
              DELAY_ONEMS   0x0001fa    program     static C:\Users\gerpe\OneDrive\GER-PER 2016\Documents\KennyNeutron\HUB12\20190717_MODULESB2\MODULESBNEW_SPI&FIXSCROLL.ASM
                 DELAY_US   0x0001f2    program     static C:\Users\gerpe\OneDrive\GER-PER 2016\Documents\KennyNeutron\HUB12\20190717_MODULESB2\MODULESBNEW_SPI&FIXSCROLL.ASM
                  DISPHUB   0x0000b7    program     static C:\Users\gerpe\OneDrive\GER-PER 2016\Documents\KennyNeutron\HUB12\20190717_MODULESB2\MODULESBNEW_SPI&FIXSCROLL.ASM
                  DISPLAY   0x000088    program     static C:\Users\gerpe\OneDrive\GER-PER 2016\Documents\KennyNeutron\HUB12\20190717_MODULESB2\MODULESBNEW_SPI&FIXSCROLL.ASM
       DONTSCROLLHUB1DIG0   0x0001b5    program     static C:\Users\gerpe\OneDrive\GER-PER 2016\Documents\KennyNeutron\HUB12\20190717_MODULESB2\MODULESBNEW_SPI&FIXSCROLL.ASM
       DONTSCROLLHUB1DIG1   0x0001ab    program     static C:\Users\gerpe\OneDrive\GER-PER 2016\Documents\KennyNeutron\HUB12\20190717_MODULESB2\MODULESBNEW_SPI&FIXSCROLL.ASM
       DONTSCROLLHUB1DIG2   0x0001a1    program     static C:\Users\gerpe\OneDrive\GER-PER 2016\Documents\KennyNeutron\HUB12\20190717_MODULESB2\MODULESBNEW_SPI&FIXSCROLL.ASM
       DONTSCROLLHUB3DIG0   0x0001d3    program     static C:\Users\gerpe\OneDrive\GER-PER 2016\Documents\KennyNeutron\HUB12\20190717_MODULESB2\MODULESBNEW_SPI&FIXSCROLL.ASM
       DONTSCROLLHUB3DIG1   0x0001c9    program     static C:\Users\gerpe\OneDrive\GER-PER 2016\Documents\KennyNeutron\HUB12\20190717_MODULESB2\MODULESBNEW_SPI&FIXSCROLL.ASM
       DONTSCROLLHUB3DIG2   0x0001bf    program     static C:\Users\gerpe\OneDrive\GER-PER 2016\Documents\KennyNeutron\HUB12\20190717_MODULESB2\MODULESBNEW_SPI&FIXSCROLL.ASM
                      DOT   0x0007ab    program     static C:\Users\gerpe\OneDrive\GER-PER 2016\Documents\KennyNeutron\HUB12\20190717_MODULESB2\MODULESBNEW_SPI&FIXSCROLL.ASM
                     DSP0   0x00007b    program     static C:\Users\gerpe\OneDrive\GER-PER 2016\Documents\KennyNeutron\HUB12\20190717_MODULESB2\MODULESBNEW_SPI&FIXSCROLL.ASM
               DUMPDATREG   0x00086f    program     static C:\Users\gerpe\OneDrive\GER-PER 2016\Documents\KennyNeutron\HUB12\20190717_MODULESB2\MODULESBNEW_SPI&FIXSCROLL.ASM
                    EIGHT   0x00075f    program     static C:\Users\gerpe\OneDrive\GER-PER 2016\Documents\KennyNeutron\HUB12\20190717_MODULESB2\MODULESBNEW_SPI&FIXSCROLL.ASM
                   F0LN00   0x000274    program     static C:\Users\gerpe\OneDrive\GER-PER 2016\Documents\KennyNeutron\HUB12\20190717_MODULESB2\MODULESBNEW_SPI&FIXSCROLL.ASM
                   F0LN01   0x000256    program     static C:\Users\gerpe\OneDrive\GER-PER 2016\Documents\KennyNeutron\HUB12\20190717_MODULESB2\MODULESBNEW_SPI&FIXSCROLL.ASM
                   F0LN10   0x000265    program     static C:\Users\gerpe\OneDrive\GER-PER 2016\Documents\KennyNeutron\HUB12\20190717_MODULESB2\MODULESBNEW_SPI&FIXSCROLL.ASM
                   F0LN11   0x000247    program     static C:\Users\gerpe\OneDrive\GER-PER 2016\Documents\KennyNeutron\HUB12\20190717_MODULESB2\MODULESBNEW_SPI&FIXSCROLL.ASM
                F0_LINE00   0x00026e    program     static C:\Users\gerpe\OneDrive\GER-PER 2016\Documents\KennyNeutron\HUB12\20190717_MODULESB2\MODULESBNEW_SPI&FIXSCROLL.ASM
                F0_LINE01   0x000250    program     static C:\Users\gerpe\OneDrive\GER-PER 2016\Documents\KennyNeutron\HUB12\20190717_MODULESB2\MODULESBNEW_SPI&FIXSCROLL.ASM
                F0_LINE10   0x00025f    program     static C:\Users\gerpe\OneDrive\GER-PER 2016\Documents\KennyNeutron\HUB12\20190717_MODULESB2\MODULESBNEW_SPI&FIXSCROLL.ASM
                F0_LINE11   0x000241    program     static C:\Users\gerpe\OneDrive\GER-PER 2016\Documents\KennyNeutron\HUB12\20190717_MODULESB2\MODULESBNEW_SPI&FIXSCROLL.ASM
                   F1LN00   0x0002e0    program     static C:\Users\gerpe\OneDrive\GER-PER 2016\Documents\KennyNeutron\HUB12\20190717_MODULESB2\MODULESBNEW_SPI&FIXSCROLL.ASM
                  F1LN002   0x0002ee    program     static C:\Users\gerpe\OneDrive\GER-PER 2016\Documents\KennyNeutron\HUB12\20190717_MODULESB2\MODULESBNEW_SPI&FIXSCROLL.ASM
                   F1LN01   0x0002a6    program     static C:\Users\gerpe\OneDrive\GER-PER 2016\Documents\KennyNeutron\HUB12\20190717_MODULESB2\MODULESBNEW_SPI&FIXSCROLL.ASM
                  F1LN012   0x0002b4    program     static C:\Users\gerpe\OneDrive\GER-PER 2016\Documents\KennyNeutron\HUB12\20190717_MODULESB2\MODULESBNEW_SPI&FIXSCROLL.ASM
                   F1LN10   0x0002c3    program     static C:\Users\gerpe\OneDrive\GER-PER 2016\Documents\KennyNeutron\HUB12\20190717_MODULESB2\MODULESBNEW_SPI&FIXSCROLL.ASM
                  F1LN102   0x0002d1    program     static C:\Users\gerpe\OneDrive\GER-PER 2016\Documents\KennyNeutron\HUB12\20190717_MODULESB2\MODULESBNEW_SPI&FIXSCROLL.ASM
                   F1LN11   0x000289    program     static C:\Users\gerpe\OneDrive\GER-PER 2016\Documents\KennyNeutron\HUB12\20190717_MODULESB2\MODULESBNEW_SPI&FIXSCROLL.ASM
                  F1LN112   0x000297    program     static C:\Users\gerpe\OneDrive\GER-PER 2016\Documents\KennyNeutron\HUB12\20190717_MODULESB2\MODULESBNEW_SPI&FIXSCROLL.ASM
                F1_LINE00   0x0002da    program     static C:\Users\gerpe\OneDrive\GER-PER 2016\Documents\KennyNeutron\HUB12\20190717_MODULESB2\MODULESBNEW_SPI&FIXSCROLL.ASM
                F1_LINE01   0x0002a0    program     static C:\Users\gerpe\OneDrive\GER-PER 2016\Documents\KennyNeutron\HUB12\20190717_MODULESB2\MODULESBNEW_SPI&FIXSCROLL.ASM
                F1_LINE10   0x0002bd    program     static C:\Users\gerpe\OneDrive\GER-PER 2016\Documents\KennyNeutron\HUB12\20190717_MODULESB2\MODULESBNEW_SPI&FIXSCROLL.ASM
                F1_LINE11   0x000283    program     static C:\Users\gerpe\OneDrive\GER-PER 2016\Documents\KennyNeutron\HUB12\20190717_MODULESB2\MODULESBNEW_SPI&FIXSCROLL.ASM
                     FIVE   0x000726    program     static C:\Users\gerpe\OneDrive\GER-PER 2016\Documents\KennyNeutron\HUB12\20190717_MODULESB2\MODULESBNEW_SPI&FIXSCROLL.ASM
                    FONT0   0x00023b    program     static C:\Users\gerpe\OneDrive\GER-PER 2016\Documents\KennyNeutron\HUB12\20190717_MODULESB2\MODULESBNEW_SPI&FIXSCROLL.ASM
                    FONT1   0x00027d    program     static C:\Users\gerpe\OneDrive\GER-PER 2016\Documents\KennyNeutron\HUB12\20190717_MODULESB2\MODULESBNEW_SPI&FIXSCROLL.ASM
                     FOUR   0x000713    program     static C:\Users\gerpe\OneDrive\GER-PER 2016\Documents\KennyNeutron\HUB12\20190717_MODULESB2\MODULESBNEW_SPI&FIXSCROLL.ASM
                 GUESTPOS   0x0007d1    program     static C:\Users\gerpe\OneDrive\GER-PER 2016\Documents\KennyNeutron\HUB12\20190717_MODULESB2\MODULESBNEW_SPI&FIXSCROLL.ASM
                      HB1   0x000231    program     static C:\Users\gerpe\OneDrive\GER-PER 2016\Documents\KennyNeutron\HUB12\20190717_MODULESB2\MODULESBNEW_SPI&FIXSCROLL.ASM
                      HB2   0x00022b    program     static C:\Users\gerpe\OneDrive\GER-PER 2016\Documents\KennyNeutron\HUB12\20190717_MODULESB2\MODULESBNEW_SPI&FIXSCROLL.ASM
                      HB3   0x000225    program     static C:\Users\gerpe\OneDrive\GER-PER 2016\Documents\KennyNeutron\HUB12\20190717_MODULESB2\MODULESBNEW_SPI&FIXSCROLL.ASM
                      HB4   0x00021f    program     static C:\Users\gerpe\OneDrive\GER-PER 2016\Documents\KennyNeutron\HUB12\20190717_MODULESB2\MODULESBNEW_SPI&FIXSCROLL.ASM
                      HB5   0x000219    program     static C:\Users\gerpe\OneDrive\GER-PER 2016\Documents\KennyNeutron\HUB12\20190717_MODULESB2\MODULESBNEW_SPI&FIXSCROLL.ASM
                      HB6   0x000213    program     static C:\Users\gerpe\OneDrive\GER-PER 2016\Documents\KennyNeutron\HUB12\20190717_MODULESB2\MODULESBNEW_SPI&FIXSCROLL.ASM
                     HDP1   0x000237    program     static C:\Users\gerpe\OneDrive\GER-PER 2016\Documents\KennyNeutron\HUB12\20190717_MODULESB2\MODULESBNEW_SPI&FIXSCROLL.ASM
                  HOMEPOS   0x0007be    program     static C:\Users\gerpe\OneDrive\GER-PER 2016\Documents\KennyNeutron\HUB12\20190717_MODULESB2\MODULESBNEW_SPI&FIXSCROLL.ASM
                  HUBDUMP   0x000206    program     static C:\Users\gerpe\OneDrive\GER-PER 2016\Documents\KennyNeutron\HUB12\20190717_MODULESB2\MODULESBNEW_SPI&FIXSCROLL.ASM
                     INIT   0x000010    program     static C:\Users\gerpe\OneDrive\GER-PER 2016\Documents\KennyNeutron\HUB12\20190717_MODULESB2\MODULESBNEW_SPI&FIXSCROLL.ASM
              INSERT_TRAM   0x0003d7    program     static C:\Users\gerpe\OneDrive\GER-PER 2016\Documents\KennyNeutron\HUB12\20190717_MODULESB2\MODULESBNEW_SPI&FIXSCROLL.ASM
                INS_TRAM0   0x0003f1    program     static C:\Users\gerpe\OneDrive\GER-PER 2016\Documents\KennyNeutron\HUB12\20190717_MODULESB2\MODULESBNEW_SPI&FIXSCROLL.ASM
                IT_LINE00   0x0003ec    program     static C:\Users\gerpe\OneDrive\GER-PER 2016\Documents\KennyNeutron\HUB12\20190717_MODULESB2\MODULESBNEW_SPI&FIXSCROLL.ASM
                IT_LINE01   0x0003e2    program     static C:\Users\gerpe\OneDrive\GER-PER 2016\Documents\KennyNeutron\HUB12\20190717_MODULESB2\MODULESBNEW_SPI&FIXSCROLL.ASM
                IT_LINE10   0x0003e7    program     static C:\Users\gerpe\OneDrive\GER-PER 2016\Documents\KennyNeutron\HUB12\20190717_MODULESB2\MODULESBNEW_SPI&FIXSCROLL.ASM
                IT_LINE11   0x0003dd    program     static C:\Users\gerpe\OneDrive\GER-PER 2016\Documents\KennyNeutron\HUB12\20190717_MODULESB2\MODULESBNEW_SPI&FIXSCROLL.ASM
                     MAIN   0x000052    program     static C:\Users\gerpe\OneDrive\GER-PER 2016\Documents\KennyNeutron\HUB12\20190717_MODULESB2\MODULESBNEW_SPI&FIXSCROLL.ASM
                 MAINTEMP   0x000054    program     static C:\Users\gerpe\OneDrive\GER-PER 2016\Documents\KennyNeutron\HUB12\20190717_MODULESB2\MODULESBNEW_SPI&FIXSCROLL.ASM
                      MN0   0x00006f    program     static C:\Users\gerpe\OneDrive\GER-PER 2016\Documents\KennyNeutron\HUB12\20190717_MODULESB2\MODULESBNEW_SPI&FIXSCROLL.ASM
                     MSEC   0x0001fc    program     static C:\Users\gerpe\OneDrive\GER-PER 2016\Documents\KennyNeutron\HUB12\20190717_MODULESB2\MODULESBNEW_SPI&FIXSCROLL.ASM
                    MSEC0   0x000202    program     static C:\Users\gerpe\OneDrive\GER-PER 2016\Documents\KennyNeutron\HUB12\20190717_MODULESB2\MODULESBNEW_SPI&FIXSCROLL.ASM
                     NINE   0x000772    program     static C:\Users\gerpe\OneDrive\GER-PER 2016\Documents\KennyNeutron\HUB12\20190717_MODULESB2\MODULESBNEW_SPI&FIXSCROLL.ASM
                      ONE   0x0006c3    program     static C:\Users\gerpe\OneDrive\GER-PER 2016\Documents\KennyNeutron\HUB12\20190717_MODULESB2\MODULESBNEW_SPI&FIXSCROLL.ASM
                       OT   0x000785    program     static C:\Users\gerpe\OneDrive\GER-PER 2016\Documents\KennyNeutron\HUB12\20190717_MODULESB2\MODULESBNEW_SPI&FIXSCROLL.ASM
                READ8BITS   0x00085c    program     static C:\Users\gerpe\OneDrive\GER-PER 2016\Documents\KennyNeutron\HUB12\20190717_MODULESB2\MODULESBNEW_SPI&FIXSCROLL.ASM
                SCROLLING   0x00006b    program     static C:\Users\gerpe\OneDrive\GER-PER 2016\Documents\KennyNeutron\HUB12\20190717_MODULESB2\MODULESBNEW_SPI&FIXSCROLL.ASM
                    SEVEN   0x00074c    program     static C:\Users\gerpe\OneDrive\GER-PER 2016\Documents\KennyNeutron\HUB12\20190717_MODULESB2\MODULESBNEW_SPI&FIXSCROLL.ASM
                   SHFDT0   0x0002ff    program     static C:\Users\gerpe\OneDrive\GER-PER 2016\Documents\KennyNeutron\HUB12\20190717_MODULESB2\MODULESBNEW_SPI&FIXSCROLL.ASM
                   SHFDT1   0x00030d    program     static C:\Users\gerpe\OneDrive\GER-PER 2016\Documents\KennyNeutron\HUB12\20190717_MODULESB2\MODULESBNEW_SPI&FIXSCROLL.ASM
                SHIFTDATA   0x0002f7    program     static C:\Users\gerpe\OneDrive\GER-PER 2016\Documents\KennyNeutron\HUB12\20190717_MODULESB2\MODULESBNEW_SPI&FIXSCROLL.ASM
                      SIX   0x000739    program     static C:\Users\gerpe\OneDrive\GER-PER 2016\Documents\KennyNeutron\HUB12\20190717_MODULESB2\MODULESBNEW_SPI&FIXSCROLL.ASM
                  SPIGDT0   0x00085f    program     static C:\Users\gerpe\OneDrive\GER-PER 2016\Documents\KennyNeutron\HUB12\20190717_MODULESB2\MODULESBNEW_SPI&FIXSCROLL.ASM
                  SPIGDT1   0x000869    program     static C:\Users\gerpe\OneDrive\GER-PER 2016\Documents\KennyNeutron\HUB12\20190717_MODULESB2\MODULESBNEW_SPI&FIXSCROLL.ASM
               SPIGETDATA   0x000807    program     static C:\Users\gerpe\OneDrive\GER-PER 2016\Documents\KennyNeutron\HUB12\20190717_MODULESB2\MODULESBNEW_SPI&FIXSCROLL.ASM
                SW_LINE00   0x000378    program     static C:\Users\gerpe\OneDrive\GER-PER 2016\Documents\KennyNeutron\HUB12\20190717_MODULESB2\MODULESBNEW_SPI&FIXSCROLL.ASM
                SW_LINE01   0x000372    program     static C:\Users\gerpe\OneDrive\GER-PER 2016\Documents\KennyNeutron\HUB12\20190717_MODULESB2\MODULESBNEW_SPI&FIXSCROLL.ASM
                SW_LINE10   0x000375    program     static C:\Users\gerpe\OneDrive\GER-PER 2016\Documents\KennyNeutron\HUB12\20190717_MODULESB2\MODULESBNEW_SPI&FIXSCROLL.ASM
                SW_LINE11   0x00036f    program     static C:\Users\gerpe\OneDrive\GER-PER 2016\Documents\KennyNeutron\HUB12\20190717_MODULESB2\MODULESBNEW_SPI&FIXSCROLL.ASM
                   TDUMP1   0x000369    program     static C:\Users\gerpe\OneDrive\GER-PER 2016\Documents\KennyNeutron\HUB12\20190717_MODULESB2\MODULESBNEW_SPI&FIXSCROLL.ASM
                   TDUMP2   0x000341    program     static C:\Users\gerpe\OneDrive\GER-PER 2016\Documents\KennyNeutron\HUB12\20190717_MODULESB2\MODULESBNEW_SPI&FIXSCROLL.ASM
                   TDUMP3   0x00034f    program     static C:\Users\gerpe\OneDrive\GER-PER 2016\Documents\KennyNeutron\HUB12\20190717_MODULESB2\MODULESBNEW_SPI&FIXSCROLL.ASM
               TDUMP_HUB1   0x00035d    program     static C:\Users\gerpe\OneDrive\GER-PER 2016\Documents\KennyNeutron\HUB12\20190717_MODULESB2\MODULESBNEW_SPI&FIXSCROLL.ASM
               TDUMP_HUB3   0x000363    program     static C:\Users\gerpe\OneDrive\GER-PER 2016\Documents\KennyNeutron\HUB12\20190717_MODULESB2\MODULESBNEW_SPI&FIXSCROLL.ASM
                    THREE   0x0006e9    program     static C:\Users\gerpe\OneDrive\GER-PER 2016\Documents\KennyNeutron\HUB12\20190717_MODULESB2\MODULESBNEW_SPI&FIXSCROLL.ASM
                 TRAMDUMP   0x000330    program     static C:\Users\gerpe\OneDrive\GER-PER 2016\Documents\KennyNeutron\HUB12\20190717_MODULESB2\MODULESBNEW_SPI&FIXSCROLL.ASM
              TRAMHT_HUB3   0x000442    program     static C:\Users\gerpe\OneDrive\GER-PER 2016\Documents\KennyNeutron\HUB12\20190717_MODULESB2\MODULESBNEW_SPI&FIXSCROLL.ASM
          TRAM_CURSORTEST   0x00041a    program     static C:\Users\gerpe\OneDrive\GER-PER 2016\Documents\KennyNeutron\HUB12\20190717_MODULESB2\MODULESBNEW_SPI&FIXSCROLL.ASM
             TRAM_HUBTEST   0x000434    program     static C:\Users\gerpe\OneDrive\GER-PER 2016\Documents\KennyNeutron\HUB12\20190717_MODULESB2\MODULESBNEW_SPI&FIXSCROLL.ASM
              TRAM_SHIFTR   0x0003b8    program     static C:\Users\gerpe\OneDrive\GER-PER 2016\Documents\KennyNeutron\HUB12\20190717_MODULESB2\MODULESBNEW_SPI&FIXSCROLL.ASM
                     TRS0   0x0003c4    program     static C:\Users\gerpe\OneDrive\GER-PER 2016\Documents\KennyNeutron\HUB12\20190717_MODULESB2\MODULESBNEW_SPI&FIXSCROLL.ASM
                     TRS1   0x0003bf    program     static C:\Users\gerpe\OneDrive\GER-PER 2016\Documents\KennyNeutron\HUB12\20190717_MODULESB2\MODULESBNEW_SPI&FIXSCROLL.ASM
                      TWO   0x0006d6    program     static C:\Users\gerpe\OneDrive\GER-PER 2016\Documents\KennyNeutron\HUB12\20190717_MODULESB2\MODULESBNEW_SPI&FIXSCROLL.ASM
                   T_CHAR   0x000500    program     static C:\Users\gerpe\OneDrive\GER-PER 2016\Documents\KennyNeutron\HUB12\20190717_MODULESB2\MODULESBNEW_SPI&FIXSCROLL.ASM
                  T_CHARB   0x000600    program     static C:\Users\gerpe\OneDrive\GER-PER 2016\Documents\KennyNeutron\HUB12\20190717_MODULESB2\MODULESBNEW_SPI&FIXSCROLL.ASM
                  T_CSRT0   0x00042c    program     static C:\Users\gerpe\OneDrive\GER-PER 2016\Documents\KennyNeutron\HUB12\20190717_MODULESB2\MODULESBNEW_SPI&FIXSCROLL.ASM
                  T_CSRT1   0x000430    program     static C:\Users\gerpe\OneDrive\GER-PER 2016\Documents\KennyNeutron\HUB12\20190717_MODULESB2\MODULESBNEW_SPI&FIXSCROLL.ASM
                  T_EIGHT   0x000654    program     static C:\Users\gerpe\OneDrive\GER-PER 2016\Documents\KennyNeutron\HUB12\20190717_MODULESB2\MODULESBNEW_SPI&FIXSCROLL.ASM
                   T_FIVE   0x0005bf    program     static C:\Users\gerpe\OneDrive\GER-PER 2016\Documents\KennyNeutron\HUB12\20190717_MODULESB2\MODULESBNEW_SPI&FIXSCROLL.ASM
                   T_FOUR   0x00059c    program     static C:\Users\gerpe\OneDrive\GER-PER 2016\Documents\KennyNeutron\HUB12\20190717_MODULESB2\MODULESBNEW_SPI&FIXSCROLL.ASM
                   T_NINE   0x000677    program     static C:\Users\gerpe\OneDrive\GER-PER 2016\Documents\KennyNeutron\HUB12\20190717_MODULESB2\MODULESBNEW_SPI&FIXSCROLL.ASM
                    T_ONE   0x000533    program     static C:\Users\gerpe\OneDrive\GER-PER 2016\Documents\KennyNeutron\HUB12\20190717_MODULESB2\MODULESBNEW_SPI&FIXSCROLL.ASM
                  T_SEVEN   0x000631    program     static C:\Users\gerpe\OneDrive\GER-PER 2016\Documents\KennyNeutron\HUB12\20190717_MODULESB2\MODULESBNEW_SPI&FIXSCROLL.ASM
                    T_SIX   0x00060e    program     static C:\Users\gerpe\OneDrive\GER-PER 2016\Documents\KennyNeutron\HUB12\20190717_MODULESB2\MODULESBNEW_SPI&FIXSCROLL.ASM
                  T_THREE   0x000579    program     static C:\Users\gerpe\OneDrive\GER-PER 2016\Documents\KennyNeutron\HUB12\20190717_MODULESB2\MODULESBNEW_SPI&FIXSCROLL.ASM
                    T_TWO   0x000556    program     static C:\Users\gerpe\OneDrive\GER-PER 2016\Documents\KennyNeutron\HUB12\20190717_MODULESB2\MODULESBNEW_SPI&FIXSCROLL.ASM
                   T_ZERO   0x000510    program     static C:\Users\gerpe\OneDrive\GER-PER 2016\Documents\KennyNeutron\HUB12\20190717_MODULESB2\MODULESBNEW_SPI&FIXSCROLL.ASM
                     USEC   0x0001f3    program     static C:\Users\gerpe\OneDrive\GER-PER 2016\Documents\KennyNeutron\HUB12\20190717_MODULESB2\MODULESBNEW_SPI&FIXSCROLL.ASM
               WRITE_TRAM   0x0003f7    program     static C:\Users\gerpe\OneDrive\GER-PER 2016\Documents\KennyNeutron\HUB12\20190717_MODULESB2\MODULESBNEW_SPI&FIXSCROLL.ASM
                   WTRAM0   0x0003f9    program     static C:\Users\gerpe\OneDrive\GER-PER 2016\Documents\KennyNeutron\HUB12\20190717_MODULESB2\MODULESBNEW_SPI&FIXSCROLL.ASM
                   WTRAM1   0x00040a    program     static C:\Users\gerpe\OneDrive\GER-PER 2016\Documents\KennyNeutron\HUB12\20190717_MODULESB2\MODULESBNEW_SPI&FIXSCROLL.ASM
                     ZERO   0x0006b0    program     static C:\Users\gerpe\OneDrive\GER-PER 2016\Documents\KennyNeutron\HUB12\20190717_MODULESB2\MODULESBNEW_SPI&FIXSCROLL.ASM



                              Symbols - Sorted by Address
                     Name    Address   Location    Storage File                     
                ---------  ---------  ---------  --------- ---------                
                     INIT   0x000010    program     static C:\Users\gerpe\OneDrive\GER-PER 2016\Documents\KennyNeutron\HUB12\20190717_MODULESB2\MODULESBNEW_SPI&FIXSCROLL.ASM
                     MAIN   0x000052    program     static C:\Users\gerpe\OneDrive\GER-PER 2016\Documents\KennyNeutron\HUB12\20190717_MODULESB2\MODULESBNEW_SPI&FIXSCROLL.ASM
                 MAINTEMP   0x000054    program     static C:\Users\gerpe\OneDrive\GER-PER 2016\Documents\KennyNeutron\HUB12\20190717_MODULESB2\MODULESBNEW_SPI&FIXSCROLL.ASM
                SCROLLING   0x00006b    program     static C:\Users\gerpe\OneDrive\GER-PER 2016\Documents\KennyNeutron\HUB12\20190717_MODULESB2\MODULESBNEW_SPI&FIXSCROLL.ASM
                      MN0   0x00006f    program     static C:\Users\gerpe\OneDrive\GER-PER 2016\Documents\KennyNeutron\HUB12\20190717_MODULESB2\MODULESBNEW_SPI&FIXSCROLL.ASM
                DATALATCH   0x000077    program     static C:\Users\gerpe\OneDrive\GER-PER 2016\Documents\KennyNeutron\HUB12\20190717_MODULESB2\MODULESBNEW_SPI&FIXSCROLL.ASM
                     DSP0   0x00007b    program     static C:\Users\gerpe\OneDrive\GER-PER 2016\Documents\KennyNeutron\HUB12\20190717_MODULESB2\MODULESBNEW_SPI&FIXSCROLL.ASM
                  DISPLAY   0x000088    program     static C:\Users\gerpe\OneDrive\GER-PER 2016\Documents\KennyNeutron\HUB12\20190717_MODULESB2\MODULESBNEW_SPI&FIXSCROLL.ASM
                  DISPHUB   0x0000b7    program     static C:\Users\gerpe\OneDrive\GER-PER 2016\Documents\KennyNeutron\HUB12\20190717_MODULESB2\MODULESBNEW_SPI&FIXSCROLL.ASM
                    CONT1   0x000135    program     static C:\Users\gerpe\OneDrive\GER-PER 2016\Documents\KennyNeutron\HUB12\20190717_MODULESB2\MODULESBNEW_SPI&FIXSCROLL.ASM
                    CONT2   0x00013f    program     static C:\Users\gerpe\OneDrive\GER-PER 2016\Documents\KennyNeutron\HUB12\20190717_MODULESB2\MODULESBNEW_SPI&FIXSCROLL.ASM
                    CONT3   0x000145    program     static C:\Users\gerpe\OneDrive\GER-PER 2016\Documents\KennyNeutron\HUB12\20190717_MODULESB2\MODULESBNEW_SPI&FIXSCROLL.ASM
                    CONT4   0x00014f    program     static C:\Users\gerpe\OneDrive\GER-PER 2016\Documents\KennyNeutron\HUB12\20190717_MODULESB2\MODULESBNEW_SPI&FIXSCROLL.ASM
                    CONT5   0x000155    program     static C:\Users\gerpe\OneDrive\GER-PER 2016\Documents\KennyNeutron\HUB12\20190717_MODULESB2\MODULESBNEW_SPI&FIXSCROLL.ASM
                    CONT6   0x00015f    program     static C:\Users\gerpe\OneDrive\GER-PER 2016\Documents\KennyNeutron\HUB12\20190717_MODULESB2\MODULESBNEW_SPI&FIXSCROLL.ASM
                   CONT11   0x00016a    program     static C:\Users\gerpe\OneDrive\GER-PER 2016\Documents\KennyNeutron\HUB12\20190717_MODULESB2\MODULESBNEW_SPI&FIXSCROLL.ASM
                   CONT12   0x000174    program     static C:\Users\gerpe\OneDrive\GER-PER 2016\Documents\KennyNeutron\HUB12\20190717_MODULESB2\MODULESBNEW_SPI&FIXSCROLL.ASM
                   CONT13   0x00017a    program     static C:\Users\gerpe\OneDrive\GER-PER 2016\Documents\KennyNeutron\HUB12\20190717_MODULESB2\MODULESBNEW_SPI&FIXSCROLL.ASM
                   CONT14   0x000184    program     static C:\Users\gerpe\OneDrive\GER-PER 2016\Documents\KennyNeutron\HUB12\20190717_MODULESB2\MODULESBNEW_SPI&FIXSCROLL.ASM
                   CONT15   0x00018a    program     static C:\Users\gerpe\OneDrive\GER-PER 2016\Documents\KennyNeutron\HUB12\20190717_MODULESB2\MODULESBNEW_SPI&FIXSCROLL.ASM
                   CONT16   0x000194    program     static C:\Users\gerpe\OneDrive\GER-PER 2016\Documents\KennyNeutron\HUB12\20190717_MODULESB2\MODULESBNEW_SPI&FIXSCROLL.ASM
       DONTSCROLLHUB1DIG2   0x0001a1    program     static C:\Users\gerpe\OneDrive\GER-PER 2016\Documents\KennyNeutron\HUB12\20190717_MODULESB2\MODULESBNEW_SPI&FIXSCROLL.ASM
       DONTSCROLLHUB1DIG1   0x0001ab    program     static C:\Users\gerpe\OneDrive\GER-PER 2016\Documents\KennyNeutron\HUB12\20190717_MODULESB2\MODULESBNEW_SPI&FIXSCROLL.ASM
       DONTSCROLLHUB1DIG0   0x0001b5    program     static C:\Users\gerpe\OneDrive\GER-PER 2016\Documents\KennyNeutron\HUB12\20190717_MODULESB2\MODULESBNEW_SPI&FIXSCROLL.ASM
       DONTSCROLLHUB3DIG2   0x0001bf    program     static C:\Users\gerpe\OneDrive\GER-PER 2016\Documents\KennyNeutron\HUB12\20190717_MODULESB2\MODULESBNEW_SPI&FIXSCROLL.ASM
       DONTSCROLLHUB3DIG1   0x0001c9    program     static C:\Users\gerpe\OneDrive\GER-PER 2016\Documents\KennyNeutron\HUB12\20190717_MODULESB2\MODULESBNEW_SPI&FIXSCROLL.ASM
       DONTSCROLLHUB3DIG0   0x0001d3    program     static C:\Users\gerpe\OneDrive\GER-PER 2016\Documents\KennyNeutron\HUB12\20190717_MODULESB2\MODULESBNEW_SPI&FIXSCROLL.ASM
                    CLRAM   0x0001dd    program     static C:\Users\gerpe\OneDrive\GER-PER 2016\Documents\KennyNeutron\HUB12\20190717_MODULESB2\MODULESBNEW_SPI&FIXSCROLL.ASM
                     CLR0   0x0001e3    program     static C:\Users\gerpe\OneDrive\GER-PER 2016\Documents\KennyNeutron\HUB12\20190717_MODULESB2\MODULESBNEW_SPI&FIXSCROLL.ASM
                     CLR1   0x0001ec    program     static C:\Users\gerpe\OneDrive\GER-PER 2016\Documents\KennyNeutron\HUB12\20190717_MODULESB2\MODULESBNEW_SPI&FIXSCROLL.ASM
                 DELAY_US   0x0001f2    program     static C:\Users\gerpe\OneDrive\GER-PER 2016\Documents\KennyNeutron\HUB12\20190717_MODULESB2\MODULESBNEW_SPI&FIXSCROLL.ASM
                     USEC   0x0001f3    program     static C:\Users\gerpe\OneDrive\GER-PER 2016\Documents\KennyNeutron\HUB12\20190717_MODULESB2\MODULESBNEW_SPI&FIXSCROLL.ASM
              DELAY_ONEMS   0x0001fa    program     static C:\Users\gerpe\OneDrive\GER-PER 2016\Documents\KennyNeutron\HUB12\20190717_MODULESB2\MODULESBNEW_SPI&FIXSCROLL.ASM
                     MSEC   0x0001fc    program     static C:\Users\gerpe\OneDrive\GER-PER 2016\Documents\KennyNeutron\HUB12\20190717_MODULESB2\MODULESBNEW_SPI&FIXSCROLL.ASM
                 DELAY_MS   0x000201    program     static C:\Users\gerpe\OneDrive\GER-PER 2016\Documents\KennyNeutron\HUB12\20190717_MODULESB2\MODULESBNEW_SPI&FIXSCROLL.ASM
                    MSEC0   0x000202    program     static C:\Users\gerpe\OneDrive\GER-PER 2016\Documents\KennyNeutron\HUB12\20190717_MODULESB2\MODULESBNEW_SPI&FIXSCROLL.ASM
                  HUBDUMP   0x000206    program     static C:\Users\gerpe\OneDrive\GER-PER 2016\Documents\KennyNeutron\HUB12\20190717_MODULESB2\MODULESBNEW_SPI&FIXSCROLL.ASM
                      HB6   0x000213    program     static C:\Users\gerpe\OneDrive\GER-PER 2016\Documents\KennyNeutron\HUB12\20190717_MODULESB2\MODULESBNEW_SPI&FIXSCROLL.ASM
                      HB5   0x000219    program     static C:\Users\gerpe\OneDrive\GER-PER 2016\Documents\KennyNeutron\HUB12\20190717_MODULESB2\MODULESBNEW_SPI&FIXSCROLL.ASM
                      HB4   0x00021f    program     static C:\Users\gerpe\OneDrive\GER-PER 2016\Documents\KennyNeutron\HUB12\20190717_MODULESB2\MODULESBNEW_SPI&FIXSCROLL.ASM
                      HB3   0x000225    program     static C:\Users\gerpe\OneDrive\GER-PER 2016\Documents\KennyNeutron\HUB12\20190717_MODULESB2\MODULESBNEW_SPI&FIXSCROLL.ASM
                      HB2   0x00022b    program     static C:\Users\gerpe\OneDrive\GER-PER 2016\Documents\KennyNeutron\HUB12\20190717_MODULESB2\MODULESBNEW_SPI&FIXSCROLL.ASM
                      HB1   0x000231    program     static C:\Users\gerpe\OneDrive\GER-PER 2016\Documents\KennyNeutron\HUB12\20190717_MODULESB2\MODULESBNEW_SPI&FIXSCROLL.ASM
                     HDP1   0x000237    program     static C:\Users\gerpe\OneDrive\GER-PER 2016\Documents\KennyNeutron\HUB12\20190717_MODULESB2\MODULESBNEW_SPI&FIXSCROLL.ASM
                    FONT0   0x00023b    program     static C:\Users\gerpe\OneDrive\GER-PER 2016\Documents\KennyNeutron\HUB12\20190717_MODULESB2\MODULESBNEW_SPI&FIXSCROLL.ASM
                F0_LINE11   0x000241    program     static C:\Users\gerpe\OneDrive\GER-PER 2016\Documents\KennyNeutron\HUB12\20190717_MODULESB2\MODULESBNEW_SPI&FIXSCROLL.ASM
                   F0LN11   0x000247    program     static C:\Users\gerpe\OneDrive\GER-PER 2016\Documents\KennyNeutron\HUB12\20190717_MODULESB2\MODULESBNEW_SPI&FIXSCROLL.ASM
                F0_LINE01   0x000250    program     static C:\Users\gerpe\OneDrive\GER-PER 2016\Documents\KennyNeutron\HUB12\20190717_MODULESB2\MODULESBNEW_SPI&FIXSCROLL.ASM
                   F0LN01   0x000256    program     static C:\Users\gerpe\OneDrive\GER-PER 2016\Documents\KennyNeutron\HUB12\20190717_MODULESB2\MODULESBNEW_SPI&FIXSCROLL.ASM
                F0_LINE10   0x00025f    program     static C:\Users\gerpe\OneDrive\GER-PER 2016\Documents\KennyNeutron\HUB12\20190717_MODULESB2\MODULESBNEW_SPI&FIXSCROLL.ASM
                   F0LN10   0x000265    program     static C:\Users\gerpe\OneDrive\GER-PER 2016\Documents\KennyNeutron\HUB12\20190717_MODULESB2\MODULESBNEW_SPI&FIXSCROLL.ASM
                F0_LINE00   0x00026e    program     static C:\Users\gerpe\OneDrive\GER-PER 2016\Documents\KennyNeutron\HUB12\20190717_MODULESB2\MODULESBNEW_SPI&FIXSCROLL.ASM
                   F0LN00   0x000274    program     static C:\Users\gerpe\OneDrive\GER-PER 2016\Documents\KennyNeutron\HUB12\20190717_MODULESB2\MODULESBNEW_SPI&FIXSCROLL.ASM
                    FONT1   0x00027d    program     static C:\Users\gerpe\OneDrive\GER-PER 2016\Documents\KennyNeutron\HUB12\20190717_MODULESB2\MODULESBNEW_SPI&FIXSCROLL.ASM
                F1_LINE11   0x000283    program     static C:\Users\gerpe\OneDrive\GER-PER 2016\Documents\KennyNeutron\HUB12\20190717_MODULESB2\MODULESBNEW_SPI&FIXSCROLL.ASM
                   F1LN11   0x000289    program     static C:\Users\gerpe\OneDrive\GER-PER 2016\Documents\KennyNeutron\HUB12\20190717_MODULESB2\MODULESBNEW_SPI&FIXSCROLL.ASM
                  F1LN112   0x000297    program     static C:\Users\gerpe\OneDrive\GER-PER 2016\Documents\KennyNeutron\HUB12\20190717_MODULESB2\MODULESBNEW_SPI&FIXSCROLL.ASM
                F1_LINE01   0x0002a0    program     static C:\Users\gerpe\OneDrive\GER-PER 2016\Documents\KennyNeutron\HUB12\20190717_MODULESB2\MODULESBNEW_SPI&FIXSCROLL.ASM
                   F1LN01   0x0002a6    program     static C:\Users\gerpe\OneDrive\GER-PER 2016\Documents\KennyNeutron\HUB12\20190717_MODULESB2\MODULESBNEW_SPI&FIXSCROLL.ASM
                  F1LN012   0x0002b4    program     static C:\Users\gerpe\OneDrive\GER-PER 2016\Documents\KennyNeutron\HUB12\20190717_MODULESB2\MODULESBNEW_SPI&FIXSCROLL.ASM
                F1_LINE10   0x0002bd    program     static C:\Users\gerpe\OneDrive\GER-PER 2016\Documents\KennyNeutron\HUB12\20190717_MODULESB2\MODULESBNEW_SPI&FIXSCROLL.ASM
                   F1LN10   0x0002c3    program     static C:\Users\gerpe\OneDrive\GER-PER 2016\Documents\KennyNeutron\HUB12\20190717_MODULESB2\MODULESBNEW_SPI&FIXSCROLL.ASM
                  F1LN102   0x0002d1    program     static C:\Users\gerpe\OneDrive\GER-PER 2016\Documents\KennyNeutron\HUB12\20190717_MODULESB2\MODULESBNEW_SPI&FIXSCROLL.ASM
                F1_LINE00   0x0002da    program     static C:\Users\gerpe\OneDrive\GER-PER 2016\Documents\KennyNeutron\HUB12\20190717_MODULESB2\MODULESBNEW_SPI&FIXSCROLL.ASM
                   F1LN00   0x0002e0    program     static C:\Users\gerpe\OneDrive\GER-PER 2016\Documents\KennyNeutron\HUB12\20190717_MODULESB2\MODULESBNEW_SPI&FIXSCROLL.ASM
                  F1LN002   0x0002ee    program     static C:\Users\gerpe\OneDrive\GER-PER 2016\Documents\KennyNeutron\HUB12\20190717_MODULESB2\MODULESBNEW_SPI&FIXSCROLL.ASM
                SHIFTDATA   0x0002f7    program     static C:\Users\gerpe\OneDrive\GER-PER 2016\Documents\KennyNeutron\HUB12\20190717_MODULESB2\MODULESBNEW_SPI&FIXSCROLL.ASM
                   SHFDT0   0x0002ff    program     static C:\Users\gerpe\OneDrive\GER-PER 2016\Documents\KennyNeutron\HUB12\20190717_MODULESB2\MODULESBNEW_SPI&FIXSCROLL.ASM
                   SHFDT1   0x00030d    program     static C:\Users\gerpe\OneDrive\GER-PER 2016\Documents\KennyNeutron\HUB12\20190717_MODULESB2\MODULESBNEW_SPI&FIXSCROLL.ASM
               CURSORTEST   0x000310    program     static C:\Users\gerpe\OneDrive\GER-PER 2016\Documents\KennyNeutron\HUB12\20190717_MODULESB2\MODULESBNEW_SPI&FIXSCROLL.ASM
                    CSRT0   0x000324    program     static C:\Users\gerpe\OneDrive\GER-PER 2016\Documents\KennyNeutron\HUB12\20190717_MODULESB2\MODULESBNEW_SPI&FIXSCROLL.ASM
                    CSRT1   0x00032a    program     static C:\Users\gerpe\OneDrive\GER-PER 2016\Documents\KennyNeutron\HUB12\20190717_MODULESB2\MODULESBNEW_SPI&FIXSCROLL.ASM
                 TRAMDUMP   0x000330    program     static C:\Users\gerpe\OneDrive\GER-PER 2016\Documents\KennyNeutron\HUB12\20190717_MODULESB2\MODULESBNEW_SPI&FIXSCROLL.ASM
                   TDUMP2   0x000341    program     static C:\Users\gerpe\OneDrive\GER-PER 2016\Documents\KennyNeutron\HUB12\20190717_MODULESB2\MODULESBNEW_SPI&FIXSCROLL.ASM
                   TDUMP3   0x00034f    program     static C:\Users\gerpe\OneDrive\GER-PER 2016\Documents\KennyNeutron\HUB12\20190717_MODULESB2\MODULESBNEW_SPI&FIXSCROLL.ASM
               TDUMP_HUB1   0x00035d    program     static C:\Users\gerpe\OneDrive\GER-PER 2016\Documents\KennyNeutron\HUB12\20190717_MODULESB2\MODULESBNEW_SPI&FIXSCROLL.ASM
               TDUMP_HUB3   0x000363    program     static C:\Users\gerpe\OneDrive\GER-PER 2016\Documents\KennyNeutron\HUB12\20190717_MODULESB2\MODULESBNEW_SPI&FIXSCROLL.ASM
                   TDUMP1   0x000369    program     static C:\Users\gerpe\OneDrive\GER-PER 2016\Documents\KennyNeutron\HUB12\20190717_MODULESB2\MODULESBNEW_SPI&FIXSCROLL.ASM
                SW_LINE11   0x00036f    program     static C:\Users\gerpe\OneDrive\GER-PER 2016\Documents\KennyNeutron\HUB12\20190717_MODULESB2\MODULESBNEW_SPI&FIXSCROLL.ASM
                SW_LINE01   0x000372    program     static C:\Users\gerpe\OneDrive\GER-PER 2016\Documents\KennyNeutron\HUB12\20190717_MODULESB2\MODULESBNEW_SPI&FIXSCROLL.ASM
                SW_LINE10   0x000375    program     static C:\Users\gerpe\OneDrive\GER-PER 2016\Documents\KennyNeutron\HUB12\20190717_MODULESB2\MODULESBNEW_SPI&FIXSCROLL.ASM
                SW_LINE00   0x000378    program     static C:\Users\gerpe\OneDrive\GER-PER 2016\Documents\KennyNeutron\HUB12\20190717_MODULESB2\MODULESBNEW_SPI&FIXSCROLL.ASM
         CLR_AFFECTEDBITS   0x00037c    program     static C:\Users\gerpe\OneDrive\GER-PER 2016\Documents\KennyNeutron\HUB12\20190717_MODULESB2\MODULESBNEW_SPI&FIXSCROLL.ASM
                CLR_ABIT0   0x00037e    program     static C:\Users\gerpe\OneDrive\GER-PER 2016\Documents\KennyNeutron\HUB12\20190717_MODULESB2\MODULESBNEW_SPI&FIXSCROLL.ASM
    CLR_AFFECTEDBITS_LEFT   0x00038c    program     static C:\Users\gerpe\OneDrive\GER-PER 2016\Documents\KennyNeutron\HUB12\20190717_MODULESB2\MODULESBNEW_SPI&FIXSCROLL.ASM
                 CLR_LAF7   0x00039a    program     static C:\Users\gerpe\OneDrive\GER-PER 2016\Documents\KennyNeutron\HUB12\20190717_MODULESB2\MODULESBNEW_SPI&FIXSCROLL.ASM
                 CLR_LAF6   0x00039b    program     static C:\Users\gerpe\OneDrive\GER-PER 2016\Documents\KennyNeutron\HUB12\20190717_MODULESB2\MODULESBNEW_SPI&FIXSCROLL.ASM
                 CLR_LAF5   0x00039c    program     static C:\Users\gerpe\OneDrive\GER-PER 2016\Documents\KennyNeutron\HUB12\20190717_MODULESB2\MODULESBNEW_SPI&FIXSCROLL.ASM
                 CLR_LAF4   0x00039d    program     static C:\Users\gerpe\OneDrive\GER-PER 2016\Documents\KennyNeutron\HUB12\20190717_MODULESB2\MODULESBNEW_SPI&FIXSCROLL.ASM
                 CLR_LAF3   0x00039e    program     static C:\Users\gerpe\OneDrive\GER-PER 2016\Documents\KennyNeutron\HUB12\20190717_MODULESB2\MODULESBNEW_SPI&FIXSCROLL.ASM
                 CLR_LAF2   0x00039f    program     static C:\Users\gerpe\OneDrive\GER-PER 2016\Documents\KennyNeutron\HUB12\20190717_MODULESB2\MODULESBNEW_SPI&FIXSCROLL.ASM
                 CLR_LAF1   0x0003a0    program     static C:\Users\gerpe\OneDrive\GER-PER 2016\Documents\KennyNeutron\HUB12\20190717_MODULESB2\MODULESBNEW_SPI&FIXSCROLL.ASM
   CLR_AFFECTEDBITS_RIGHT   0x0003a2    program     static C:\Users\gerpe\OneDrive\GER-PER 2016\Documents\KennyNeutron\HUB12\20190717_MODULESB2\MODULESBNEW_SPI&FIXSCROLL.ASM
                 CLR_RAF7   0x0003b0    program     static C:\Users\gerpe\OneDrive\GER-PER 2016\Documents\KennyNeutron\HUB12\20190717_MODULESB2\MODULESBNEW_SPI&FIXSCROLL.ASM
                 CLR_RAF6   0x0003b1    program     static C:\Users\gerpe\OneDrive\GER-PER 2016\Documents\KennyNeutron\HUB12\20190717_MODULESB2\MODULESBNEW_SPI&FIXSCROLL.ASM
                 CLR_RAF5   0x0003b2    program     static C:\Users\gerpe\OneDrive\GER-PER 2016\Documents\KennyNeutron\HUB12\20190717_MODULESB2\MODULESBNEW_SPI&FIXSCROLL.ASM
                 CLR_RAF4   0x0003b3    program     static C:\Users\gerpe\OneDrive\GER-PER 2016\Documents\KennyNeutron\HUB12\20190717_MODULESB2\MODULESBNEW_SPI&FIXSCROLL.ASM
                 CLR_RAF3   0x0003b4    program     static C:\Users\gerpe\OneDrive\GER-PER 2016\Documents\KennyNeutron\HUB12\20190717_MODULESB2\MODULESBNEW_SPI&FIXSCROLL.ASM
                 CLR_RAF2   0x0003b5    program     static C:\Users\gerpe\OneDrive\GER-PER 2016\Documents\KennyNeutron\HUB12\20190717_MODULESB2\MODULESBNEW_SPI&FIXSCROLL.ASM
                 CLR_RAF1   0x0003b6    program     static C:\Users\gerpe\OneDrive\GER-PER 2016\Documents\KennyNeutron\HUB12\20190717_MODULESB2\MODULESBNEW_SPI&FIXSCROLL.ASM
              TRAM_SHIFTR   0x0003b8    program     static C:\Users\gerpe\OneDrive\GER-PER 2016\Documents\KennyNeutron\HUB12\20190717_MODULESB2\MODULESBNEW_SPI&FIXSCROLL.ASM
                     TRS1   0x0003bf    program     static C:\Users\gerpe\OneDrive\GER-PER 2016\Documents\KennyNeutron\HUB12\20190717_MODULESB2\MODULESBNEW_SPI&FIXSCROLL.ASM
                     TRS0   0x0003c4    program     static C:\Users\gerpe\OneDrive\GER-PER 2016\Documents\KennyNeutron\HUB12\20190717_MODULESB2\MODULESBNEW_SPI&FIXSCROLL.ASM
                  CLRTRAM   0x0003cd    program     static C:\Users\gerpe\OneDrive\GER-PER 2016\Documents\KennyNeutron\HUB12\20190717_MODULESB2\MODULESBNEW_SPI&FIXSCROLL.ASM
                    CLRT0   0x0003d1    program     static C:\Users\gerpe\OneDrive\GER-PER 2016\Documents\KennyNeutron\HUB12\20190717_MODULESB2\MODULESBNEW_SPI&FIXSCROLL.ASM
              INSERT_TRAM   0x0003d7    program     static C:\Users\gerpe\OneDrive\GER-PER 2016\Documents\KennyNeutron\HUB12\20190717_MODULESB2\MODULESBNEW_SPI&FIXSCROLL.ASM
                IT_LINE11   0x0003dd    program     static C:\Users\gerpe\OneDrive\GER-PER 2016\Documents\KennyNeutron\HUB12\20190717_MODULESB2\MODULESBNEW_SPI&FIXSCROLL.ASM
                IT_LINE01   0x0003e2    program     static C:\Users\gerpe\OneDrive\GER-PER 2016\Documents\KennyNeutron\HUB12\20190717_MODULESB2\MODULESBNEW_SPI&FIXSCROLL.ASM
                IT_LINE10   0x0003e7    program     static C:\Users\gerpe\OneDrive\GER-PER 2016\Documents\KennyNeutron\HUB12\20190717_MODULESB2\MODULESBNEW_SPI&FIXSCROLL.ASM
                IT_LINE00   0x0003ec    program     static C:\Users\gerpe\OneDrive\GER-PER 2016\Documents\KennyNeutron\HUB12\20190717_MODULESB2\MODULESBNEW_SPI&FIXSCROLL.ASM
                INS_TRAM0   0x0003f1    program     static C:\Users\gerpe\OneDrive\GER-PER 2016\Documents\KennyNeutron\HUB12\20190717_MODULESB2\MODULESBNEW_SPI&FIXSCROLL.ASM
               WRITE_TRAM   0x0003f7    program     static C:\Users\gerpe\OneDrive\GER-PER 2016\Documents\KennyNeutron\HUB12\20190717_MODULESB2\MODULESBNEW_SPI&FIXSCROLL.ASM
                   WTRAM0   0x0003f9    program     static C:\Users\gerpe\OneDrive\GER-PER 2016\Documents\KennyNeutron\HUB12\20190717_MODULESB2\MODULESBNEW_SPI&FIXSCROLL.ASM
                   WTRAM1   0x00040a    program     static C:\Users\gerpe\OneDrive\GER-PER 2016\Documents\KennyNeutron\HUB12\20190717_MODULESB2\MODULESBNEW_SPI&FIXSCROLL.ASM
          TRAM_CURSORTEST   0x00041a    program     static C:\Users\gerpe\OneDrive\GER-PER 2016\Documents\KennyNeutron\HUB12\20190717_MODULESB2\MODULESBNEW_SPI&FIXSCROLL.ASM
                  T_CSRT0   0x00042c    program     static C:\Users\gerpe\OneDrive\GER-PER 2016\Documents\KennyNeutron\HUB12\20190717_MODULESB2\MODULESBNEW_SPI&FIXSCROLL.ASM
                  T_CSRT1   0x000430    program     static C:\Users\gerpe\OneDrive\GER-PER 2016\Documents\KennyNeutron\HUB12\20190717_MODULESB2\MODULESBNEW_SPI&FIXSCROLL.ASM
             TRAM_HUBTEST   0x000434    program     static C:\Users\gerpe\OneDrive\GER-PER 2016\Documents\KennyNeutron\HUB12\20190717_MODULESB2\MODULESBNEW_SPI&FIXSCROLL.ASM
              TRAMHT_HUB3   0x000442    program     static C:\Users\gerpe\OneDrive\GER-PER 2016\Documents\KennyNeutron\HUB12\20190717_MODULESB2\MODULESBNEW_SPI&FIXSCROLL.ASM
                   T_CHAR   0x000500    program     static C:\Users\gerpe\OneDrive\GER-PER 2016\Documents\KennyNeutron\HUB12\20190717_MODULESB2\MODULESBNEW_SPI&FIXSCROLL.ASM
                   T_ZERO   0x000510    program     static C:\Users\gerpe\OneDrive\GER-PER 2016\Documents\KennyNeutron\HUB12\20190717_MODULESB2\MODULESBNEW_SPI&FIXSCROLL.ASM
                    T_ONE   0x000533    program     static C:\Users\gerpe\OneDrive\GER-PER 2016\Documents\KennyNeutron\HUB12\20190717_MODULESB2\MODULESBNEW_SPI&FIXSCROLL.ASM
                    T_TWO   0x000556    program     static C:\Users\gerpe\OneDrive\GER-PER 2016\Documents\KennyNeutron\HUB12\20190717_MODULESB2\MODULESBNEW_SPI&FIXSCROLL.ASM
                  T_THREE   0x000579    program     static C:\Users\gerpe\OneDrive\GER-PER 2016\Documents\KennyNeutron\HUB12\20190717_MODULESB2\MODULESBNEW_SPI&FIXSCROLL.ASM
                   T_FOUR   0x00059c    program     static C:\Users\gerpe\OneDrive\GER-PER 2016\Documents\KennyNeutron\HUB12\20190717_MODULESB2\MODULESBNEW_SPI&FIXSCROLL.ASM
                   T_FIVE   0x0005bf    program     static C:\Users\gerpe\OneDrive\GER-PER 2016\Documents\KennyNeutron\HUB12\20190717_MODULESB2\MODULESBNEW_SPI&FIXSCROLL.ASM
                  T_CHARB   0x000600    program     static C:\Users\gerpe\OneDrive\GER-PER 2016\Documents\KennyNeutron\HUB12\20190717_MODULESB2\MODULESBNEW_SPI&FIXSCROLL.ASM
                    T_SIX   0x00060e    program     static C:\Users\gerpe\OneDrive\GER-PER 2016\Documents\KennyNeutron\HUB12\20190717_MODULESB2\MODULESBNEW_SPI&FIXSCROLL.ASM
                  T_SEVEN   0x000631    program     static C:\Users\gerpe\OneDrive\GER-PER 2016\Documents\KennyNeutron\HUB12\20190717_MODULESB2\MODULESBNEW_SPI&FIXSCROLL.ASM
                  T_EIGHT   0x000654    program     static C:\Users\gerpe\OneDrive\GER-PER 2016\Documents\KennyNeutron\HUB12\20190717_MODULESB2\MODULESBNEW_SPI&FIXSCROLL.ASM
                   T_NINE   0x000677    program     static C:\Users\gerpe\OneDrive\GER-PER 2016\Documents\KennyNeutron\HUB12\20190717_MODULESB2\MODULESBNEW_SPI&FIXSCROLL.ASM
                     CHAR   0x00069b    program     static C:\Users\gerpe\OneDrive\GER-PER 2016\Documents\KennyNeutron\HUB12\20190717_MODULESB2\MODULESBNEW_SPI&FIXSCROLL.ASM
                     ZERO   0x0006b0    program     static C:\Users\gerpe\OneDrive\GER-PER 2016\Documents\KennyNeutron\HUB12\20190717_MODULESB2\MODULESBNEW_SPI&FIXSCROLL.ASM
                      ONE   0x0006c3    program     static C:\Users\gerpe\OneDrive\GER-PER 2016\Documents\KennyNeutron\HUB12\20190717_MODULESB2\MODULESBNEW_SPI&FIXSCROLL.ASM
                      TWO   0x0006d6    program     static C:\Users\gerpe\OneDrive\GER-PER 2016\Documents\KennyNeutron\HUB12\20190717_MODULESB2\MODULESBNEW_SPI&FIXSCROLL.ASM
                    THREE   0x0006e9    program     static C:\Users\gerpe\OneDrive\GER-PER 2016\Documents\KennyNeutron\HUB12\20190717_MODULESB2\MODULESBNEW_SPI&FIXSCROLL.ASM
                    CHARB   0x000700    program     static C:\Users\gerpe\OneDrive\GER-PER 2016\Documents\KennyNeutron\HUB12\20190717_MODULESB2\MODULESBNEW_SPI&FIXSCROLL.ASM
                     FOUR   0x000713    program     static C:\Users\gerpe\OneDrive\GER-PER 2016\Documents\KennyNeutron\HUB12\20190717_MODULESB2\MODULESBNEW_SPI&FIXSCROLL.ASM
                     FIVE   0x000726    program     static C:\Users\gerpe\OneDrive\GER-PER 2016\Documents\KennyNeutron\HUB12\20190717_MODULESB2\MODULESBNEW_SPI&FIXSCROLL.ASM
                      SIX   0x000739    program     static C:\Users\gerpe\OneDrive\GER-PER 2016\Documents\KennyNeutron\HUB12\20190717_MODULESB2\MODULESBNEW_SPI&FIXSCROLL.ASM
                    SEVEN   0x00074c    program     static C:\Users\gerpe\OneDrive\GER-PER 2016\Documents\KennyNeutron\HUB12\20190717_MODULESB2\MODULESBNEW_SPI&FIXSCROLL.ASM
                    EIGHT   0x00075f    program     static C:\Users\gerpe\OneDrive\GER-PER 2016\Documents\KennyNeutron\HUB12\20190717_MODULESB2\MODULESBNEW_SPI&FIXSCROLL.ASM
                     NINE   0x000772    program     static C:\Users\gerpe\OneDrive\GER-PER 2016\Documents\KennyNeutron\HUB12\20190717_MODULESB2\MODULESBNEW_SPI&FIXSCROLL.ASM
                       OT   0x000785    program     static C:\Users\gerpe\OneDrive\GER-PER 2016\Documents\KennyNeutron\HUB12\20190717_MODULESB2\MODULESBNEW_SPI&FIXSCROLL.ASM
                    COLON   0x000798    program     static C:\Users\gerpe\OneDrive\GER-PER 2016\Documents\KennyNeutron\HUB12\20190717_MODULESB2\MODULESBNEW_SPI&FIXSCROLL.ASM
                      DOT   0x0007ab    program     static C:\Users\gerpe\OneDrive\GER-PER 2016\Documents\KennyNeutron\HUB12\20190717_MODULESB2\MODULESBNEW_SPI&FIXSCROLL.ASM
                  HOMEPOS   0x0007be    program     static C:\Users\gerpe\OneDrive\GER-PER 2016\Documents\KennyNeutron\HUB12\20190717_MODULESB2\MODULESBNEW_SPI&FIXSCROLL.ASM
                 GUESTPOS   0x0007d1    program     static C:\Users\gerpe\OneDrive\GER-PER 2016\Documents\KennyNeutron\HUB12\20190717_MODULESB2\MODULESBNEW_SPI&FIXSCROLL.ASM
               DATAUPDATE   0x000800    program     static C:\Users\gerpe\OneDrive\GER-PER 2016\Documents\KennyNeutron\HUB12\20190717_MODULESB2\MODULESBNEW_SPI&FIXSCROLL.ASM
               SPIGETDATA   0x000807    program     static C:\Users\gerpe\OneDrive\GER-PER 2016\Documents\KennyNeutron\HUB12\20190717_MODULESB2\MODULESBNEW_SPI&FIXSCROLL.ASM
                READ8BITS   0x00085c    program     static C:\Users\gerpe\OneDrive\GER-PER 2016\Documents\KennyNeutron\HUB12\20190717_MODULESB2\MODULESBNEW_SPI&FIXSCROLL.ASM
                  SPIGDT0   0x00085f    program     static C:\Users\gerpe\OneDrive\GER-PER 2016\Documents\KennyNeutron\HUB12\20190717_MODULESB2\MODULESBNEW_SPI&FIXSCROLL.ASM
                    DBIT0   0x000864    program     static C:\Users\gerpe\OneDrive\GER-PER 2016\Documents\KennyNeutron\HUB12\20190717_MODULESB2\MODULESBNEW_SPI&FIXSCROLL.ASM
                    DBIT1   0x000866    program     static C:\Users\gerpe\OneDrive\GER-PER 2016\Documents\KennyNeutron\HUB12\20190717_MODULESB2\MODULESBNEW_SPI&FIXSCROLL.ASM
                  SPIGDT1   0x000869    program     static C:\Users\gerpe\OneDrive\GER-PER 2016\Documents\KennyNeutron\HUB12\20190717_MODULESB2\MODULESBNEW_SPI&FIXSCROLL.ASM
               DUMPDATREG   0x00086f    program     static C:\Users\gerpe\OneDrive\GER-PER 2016\Documents\KennyNeutron\HUB12\20190717_MODULESB2\MODULESBNEW_SPI&FIXSCROLL.ASM
               BCD_DECODE   0x00087f    program     static C:\Users\gerpe\OneDrive\GER-PER 2016\Documents\KennyNeutron\HUB12\20190717_MODULESB2\MODULESBNEW_SPI&FIXSCROLL.ASM


