MPLINK 4.49, Linker
Linker Map File - Created Mon Apr 20 11:34:54 2020

                                 Section Info
                  Section       Type    Address   Location Size(Bytes)
                ---------  ---------  ---------  ---------  ---------
                   .org_0       code   0x000000    program   0x000000
                   .org_2       code   0x000000    program   0x000004
                   .org_3       code   0x000008    program   0x000006
                   .org_4       code   0x000018    program   0x0002c2
                   .org_5       code   0x000300    program   0x000274
                   .org_6       code   0x001d00    program   0x000072
                   .org_7       code   0x001e00    program   0x000056
                   .org_8       code   0x001f00    program   0x000052
                   .org_9       code   0x002000    program   0x0000a4
                  .org_10       code   0x002100    program   0x0000a4
                  .org_11       code   0x002200    program   0x0000a4
                  .org_12       code   0x002300    program   0x0000a4
                  .org_13       code   0x002400    program   0x0000a4
                  .org_14       code   0x002500    program   0x0000a4
                  .org_15       code   0x002600    program   0x0000a4
                  .org_16       code   0x002700    program   0x0000a4
                  .org_17       code   0x002800    program   0x0000a4
                  .org_18       code   0x002900    program   0x0000a4
                  .org_19       code   0x002a00    program   0x0000a4
                  .org_20       code   0x002b00    program   0x000052
                  .org_21       code   0x002c00    program   0x000052
                  .org_22       code   0x002d00    program   0x000052
                  .org_23       code   0x002e00    program   0x000052
                  .org_24       code   0x002f00    program   0x000052
                  .org_25       code   0x003000    program   0x000052
                  .org_26       code   0x003100    program   0x000052
                  .org_27       code   0x003200    program   0x000052
                  .org_28       code   0x004000    program   0x000052
                  .org_29       code   0x004100    program   0x000052
                  .org_30       code   0x004200    program   0x000052
                  .org_31       code   0x004300    program   0x000052
                  .org_32       code   0x004400    program   0x000052
                  .org_33       code   0x004500    program   0x000052
                  .org_34       code   0x004600    program   0x000052
                  .org_35       code   0x004700    program   0x000052
                  .org_36       code   0x004800    program   0x000052
                  .org_37       code   0x004900    program   0x000052
                  .org_38       code   0x004a00    program   0x000052
                  .org_39       code   0x004b00    program   0x000052
                  .org_40       code   0x005000    program   0x00059a
.config_300001_2X2P10SCOREBOARD32K.O    romdata   0x300001    program   0x000001
.config_300002_2X2P10SCOREBOARD32K.O    romdata   0x300002    program   0x000001
.config_300003_2X2P10SCOREBOARD32K.O    romdata   0x300003    program   0x000001
.config_300005_2X2P10SCOREBOARD32K.O    romdata   0x300005    program   0x000001
.config_300006_2X2P10SCOREBOARD32K.O    romdata   0x300006    program   0x000001
.config_300008_2X2P10SCOREBOARD32K.O    romdata   0x300008    program   0x000001
.config_300009_2X2P10SCOREBOARD32K.O    romdata   0x300009    program   0x000001
.config_30000A_2X2P10SCOREBOARD32K.O    romdata   0x30000a    program   0x000001
.config_30000B_2X2P10SCOREBOARD32K.O    romdata   0x30000b    program   0x000001
.config_30000C_2X2P10SCOREBOARD32K.O    romdata   0x30000c    program   0x000001
.config_30000D_2X2P10SCOREBOARD32K.O    romdata   0x30000d    program   0x000001
                   .org_1       code   0xf00000    program   0x000000



                              Program Memory Usage 
                               Start         End      
                           ---------   ---------      
                            0x000000    0x000003      
                            0x000008    0x00000d      
                            0x000018    0x0002d9      
                            0x000300    0x000573      
                            0x001d00    0x001d71      
                            0x001e00    0x001e55      
                            0x001f00    0x001f51      
                            0x002000    0x0020a3      
                            0x002100    0x0021a3      
                            0x002200    0x0022a3      
                            0x002300    0x0023a3      
                            0x002400    0x0024a3      
                            0x002500    0x0025a3      
                            0x002600    0x0026a3      
                            0x002700    0x0027a3      
                            0x002800    0x0028a3      
                            0x002900    0x0029a3      
                            0x002a00    0x002aa3      
                            0x002b00    0x002b51      
                            0x002c00    0x002c51      
                            0x002d00    0x002d51      
                            0x002e00    0x002e51      
                            0x002f00    0x002f51      
                            0x003000    0x003051      
                            0x003100    0x003151      
                            0x003200    0x003251      
                            0x004000    0x004051      
                            0x004100    0x004151      
                            0x004200    0x004251      
                            0x004300    0x004351      
                            0x004400    0x004451      
                            0x004500    0x004551      
                            0x004600    0x004651      
                            0x004700    0x004751      
                            0x004800    0x004851      
                            0x004900    0x004951      
                            0x004a00    0x004a51      
                            0x004b00    0x004b51      
                            0x005000    0x005599      
                            0x300001    0x300003      
                            0x300005    0x300006      
                            0x300008    0x30000d      
            6515 out of 66584 program addresses used, program memory utilization is 9%



                              Symbols - Sorted by Name
                     Name    Address   Location    Storage File                     
                ---------  ---------  ---------  --------- ---------                
                  ADDFONT   0x000300    program     static C:\Users\gerpe\OneDrive\GER-PER 2016\Documents\KennyNeutron\2020\2X2 P10 SCOREBOARD\2X2P10SCOREBOARD32K.ASM
              ADJ_CURSORX   0x0003f0    program     static C:\Users\gerpe\OneDrive\GER-PER 2016\Documents\KennyNeutron\2020\2X2 P10 SCOREBOARD\2X2P10SCOREBOARD32K.ASM
              ADJ_CURSORY   0x000556    program     static C:\Users\gerpe\OneDrive\GER-PER 2016\Documents\KennyNeutron\2020\2X2 P10 SCOREBOARD\2X2P10SCOREBOARD32K.ASM
                   BUS_IN   0x005300    program     static C:\Users\gerpe\OneDrive\GER-PER 2016\Documents\KennyNeutron\2020\2X2 P10 SCOREBOARD\2X2P10SCOREBOARD32K.ASM
              BUS_STARTED   0x0052e4    program     static C:\Users\gerpe\OneDrive\GER-PER 2016\Documents\KennyNeutron\2020\2X2 P10 SCOREBOARD\2X2P10SCOREBOARD32K.ASM
                 CLR_DRAM   0x000172    program     static C:\Users\gerpe\OneDrive\GER-PER 2016\Documents\KennyNeutron\2020\2X2 P10 SCOREBOARD\2X2P10SCOREBOARD32K.ASM
                CLR_DRAM0   0x000182    program     static C:\Users\gerpe\OneDrive\GER-PER 2016\Documents\KennyNeutron\2020\2X2 P10 SCOREBOARD\2X2P10SCOREBOARD32K.ASM
              CLR_TEMPRAM   0x000190    program     static C:\Users\gerpe\OneDrive\GER-PER 2016\Documents\KennyNeutron\2020\2X2 P10 SCOREBOARD\2X2P10SCOREBOARD32K.ASM
                CLR_TRAM0   0x0001a0    program     static C:\Users\gerpe\OneDrive\GER-PER 2016\Documents\KennyNeutron\2020\2X2 P10 SCOREBOARD\2X2P10SCOREBOARD32K.ASM
              CMD_BUZZOFF   0x00500e    program     static C:\Users\gerpe\OneDrive\GER-PER 2016\Documents\KennyNeutron\2020\2X2 P10 SCOREBOARD\2X2P10SCOREBOARD32K.ASM
               CMD_BUZZON   0x005014    program     static C:\Users\gerpe\OneDrive\GER-PER 2016\Documents\KennyNeutron\2020\2X2 P10 SCOREBOARD\2X2P10SCOREBOARD32K.ASM
                   CMD_ST   0x005016    program     static C:\Users\gerpe\OneDrive\GER-PER 2016\Documents\KennyNeutron\2020\2X2 P10 SCOREBOARD\2X2P10SCOREBOARD32K.ASM
                  COMMAND   0x005000    program     static C:\Users\gerpe\OneDrive\GER-PER 2016\Documents\KennyNeutron\2020\2X2 P10 SCOREBOARD\2X2P10SCOREBOARD32K.ASM
             COMMAND_LOGO   0x0053ba    program     static C:\Users\gerpe\OneDrive\GER-PER 2016\Documents\KennyNeutron\2020\2X2 P10 SCOREBOARD\2X2P10SCOREBOARD32K.ASM
                CPB_ON_5H   0x000000    program     static C:\Users\gerpe\OneDrive\GER-PER 2016\Documents\KennyNeutron\2020\2X2 P10 SCOREBOARD\2X2P10SCOREBOARD32K.ASM
                CPD_ON_5H   0x000000    program     static C:\Users\gerpe\OneDrive\GER-PER 2016\Documents\KennyNeutron\2020\2X2 P10 SCOREBOARD\2X2P10SCOREBOARD32K.ASM
              CSRX_GTEQ16   0x000430    program     static C:\Users\gerpe\OneDrive\GER-PER 2016\Documents\KennyNeutron\2020\2X2 P10 SCOREBOARD\2X2P10SCOREBOARD32K.ASM
              CSRX_GTEQ24   0x000452    program     static C:\Users\gerpe\OneDrive\GER-PER 2016\Documents\KennyNeutron\2020\2X2 P10 SCOREBOARD\2X2P10SCOREBOARD32K.ASM
              CSRX_GTEQ32   0x000474    program     static C:\Users\gerpe\OneDrive\GER-PER 2016\Documents\KennyNeutron\2020\2X2 P10 SCOREBOARD\2X2P10SCOREBOARD32K.ASM
              CSRX_GTEQ40   0x000496    program     static C:\Users\gerpe\OneDrive\GER-PER 2016\Documents\KennyNeutron\2020\2X2 P10 SCOREBOARD\2X2P10SCOREBOARD32K.ASM
              CSRX_GTEQ48   0x0004b8    program     static C:\Users\gerpe\OneDrive\GER-PER 2016\Documents\KennyNeutron\2020\2X2 P10 SCOREBOARD\2X2P10SCOREBOARD32K.ASM
              CSRX_GTEQ56   0x0004da    program     static C:\Users\gerpe\OneDrive\GER-PER 2016\Documents\KennyNeutron\2020\2X2 P10 SCOREBOARD\2X2P10SCOREBOARD32K.ASM
               CSRX_GTEQ8   0x00040e    program     static C:\Users\gerpe\OneDrive\GER-PER 2016\Documents\KennyNeutron\2020\2X2 P10 SCOREBOARD\2X2P10SCOREBOARD32K.ASM
              CSRX_LTEQ16   0x00041e    program     static C:\Users\gerpe\OneDrive\GER-PER 2016\Documents\KennyNeutron\2020\2X2 P10 SCOREBOARD\2X2P10SCOREBOARD32K.ASM
              CSRX_LTEQ24   0x000440    program     static C:\Users\gerpe\OneDrive\GER-PER 2016\Documents\KennyNeutron\2020\2X2 P10 SCOREBOARD\2X2P10SCOREBOARD32K.ASM
              CSRX_LTEQ32   0x000462    program     static C:\Users\gerpe\OneDrive\GER-PER 2016\Documents\KennyNeutron\2020\2X2 P10 SCOREBOARD\2X2P10SCOREBOARD32K.ASM
              CSRX_LTEQ40   0x000484    program     static C:\Users\gerpe\OneDrive\GER-PER 2016\Documents\KennyNeutron\2020\2X2 P10 SCOREBOARD\2X2P10SCOREBOARD32K.ASM
              CSRX_LTEQ48   0x0004a6    program     static C:\Users\gerpe\OneDrive\GER-PER 2016\Documents\KennyNeutron\2020\2X2 P10 SCOREBOARD\2X2P10SCOREBOARD32K.ASM
              CSRX_LTEQ56   0x0004c8    program     static C:\Users\gerpe\OneDrive\GER-PER 2016\Documents\KennyNeutron\2020\2X2 P10 SCOREBOARD\2X2P10SCOREBOARD32K.ASM
               CSRX_LTEQ8   0x000400    program     static C:\Users\gerpe\OneDrive\GER-PER 2016\Documents\KennyNeutron\2020\2X2 P10 SCOREBOARD\2X2P10SCOREBOARD32K.ASM
                CSRY_NEQ0   0x000568    program     static C:\Users\gerpe\OneDrive\GER-PER 2016\Documents\KennyNeutron\2020\2X2 P10 SCOREBOARD\2X2P10SCOREBOARD32K.ASM
             CSRY_NEQ0_ST   0x000564    program     static C:\Users\gerpe\OneDrive\GER-PER 2016\Documents\KennyNeutron\2020\2X2 P10 SCOREBOARD\2X2P10SCOREBOARD32K.ASM
                  DATAREG   0x000240    program     static C:\Users\gerpe\OneDrive\GER-PER 2016\Documents\KennyNeutron\2020\2X2 P10 SCOREBOARD\2X2P10SCOREBOARD32K.ASM
              DATAREG_SUB   0x000272    program     static C:\Users\gerpe\OneDrive\GER-PER 2016\Documents\KennyNeutron\2020\2X2 P10 SCOREBOARD\2X2P10SCOREBOARD32K.ASM
                 DELAY_MS   0x000144    program     static C:\Users\gerpe\OneDrive\GER-PER 2016\Documents\KennyNeutron\2020\2X2 P10 SCOREBOARD\2X2P10SCOREBOARD32K.ASM
              DELAY_ONEMS   0x000132    program     static C:\Users\gerpe\OneDrive\GER-PER 2016\Documents\KennyNeutron\2020\2X2 P10 SCOREBOARD\2X2P10SCOREBOARD32K.ASM
             DELAY_ONESEC   0x000152    program     static C:\Users\gerpe\OneDrive\GER-PER 2016\Documents\KennyNeutron\2020\2X2 P10 SCOREBOARD\2X2P10SCOREBOARD32K.ASM
                DELAY_SEC   0x000164    program     static C:\Users\gerpe\OneDrive\GER-PER 2016\Documents\KennyNeutron\2020\2X2 P10 SCOREBOARD\2X2P10SCOREBOARD32K.ASM
                 DELAY_US   0x000120    program     static C:\Users\gerpe\OneDrive\GER-PER 2016\Documents\KennyNeutron\2020\2X2 P10 SCOREBOARD\2X2P10SCOREBOARD32K.ASM
                  DISPLAY   0x0001ae    program     static C:\Users\gerpe\OneDrive\GER-PER 2016\Documents\KennyNeutron\2020\2X2 P10 SCOREBOARD\2X2P10SCOREBOARD32K.ASM
             DISPLAY_LOGO   0x005318    program     static C:\Users\gerpe\OneDrive\GER-PER 2016\Documents\KennyNeutron\2020\2X2 P10 SCOREBOARD\2X2P10SCOREBOARD32K.ASM
                DISPLOGO0   0x005550    program     static C:\Users\gerpe\OneDrive\GER-PER 2016\Documents\KennyNeutron\2020\2X2 P10 SCOREBOARD\2X2P10SCOREBOARD32K.ASM
                DISPLOGO1   0x005556    program     static C:\Users\gerpe\OneDrive\GER-PER 2016\Documents\KennyNeutron\2020\2X2 P10 SCOREBOARD\2X2P10SCOREBOARD32K.ASM
                DISPLOGO2   0x00556a    program     static C:\Users\gerpe\OneDrive\GER-PER 2016\Documents\KennyNeutron\2020\2X2 P10 SCOREBOARD\2X2P10SCOREBOARD32K.ASM
                DISPLOGO3   0x00556e    program     static C:\Users\gerpe\OneDrive\GER-PER 2016\Documents\KennyNeutron\2020\2X2 P10 SCOREBOARD\2X2P10SCOREBOARD32K.ASM
                DISPLOGO4   0x005582    program     static C:\Users\gerpe\OneDrive\GER-PER 2016\Documents\KennyNeutron\2020\2X2 P10 SCOREBOARD\2X2P10SCOREBOARD32K.ASM
                DISPLOGO5   0x005588    program     static C:\Users\gerpe\OneDrive\GER-PER 2016\Documents\KennyNeutron\2020\2X2 P10 SCOREBOARD\2X2P10SCOREBOARD32K.ASM
                DISP_LOGO   0x005548    program     static C:\Users\gerpe\OneDrive\GER-PER 2016\Documents\KennyNeutron\2020\2X2 P10 SCOREBOARD\2X2P10SCOREBOARD32K.ASM
                     DMP0   0x0002be    program     static C:\Users\gerpe\OneDrive\GER-PER 2016\Documents\KennyNeutron\2020\2X2 P10 SCOREBOARD\2X2P10SCOREBOARD32K.ASM
                  DMPF0_0   0x001f18    program     static C:\Users\gerpe\OneDrive\GER-PER 2016\Documents\KennyNeutron\2020\2X2 P10 SCOREBOARD\2X2P10SCOREBOARD32K.ASM
                  DMPF0_1   0x001f24    program     static C:\Users\gerpe\OneDrive\GER-PER 2016\Documents\KennyNeutron\2020\2X2 P10 SCOREBOARD\2X2P10SCOREBOARD32K.ASM
                  DMPF1_0   0x001d18    program     static C:\Users\gerpe\OneDrive\GER-PER 2016\Documents\KennyNeutron\2020\2X2 P10 SCOREBOARD\2X2P10SCOREBOARD32K.ASM
                  DMPF1_1   0x001d24    program     static C:\Users\gerpe\OneDrive\GER-PER 2016\Documents\KennyNeutron\2020\2X2 P10 SCOREBOARD\2X2P10SCOREBOARD32K.ASM
                  DMPF2_0   0x001e18    program     static C:\Users\gerpe\OneDrive\GER-PER 2016\Documents\KennyNeutron\2020\2X2 P10 SCOREBOARD\2X2P10SCOREBOARD32K.ASM
                  DMPF2_1   0x001e24    program     static C:\Users\gerpe\OneDrive\GER-PER 2016\Documents\KennyNeutron\2020\2X2 P10 SCOREBOARD\2X2P10SCOREBOARD32K.ASM
                  DMP_F00   0x00032a    program     static C:\Users\gerpe\OneDrive\GER-PER 2016\Documents\KennyNeutron\2020\2X2 P10 SCOREBOARD\2X2P10SCOREBOARD32K.ASM
                  DMP_F10   0x00035e    program     static C:\Users\gerpe\OneDrive\GER-PER 2016\Documents\KennyNeutron\2020\2X2 P10 SCOREBOARD\2X2P10SCOREBOARD32K.ASM
                  DMP_F20   0x000392    program     static C:\Users\gerpe\OneDrive\GER-PER 2016\Documents\KennyNeutron\2020\2X2 P10 SCOREBOARD\2X2P10SCOREBOARD32K.ASM
                DMP_FONT0   0x00031a    program     static C:\Users\gerpe\OneDrive\GER-PER 2016\Documents\KennyNeutron\2020\2X2 P10 SCOREBOARD\2X2P10SCOREBOARD32K.ASM
                DMP_FONT1   0x00034e    program     static C:\Users\gerpe\OneDrive\GER-PER 2016\Documents\KennyNeutron\2020\2X2 P10 SCOREBOARD\2X2P10SCOREBOARD32K.ASM
                DMP_FONT2   0x000382    program     static C:\Users\gerpe\OneDrive\GER-PER 2016\Documents\KennyNeutron\2020\2X2 P10 SCOREBOARD\2X2P10SCOREBOARD32K.ASM
                     DTR0   0x00027a    program     static C:\Users\gerpe\OneDrive\GER-PER 2016\Documents\KennyNeutron\2020\2X2 P10 SCOREBOARD\2X2P10SCOREBOARD32K.ASM
                     DTR1   0x000282    program     static C:\Users\gerpe\OneDrive\GER-PER 2016\Documents\KennyNeutron\2020\2X2 P10 SCOREBOARD\2X2P10SCOREBOARD32K.ASM
                DTR1_BIT0   0x00028e    program     static C:\Users\gerpe\OneDrive\GER-PER 2016\Documents\KennyNeutron\2020\2X2 P10 SCOREBOARD\2X2P10SCOREBOARD32K.ASM
                DTR1_BIT1   0x000294    program     static C:\Users\gerpe\OneDrive\GER-PER 2016\Documents\KennyNeutron\2020\2X2 P10 SCOREBOARD\2X2P10SCOREBOARD32K.ASM
                     DTR2   0x00029c    program     static C:\Users\gerpe\OneDrive\GER-PER 2016\Documents\KennyNeutron\2020\2X2 P10 SCOREBOARD\2X2P10SCOREBOARD32K.ASM
                  DTR_ST1   0x000276    program     static C:\Users\gerpe\OneDrive\GER-PER 2016\Documents\KennyNeutron\2020\2X2 P10 SCOREBOARD\2X2P10SCOREBOARD32K.ASM
                 DUMPDATA   0x0002be    program     static C:\Users\gerpe\OneDrive\GER-PER 2016\Documents\KennyNeutron\2020\2X2 P10 SCOREBOARD\2X2P10SCOREBOARD32K.ASM
               DUMP_FONT0   0x001f00    program     static C:\Users\gerpe\OneDrive\GER-PER 2016\Documents\KennyNeutron\2020\2X2 P10 SCOREBOARD\2X2P10SCOREBOARD32K.ASM
              DUMP_FONT01   0x001d00    program     static C:\Users\gerpe\OneDrive\GER-PER 2016\Documents\KennyNeutron\2020\2X2 P10 SCOREBOARD\2X2P10SCOREBOARD32K.ASM
              DUMP_FONT02   0x001e00    program     static C:\Users\gerpe\OneDrive\GER-PER 2016\Documents\KennyNeutron\2020\2X2 P10 SCOREBOARD\2X2P10SCOREBOARD32K.ASM
              EBTR0_ON_7L   0x000000    program     static C:\Users\gerpe\OneDrive\GER-PER 2016\Documents\KennyNeutron\2020\2X2 P10 SCOREBOARD\2X2P10SCOREBOARD32K.ASM
              EBTR1_ON_7L   0x000000    program     static C:\Users\gerpe\OneDrive\GER-PER 2016\Documents\KennyNeutron\2020\2X2 P10 SCOREBOARD\2X2P10SCOREBOARD32K.ASM
              EBTR2_ON_7L   0x000000    program     static C:\Users\gerpe\OneDrive\GER-PER 2016\Documents\KennyNeutron\2020\2X2 P10 SCOREBOARD\2X2P10SCOREBOARD32K.ASM
              EBTR3_ON_7L   0x000000    program     static C:\Users\gerpe\OneDrive\GER-PER 2016\Documents\KennyNeutron\2020\2X2 P10 SCOREBOARD\2X2P10SCOREBOARD32K.ASM
                  END_INT   0x005304    program     static C:\Users\gerpe\OneDrive\GER-PER 2016\Documents\KennyNeutron\2020\2X2 P10 SCOREBOARD\2X2P10SCOREBOARD32K.ASM
                  END_TRD   0x0052a4    program     static C:\Users\gerpe\OneDrive\GER-PER 2016\Documents\KennyNeutron\2020\2X2 P10 SCOREBOARD\2X2P10SCOREBOARD32K.ASM
                  FONT0_0   0x002000    program     static C:\Users\gerpe\OneDrive\GER-PER 2016\Documents\KennyNeutron\2020\2X2 P10 SCOREBOARD\2X2P10SCOREBOARD32K.ASM
                  FONT0_1   0x002100    program     static C:\Users\gerpe\OneDrive\GER-PER 2016\Documents\KennyNeutron\2020\2X2 P10 SCOREBOARD\2X2P10SCOREBOARD32K.ASM
                  FONT0_2   0x002200    program     static C:\Users\gerpe\OneDrive\GER-PER 2016\Documents\KennyNeutron\2020\2X2 P10 SCOREBOARD\2X2P10SCOREBOARD32K.ASM
                  FONT0_3   0x002300    program     static C:\Users\gerpe\OneDrive\GER-PER 2016\Documents\KennyNeutron\2020\2X2 P10 SCOREBOARD\2X2P10SCOREBOARD32K.ASM
                  FONT0_4   0x002400    program     static C:\Users\gerpe\OneDrive\GER-PER 2016\Documents\KennyNeutron\2020\2X2 P10 SCOREBOARD\2X2P10SCOREBOARD32K.ASM
                  FONT0_5   0x002500    program     static C:\Users\gerpe\OneDrive\GER-PER 2016\Documents\KennyNeutron\2020\2X2 P10 SCOREBOARD\2X2P10SCOREBOARD32K.ASM
                  FONT0_6   0x002600    program     static C:\Users\gerpe\OneDrive\GER-PER 2016\Documents\KennyNeutron\2020\2X2 P10 SCOREBOARD\2X2P10SCOREBOARD32K.ASM
                  FONT0_7   0x002700    program     static C:\Users\gerpe\OneDrive\GER-PER 2016\Documents\KennyNeutron\2020\2X2 P10 SCOREBOARD\2X2P10SCOREBOARD32K.ASM
                  FONT0_8   0x002800    program     static C:\Users\gerpe\OneDrive\GER-PER 2016\Documents\KennyNeutron\2020\2X2 P10 SCOREBOARD\2X2P10SCOREBOARD32K.ASM
                  FONT0_9   0x002900    program     static C:\Users\gerpe\OneDrive\GER-PER 2016\Documents\KennyNeutron\2020\2X2 P10 SCOREBOARD\2X2P10SCOREBOARD32K.ASM
                  FONT0_A   0x002a00    program     static C:\Users\gerpe\OneDrive\GER-PER 2016\Documents\KennyNeutron\2020\2X2 P10 SCOREBOARD\2X2P10SCOREBOARD32K.ASM
                  FONT1_0   0x002052    program     static C:\Users\gerpe\OneDrive\GER-PER 2016\Documents\KennyNeutron\2020\2X2 P10 SCOREBOARD\2X2P10SCOREBOARD32K.ASM
                  FONT1_1   0x002152    program     static C:\Users\gerpe\OneDrive\GER-PER 2016\Documents\KennyNeutron\2020\2X2 P10 SCOREBOARD\2X2P10SCOREBOARD32K.ASM
                 FONT1_10   0x003000    program     static C:\Users\gerpe\OneDrive\GER-PER 2016\Documents\KennyNeutron\2020\2X2 P10 SCOREBOARD\2X2P10SCOREBOARD32K.ASM
                 FONT1_11   0x003100    program     static C:\Users\gerpe\OneDrive\GER-PER 2016\Documents\KennyNeutron\2020\2X2 P10 SCOREBOARD\2X2P10SCOREBOARD32K.ASM
                 FONT1_12   0x003200    program     static C:\Users\gerpe\OneDrive\GER-PER 2016\Documents\KennyNeutron\2020\2X2 P10 SCOREBOARD\2X2P10SCOREBOARD32K.ASM
                  FONT1_2   0x002252    program     static C:\Users\gerpe\OneDrive\GER-PER 2016\Documents\KennyNeutron\2020\2X2 P10 SCOREBOARD\2X2P10SCOREBOARD32K.ASM
                  FONT1_3   0x002352    program     static C:\Users\gerpe\OneDrive\GER-PER 2016\Documents\KennyNeutron\2020\2X2 P10 SCOREBOARD\2X2P10SCOREBOARD32K.ASM
                  FONT1_4   0x002452    program     static C:\Users\gerpe\OneDrive\GER-PER 2016\Documents\KennyNeutron\2020\2X2 P10 SCOREBOARD\2X2P10SCOREBOARD32K.ASM
                  FONT1_5   0x002552    program     static C:\Users\gerpe\OneDrive\GER-PER 2016\Documents\KennyNeutron\2020\2X2 P10 SCOREBOARD\2X2P10SCOREBOARD32K.ASM
                  FONT1_6   0x002652    program     static C:\Users\gerpe\OneDrive\GER-PER 2016\Documents\KennyNeutron\2020\2X2 P10 SCOREBOARD\2X2P10SCOREBOARD32K.ASM
                  FONT1_7   0x002752    program     static C:\Users\gerpe\OneDrive\GER-PER 2016\Documents\KennyNeutron\2020\2X2 P10 SCOREBOARD\2X2P10SCOREBOARD32K.ASM
                  FONT1_8   0x002852    program     static C:\Users\gerpe\OneDrive\GER-PER 2016\Documents\KennyNeutron\2020\2X2 P10 SCOREBOARD\2X2P10SCOREBOARD32K.ASM
                  FONT1_9   0x002952    program     static C:\Users\gerpe\OneDrive\GER-PER 2016\Documents\KennyNeutron\2020\2X2 P10 SCOREBOARD\2X2P10SCOREBOARD32K.ASM
                  FONT1_A   0x002a52    program     static C:\Users\gerpe\OneDrive\GER-PER 2016\Documents\KennyNeutron\2020\2X2 P10 SCOREBOARD\2X2P10SCOREBOARD32K.ASM
                  FONT1_B   0x002b00    program     static C:\Users\gerpe\OneDrive\GER-PER 2016\Documents\KennyNeutron\2020\2X2 P10 SCOREBOARD\2X2P10SCOREBOARD32K.ASM
                  FONT1_C   0x002c00    program     static C:\Users\gerpe\OneDrive\GER-PER 2016\Documents\KennyNeutron\2020\2X2 P10 SCOREBOARD\2X2P10SCOREBOARD32K.ASM
                  FONT1_D   0x002d00    program     static C:\Users\gerpe\OneDrive\GER-PER 2016\Documents\KennyNeutron\2020\2X2 P10 SCOREBOARD\2X2P10SCOREBOARD32K.ASM
                  FONT1_E   0x002e00    program     static C:\Users\gerpe\OneDrive\GER-PER 2016\Documents\KennyNeutron\2020\2X2 P10 SCOREBOARD\2X2P10SCOREBOARD32K.ASM
                  FONT1_F   0x002f00    program     static C:\Users\gerpe\OneDrive\GER-PER 2016\Documents\KennyNeutron\2020\2X2 P10 SCOREBOARD\2X2P10SCOREBOARD32K.ASM
                  FONT2_0   0x004000    program     static C:\Users\gerpe\OneDrive\GER-PER 2016\Documents\KennyNeutron\2020\2X2 P10 SCOREBOARD\2X2P10SCOREBOARD32K.ASM
                  FONT2_1   0x004100    program     static C:\Users\gerpe\OneDrive\GER-PER 2016\Documents\KennyNeutron\2020\2X2 P10 SCOREBOARD\2X2P10SCOREBOARD32K.ASM
                  FONT2_2   0x004200    program     static C:\Users\gerpe\OneDrive\GER-PER 2016\Documents\KennyNeutron\2020\2X2 P10 SCOREBOARD\2X2P10SCOREBOARD32K.ASM
                  FONT2_3   0x004300    program     static C:\Users\gerpe\OneDrive\GER-PER 2016\Documents\KennyNeutron\2020\2X2 P10 SCOREBOARD\2X2P10SCOREBOARD32K.ASM
                  FONT2_4   0x004400    program     static C:\Users\gerpe\OneDrive\GER-PER 2016\Documents\KennyNeutron\2020\2X2 P10 SCOREBOARD\2X2P10SCOREBOARD32K.ASM
                  FONT2_5   0x004500    program     static C:\Users\gerpe\OneDrive\GER-PER 2016\Documents\KennyNeutron\2020\2X2 P10 SCOREBOARD\2X2P10SCOREBOARD32K.ASM
                  FONT2_6   0x004600    program     static C:\Users\gerpe\OneDrive\GER-PER 2016\Documents\KennyNeutron\2020\2X2 P10 SCOREBOARD\2X2P10SCOREBOARD32K.ASM
                  FONT2_7   0x004700    program     static C:\Users\gerpe\OneDrive\GER-PER 2016\Documents\KennyNeutron\2020\2X2 P10 SCOREBOARD\2X2P10SCOREBOARD32K.ASM
                  FONT2_8   0x004800    program     static C:\Users\gerpe\OneDrive\GER-PER 2016\Documents\KennyNeutron\2020\2X2 P10 SCOREBOARD\2X2P10SCOREBOARD32K.ASM
                  FONT2_9   0x004900    program     static C:\Users\gerpe\OneDrive\GER-PER 2016\Documents\KennyNeutron\2020\2X2 P10 SCOREBOARD\2X2P10SCOREBOARD32K.ASM
                  FONT2_A   0x004a00    program     static C:\Users\gerpe\OneDrive\GER-PER 2016\Documents\KennyNeutron\2020\2X2 P10 SCOREBOARD\2X2P10SCOREBOARD32K.ASM
                  FONT2_B   0x004b00    program     static C:\Users\gerpe\OneDrive\GER-PER 2016\Documents\KennyNeutron\2020\2X2 P10 SCOREBOARD\2X2P10SCOREBOARD32K.ASM
                     INIT   0x000032    program     static C:\Users\gerpe\OneDrive\GER-PER 2016\Documents\KennyNeutron\2020\2X2 P10 SCOREBOARD\2X2P10SCOREBOARD32K.ASM
                INTERRUPT   0x0052a8    program     static C:\Users\gerpe\OneDrive\GER-PER 2016\Documents\KennyNeutron\2020\2X2 P10 SCOREBOARD\2X2P10SCOREBOARD32K.ASM
                     MAIN   0x000108    program     static C:\Users\gerpe\OneDrive\GER-PER 2016\Documents\KennyNeutron\2020\2X2 P10 SCOREBOARD\2X2P10SCOREBOARD32K.ASM
                      MN0   0x0000ec    program     static C:\Users\gerpe\OneDrive\GER-PER 2016\Documents\KennyNeutron\2020\2X2 P10 SCOREBOARD\2X2P10SCOREBOARD32K.ASM
         MOV_TEMPRAM2DRAM   0x0003b8    program     static C:\Users\gerpe\OneDrive\GER-PER 2016\Documents\KennyNeutron\2020\2X2 P10 SCOREBOARD\2X2P10SCOREBOARD32K.ASM
               MOV_TR2DR0   0x0003d0    program     static C:\Users\gerpe\OneDrive\GER-PER 2016\Documents\KennyNeutron\2020\2X2 P10 SCOREBOARD\2X2P10SCOREBOARD32K.ASM
                     MSEC   0x000136    program     static C:\Users\gerpe\OneDrive\GER-PER 2016\Documents\KennyNeutron\2020\2X2 P10 SCOREBOARD\2X2P10SCOREBOARD32K.ASM
                    MSEC0   0x000146    program     static C:\Users\gerpe\OneDrive\GER-PER 2016\Documents\KennyNeutron\2020\2X2 P10 SCOREBOARD\2X2P10SCOREBOARD32K.ASM
                  POS_END   0x005206    program     static C:\Users\gerpe\OneDrive\GER-PER 2016\Documents\KennyNeutron\2020\2X2 P10 SCOREBOARD\2X2P10SCOREBOARD32K.ASM
                   SCT_N1   0x005072    program     static C:\Users\gerpe\OneDrive\GER-PER 2016\Documents\KennyNeutron\2020\2X2 P10 SCOREBOARD\2X2P10SCOREBOARD32K.ASM
                     SEC0   0x000156    program     static C:\Users\gerpe\OneDrive\GER-PER 2016\Documents\KennyNeutron\2020\2X2 P10 SCOREBOARD\2X2P10SCOREBOARD32K.ASM
                     SEC1   0x000166    program     static C:\Users\gerpe\OneDrive\GER-PER 2016\Documents\KennyNeutron\2020\2X2 P10 SCOREBOARD\2X2P10SCOREBOARD32K.ASM
                  SHOW_FG   0x0050c6    program     static C:\Users\gerpe\OneDrive\GER-PER 2016\Documents\KennyNeutron\2020\2X2 P10 SCOREBOARD\2X2P10SCOREBOARD32K.ASM
                 SHOW_FG0   0x0050da    program     static C:\Users\gerpe\OneDrive\GER-PER 2016\Documents\KennyNeutron\2020\2X2 P10 SCOREBOARD\2X2P10SCOREBOARD32K.ASM
                 SHOW_FG1   0x0050ec    program     static C:\Users\gerpe\OneDrive\GER-PER 2016\Documents\KennyNeutron\2020\2X2 P10 SCOREBOARD\2X2P10SCOREBOARD32K.ASM
                 SHOW_FG5   0x0050e8    program     static C:\Users\gerpe\OneDrive\GER-PER 2016\Documents\KennyNeutron\2020\2X2 P10 SCOREBOARD\2X2P10SCOREBOARD32K.ASM
              SHOW_FGDUMP   0x0050f8    program     static C:\Users\gerpe\OneDrive\GER-PER 2016\Documents\KennyNeutron\2020\2X2 P10 SCOREBOARD\2X2P10SCOREBOARD32K.ASM
                SHOW_FGN5   0x0050d2    program     static C:\Users\gerpe\OneDrive\GER-PER 2016\Documents\KennyNeutron\2020\2X2 P10 SCOREBOARD\2X2P10SCOREBOARD32K.ASM
                  SHOW_FH   0x0050aa    program     static C:\Users\gerpe\OneDrive\GER-PER 2016\Documents\KennyNeutron\2020\2X2 P10 SCOREBOARD\2X2P10SCOREBOARD32K.ASM
                SHOW_GPOS   0x0051f8    program     static C:\Users\gerpe\OneDrive\GER-PER 2016\Documents\KennyNeutron\2020\2X2 P10 SCOREBOARD\2X2P10SCOREBOARD32K.ASM
                 SHOW_GSH   0x005198    program     static C:\Users\gerpe\OneDrive\GER-PER 2016\Documents\KennyNeutron\2020\2X2 P10 SCOREBOARD\2X2P10SCOREBOARD32K.ASM
                 SHOW_GSO   0x0051c8    program     static C:\Users\gerpe\OneDrive\GER-PER 2016\Documents\KennyNeutron\2020\2X2 P10 SCOREBOARD\2X2P10SCOREBOARD32K.ASM
                 SHOW_GST   0x0051b0    program     static C:\Users\gerpe\OneDrive\GER-PER 2016\Documents\KennyNeutron\2020\2X2 P10 SCOREBOARD\2X2P10SCOREBOARD32K.ASM
             SHOW_GTMONES   0x005130    program     static C:\Users\gerpe\OneDrive\GER-PER 2016\Documents\KennyNeutron\2020\2X2 P10 SCOREBOARD\2X2P10SCOREBOARD32K.ASM
             SHOW_GTMTENS   0x00510c    program     static C:\Users\gerpe\OneDrive\GER-PER 2016\Documents\KennyNeutron\2020\2X2 P10 SCOREBOARD\2X2P10SCOREBOARD32K.ASM
            SHOW_GTMTENS0   0x005118    program     static C:\Users\gerpe\OneDrive\GER-PER 2016\Documents\KennyNeutron\2020\2X2 P10 SCOREBOARD\2X2P10SCOREBOARD32K.ASM
             SHOW_GTSONES   0x00516c    program     static C:\Users\gerpe\OneDrive\GER-PER 2016\Documents\KennyNeutron\2020\2X2 P10 SCOREBOARD\2X2P10SCOREBOARD32K.ASM
             SHOW_GTSTENS   0x005154    program     static C:\Users\gerpe\OneDrive\GER-PER 2016\Documents\KennyNeutron\2020\2X2 P10 SCOREBOARD\2X2P10SCOREBOARD32K.ASM
                SHOW_HPOS   0x0051de    program     static C:\Users\gerpe\OneDrive\GER-PER 2016\Documents\KennyNeutron\2020\2X2 P10 SCOREBOARD\2X2P10SCOREBOARD32K.ASM
                 SHOW_HSH   0x005214    program     static C:\Users\gerpe\OneDrive\GER-PER 2016\Documents\KennyNeutron\2020\2X2 P10 SCOREBOARD\2X2P10SCOREBOARD32K.ASM
                 SHOW_HSO   0x005244    program     static C:\Users\gerpe\OneDrive\GER-PER 2016\Documents\KennyNeutron\2020\2X2 P10 SCOREBOARD\2X2P10SCOREBOARD32K.ASM
                 SHOW_HST   0x00522c    program     static C:\Users\gerpe\OneDrive\GER-PER 2016\Documents\KennyNeutron\2020\2X2 P10 SCOREBOARD\2X2P10SCOREBOARD32K.ASM
              SHOW_PERIOD   0x005026    program     static C:\Users\gerpe\OneDrive\GER-PER 2016\Documents\KennyNeutron\2020\2X2 P10 SCOREBOARD\2X2P10SCOREBOARD32K.ASM
              SHOW_SCONES   0x00508a    program     static C:\Users\gerpe\OneDrive\GER-PER 2016\Documents\KennyNeutron\2020\2X2 P10 SCOREBOARD\2X2P10SCOREBOARD32K.ASM
              SHOW_SCTENS   0x00505a    program     static C:\Users\gerpe\OneDrive\GER-PER 2016\Documents\KennyNeutron\2020\2X2 P10 SCOREBOARD\2X2P10SCOREBOARD32K.ASM
                  SKIP_FG   0x0050fc    program     static C:\Users\gerpe\OneDrive\GER-PER 2016\Documents\KennyNeutron\2020\2X2 P10 SCOREBOARD\2X2P10SCOREBOARD32K.ASM
                  SKIP_FH   0x0050ba    program     static C:\Users\gerpe\OneDrive\GER-PER 2016\Documents\KennyNeutron\2020\2X2 P10 SCOREBOARD\2X2P10SCOREBOARD32K.ASM
                SKIP_GPOS   0x005204    program     static C:\Users\gerpe\OneDrive\GER-PER 2016\Documents\KennyNeutron\2020\2X2 P10 SCOREBOARD\2X2P10SCOREBOARD32K.ASM
                 SKIP_GSH   0x0051a4    program     static C:\Users\gerpe\OneDrive\GER-PER 2016\Documents\KennyNeutron\2020\2X2 P10 SCOREBOARD\2X2P10SCOREBOARD32K.ASM
                 SKIP_GSO   0x0051d4    program     static C:\Users\gerpe\OneDrive\GER-PER 2016\Documents\KennyNeutron\2020\2X2 P10 SCOREBOARD\2X2P10SCOREBOARD32K.ASM
                 SKIP_GST   0x0051bc    program     static C:\Users\gerpe\OneDrive\GER-PER 2016\Documents\KennyNeutron\2020\2X2 P10 SCOREBOARD\2X2P10SCOREBOARD32K.ASM
             SKIP_GTMONES   0x00513c    program     static C:\Users\gerpe\OneDrive\GER-PER 2016\Documents\KennyNeutron\2020\2X2 P10 SCOREBOARD\2X2P10SCOREBOARD32K.ASM
             SKIP_GTMTENS   0x005124    program     static C:\Users\gerpe\OneDrive\GER-PER 2016\Documents\KennyNeutron\2020\2X2 P10 SCOREBOARD\2X2P10SCOREBOARD32K.ASM
             SKIP_GTSONES   0x005178    program     static C:\Users\gerpe\OneDrive\GER-PER 2016\Documents\KennyNeutron\2020\2X2 P10 SCOREBOARD\2X2P10SCOREBOARD32K.ASM
             SKIP_GTSTENS   0x005160    program     static C:\Users\gerpe\OneDrive\GER-PER 2016\Documents\KennyNeutron\2020\2X2 P10 SCOREBOARD\2X2P10SCOREBOARD32K.ASM
                SKIP_HPOS   0x0051ee    program     static C:\Users\gerpe\OneDrive\GER-PER 2016\Documents\KennyNeutron\2020\2X2 P10 SCOREBOARD\2X2P10SCOREBOARD32K.ASM
                 SKIP_HSH   0x005220    program     static C:\Users\gerpe\OneDrive\GER-PER 2016\Documents\KennyNeutron\2020\2X2 P10 SCOREBOARD\2X2P10SCOREBOARD32K.ASM
                 SKIP_HSO   0x005250    program     static C:\Users\gerpe\OneDrive\GER-PER 2016\Documents\KennyNeutron\2020\2X2 P10 SCOREBOARD\2X2P10SCOREBOARD32K.ASM
                 SKIP_HST   0x005238    program     static C:\Users\gerpe\OneDrive\GER-PER 2016\Documents\KennyNeutron\2020\2X2 P10 SCOREBOARD\2X2P10SCOREBOARD32K.ASM
              SKIP_SCONES   0x005096    program     static C:\Users\gerpe\OneDrive\GER-PER 2016\Documents\KennyNeutron\2020\2X2 P10 SCOREBOARD\2X2P10SCOREBOARD32K.ASM
              SKIP_SCTENS   0x00507e    program     static C:\Users\gerpe\OneDrive\GER-PER 2016\Documents\KennyNeutron\2020\2X2 P10 SCOREBOARD\2X2P10SCOREBOARD32K.ASM
                    TDCG0   0x005296    program     static C:\Users\gerpe\OneDrive\GER-PER 2016\Documents\KennyNeutron\2020\2X2 P10 SCOREBOARD\2X2P10SCOREBOARD32K.ASM
                TRAMSHIFT   0x0004ee    program     static C:\Users\gerpe\OneDrive\GER-PER 2016\Documents\KennyNeutron\2020\2X2 P10 SCOREBOARD\2X2P10SCOREBOARD32K.ASM
         TRNSDATA_CPU2GPU   0x005256    program     static C:\Users\gerpe\OneDrive\GER-PER 2016\Documents\KennyNeutron\2020\2X2 P10 SCOREBOARD\2X2P10SCOREBOARD32K.ASM
                     TRS0   0x0004ee    program     static C:\Users\gerpe\OneDrive\GER-PER 2016\Documents\KennyNeutron\2020\2X2 P10 SCOREBOARD\2X2P10SCOREBOARD32K.ASM
               TRSMITSAMP   0x000110    program     static C:\Users\gerpe\OneDrive\GER-PER 2016\Documents\KennyNeutron\2020\2X2 P10 SCOREBOARD\2X2P10SCOREBOARD32K.ASM
                     USEC   0x000122    program     static C:\Users\gerpe\OneDrive\GER-PER 2016\Documents\KennyNeutron\2020\2X2 P10 SCOREBOARD\2X2P10SCOREBOARD32K.ASM
                   WTHERE   0x000114    program     static C:\Users\gerpe\OneDrive\GER-PER 2016\Documents\KennyNeutron\2020\2X2 P10 SCOREBOARD\2X2P10SCOREBOARD32K.ASM



                              Symbols - Sorted by Address
                     Name    Address   Location    Storage File                     
                ---------  ---------  ---------  --------- ---------                
              EBTR0_ON_7L   0x000000    program     static C:\Users\gerpe\OneDrive\GER-PER 2016\Documents\KennyNeutron\2020\2X2 P10 SCOREBOARD\2X2P10SCOREBOARD32K.ASM
              EBTR1_ON_7L   0x000000    program     static C:\Users\gerpe\OneDrive\GER-PER 2016\Documents\KennyNeutron\2020\2X2 P10 SCOREBOARD\2X2P10SCOREBOARD32K.ASM
              EBTR2_ON_7L   0x000000    program     static C:\Users\gerpe\OneDrive\GER-PER 2016\Documents\KennyNeutron\2020\2X2 P10 SCOREBOARD\2X2P10SCOREBOARD32K.ASM
              EBTR3_ON_7L   0x000000    program     static C:\Users\gerpe\OneDrive\GER-PER 2016\Documents\KennyNeutron\2020\2X2 P10 SCOREBOARD\2X2P10SCOREBOARD32K.ASM
                CPD_ON_5H   0x000000    program     static C:\Users\gerpe\OneDrive\GER-PER 2016\Documents\KennyNeutron\2020\2X2 P10 SCOREBOARD\2X2P10SCOREBOARD32K.ASM
                CPB_ON_5H   0x000000    program     static C:\Users\gerpe\OneDrive\GER-PER 2016\Documents\KennyNeutron\2020\2X2 P10 SCOREBOARD\2X2P10SCOREBOARD32K.ASM
                     INIT   0x000032    program     static C:\Users\gerpe\OneDrive\GER-PER 2016\Documents\KennyNeutron\2020\2X2 P10 SCOREBOARD\2X2P10SCOREBOARD32K.ASM
                      MN0   0x0000ec    program     static C:\Users\gerpe\OneDrive\GER-PER 2016\Documents\KennyNeutron\2020\2X2 P10 SCOREBOARD\2X2P10SCOREBOARD32K.ASM
                     MAIN   0x000108    program     static C:\Users\gerpe\OneDrive\GER-PER 2016\Documents\KennyNeutron\2020\2X2 P10 SCOREBOARD\2X2P10SCOREBOARD32K.ASM
               TRSMITSAMP   0x000110    program     static C:\Users\gerpe\OneDrive\GER-PER 2016\Documents\KennyNeutron\2020\2X2 P10 SCOREBOARD\2X2P10SCOREBOARD32K.ASM
                   WTHERE   0x000114    program     static C:\Users\gerpe\OneDrive\GER-PER 2016\Documents\KennyNeutron\2020\2X2 P10 SCOREBOARD\2X2P10SCOREBOARD32K.ASM
                 DELAY_US   0x000120    program     static C:\Users\gerpe\OneDrive\GER-PER 2016\Documents\KennyNeutron\2020\2X2 P10 SCOREBOARD\2X2P10SCOREBOARD32K.ASM
                     USEC   0x000122    program     static C:\Users\gerpe\OneDrive\GER-PER 2016\Documents\KennyNeutron\2020\2X2 P10 SCOREBOARD\2X2P10SCOREBOARD32K.ASM
              DELAY_ONEMS   0x000132    program     static C:\Users\gerpe\OneDrive\GER-PER 2016\Documents\KennyNeutron\2020\2X2 P10 SCOREBOARD\2X2P10SCOREBOARD32K.ASM
                     MSEC   0x000136    program     static C:\Users\gerpe\OneDrive\GER-PER 2016\Documents\KennyNeutron\2020\2X2 P10 SCOREBOARD\2X2P10SCOREBOARD32K.ASM
                 DELAY_MS   0x000144    program     static C:\Users\gerpe\OneDrive\GER-PER 2016\Documents\KennyNeutron\2020\2X2 P10 SCOREBOARD\2X2P10SCOREBOARD32K.ASM
                    MSEC0   0x000146    program     static C:\Users\gerpe\OneDrive\GER-PER 2016\Documents\KennyNeutron\2020\2X2 P10 SCOREBOARD\2X2P10SCOREBOARD32K.ASM
             DELAY_ONESEC   0x000152    program     static C:\Users\gerpe\OneDrive\GER-PER 2016\Documents\KennyNeutron\2020\2X2 P10 SCOREBOARD\2X2P10SCOREBOARD32K.ASM
                     SEC0   0x000156    program     static C:\Users\gerpe\OneDrive\GER-PER 2016\Documents\KennyNeutron\2020\2X2 P10 SCOREBOARD\2X2P10SCOREBOARD32K.ASM
                DELAY_SEC   0x000164    program     static C:\Users\gerpe\OneDrive\GER-PER 2016\Documents\KennyNeutron\2020\2X2 P10 SCOREBOARD\2X2P10SCOREBOARD32K.ASM
                     SEC1   0x000166    program     static C:\Users\gerpe\OneDrive\GER-PER 2016\Documents\KennyNeutron\2020\2X2 P10 SCOREBOARD\2X2P10SCOREBOARD32K.ASM
                 CLR_DRAM   0x000172    program     static C:\Users\gerpe\OneDrive\GER-PER 2016\Documents\KennyNeutron\2020\2X2 P10 SCOREBOARD\2X2P10SCOREBOARD32K.ASM
                CLR_DRAM0   0x000182    program     static C:\Users\gerpe\OneDrive\GER-PER 2016\Documents\KennyNeutron\2020\2X2 P10 SCOREBOARD\2X2P10SCOREBOARD32K.ASM
              CLR_TEMPRAM   0x000190    program     static C:\Users\gerpe\OneDrive\GER-PER 2016\Documents\KennyNeutron\2020\2X2 P10 SCOREBOARD\2X2P10SCOREBOARD32K.ASM
                CLR_TRAM0   0x0001a0    program     static C:\Users\gerpe\OneDrive\GER-PER 2016\Documents\KennyNeutron\2020\2X2 P10 SCOREBOARD\2X2P10SCOREBOARD32K.ASM
                  DISPLAY   0x0001ae    program     static C:\Users\gerpe\OneDrive\GER-PER 2016\Documents\KennyNeutron\2020\2X2 P10 SCOREBOARD\2X2P10SCOREBOARD32K.ASM
                  DATAREG   0x000240    program     static C:\Users\gerpe\OneDrive\GER-PER 2016\Documents\KennyNeutron\2020\2X2 P10 SCOREBOARD\2X2P10SCOREBOARD32K.ASM
              DATAREG_SUB   0x000272    program     static C:\Users\gerpe\OneDrive\GER-PER 2016\Documents\KennyNeutron\2020\2X2 P10 SCOREBOARD\2X2P10SCOREBOARD32K.ASM
                  DTR_ST1   0x000276    program     static C:\Users\gerpe\OneDrive\GER-PER 2016\Documents\KennyNeutron\2020\2X2 P10 SCOREBOARD\2X2P10SCOREBOARD32K.ASM
                     DTR0   0x00027a    program     static C:\Users\gerpe\OneDrive\GER-PER 2016\Documents\KennyNeutron\2020\2X2 P10 SCOREBOARD\2X2P10SCOREBOARD32K.ASM
                     DTR1   0x000282    program     static C:\Users\gerpe\OneDrive\GER-PER 2016\Documents\KennyNeutron\2020\2X2 P10 SCOREBOARD\2X2P10SCOREBOARD32K.ASM
                DTR1_BIT0   0x00028e    program     static C:\Users\gerpe\OneDrive\GER-PER 2016\Documents\KennyNeutron\2020\2X2 P10 SCOREBOARD\2X2P10SCOREBOARD32K.ASM
                DTR1_BIT1   0x000294    program     static C:\Users\gerpe\OneDrive\GER-PER 2016\Documents\KennyNeutron\2020\2X2 P10 SCOREBOARD\2X2P10SCOREBOARD32K.ASM
                     DTR2   0x00029c    program     static C:\Users\gerpe\OneDrive\GER-PER 2016\Documents\KennyNeutron\2020\2X2 P10 SCOREBOARD\2X2P10SCOREBOARD32K.ASM
                     DMP0   0x0002be    program     static C:\Users\gerpe\OneDrive\GER-PER 2016\Documents\KennyNeutron\2020\2X2 P10 SCOREBOARD\2X2P10SCOREBOARD32K.ASM
                 DUMPDATA   0x0002be    program     static C:\Users\gerpe\OneDrive\GER-PER 2016\Documents\KennyNeutron\2020\2X2 P10 SCOREBOARD\2X2P10SCOREBOARD32K.ASM
                  ADDFONT   0x000300    program     static C:\Users\gerpe\OneDrive\GER-PER 2016\Documents\KennyNeutron\2020\2X2 P10 SCOREBOARD\2X2P10SCOREBOARD32K.ASM
                DMP_FONT0   0x00031a    program     static C:\Users\gerpe\OneDrive\GER-PER 2016\Documents\KennyNeutron\2020\2X2 P10 SCOREBOARD\2X2P10SCOREBOARD32K.ASM
                  DMP_F00   0x00032a    program     static C:\Users\gerpe\OneDrive\GER-PER 2016\Documents\KennyNeutron\2020\2X2 P10 SCOREBOARD\2X2P10SCOREBOARD32K.ASM
                DMP_FONT1   0x00034e    program     static C:\Users\gerpe\OneDrive\GER-PER 2016\Documents\KennyNeutron\2020\2X2 P10 SCOREBOARD\2X2P10SCOREBOARD32K.ASM
                  DMP_F10   0x00035e    program     static C:\Users\gerpe\OneDrive\GER-PER 2016\Documents\KennyNeutron\2020\2X2 P10 SCOREBOARD\2X2P10SCOREBOARD32K.ASM
                DMP_FONT2   0x000382    program     static C:\Users\gerpe\OneDrive\GER-PER 2016\Documents\KennyNeutron\2020\2X2 P10 SCOREBOARD\2X2P10SCOREBOARD32K.ASM
                  DMP_F20   0x000392    program     static C:\Users\gerpe\OneDrive\GER-PER 2016\Documents\KennyNeutron\2020\2X2 P10 SCOREBOARD\2X2P10SCOREBOARD32K.ASM
         MOV_TEMPRAM2DRAM   0x0003b8    program     static C:\Users\gerpe\OneDrive\GER-PER 2016\Documents\KennyNeutron\2020\2X2 P10 SCOREBOARD\2X2P10SCOREBOARD32K.ASM
               MOV_TR2DR0   0x0003d0    program     static C:\Users\gerpe\OneDrive\GER-PER 2016\Documents\KennyNeutron\2020\2X2 P10 SCOREBOARD\2X2P10SCOREBOARD32K.ASM
              ADJ_CURSORX   0x0003f0    program     static C:\Users\gerpe\OneDrive\GER-PER 2016\Documents\KennyNeutron\2020\2X2 P10 SCOREBOARD\2X2P10SCOREBOARD32K.ASM
               CSRX_LTEQ8   0x000400    program     static C:\Users\gerpe\OneDrive\GER-PER 2016\Documents\KennyNeutron\2020\2X2 P10 SCOREBOARD\2X2P10SCOREBOARD32K.ASM
               CSRX_GTEQ8   0x00040e    program     static C:\Users\gerpe\OneDrive\GER-PER 2016\Documents\KennyNeutron\2020\2X2 P10 SCOREBOARD\2X2P10SCOREBOARD32K.ASM
              CSRX_LTEQ16   0x00041e    program     static C:\Users\gerpe\OneDrive\GER-PER 2016\Documents\KennyNeutron\2020\2X2 P10 SCOREBOARD\2X2P10SCOREBOARD32K.ASM
              CSRX_GTEQ16   0x000430    program     static C:\Users\gerpe\OneDrive\GER-PER 2016\Documents\KennyNeutron\2020\2X2 P10 SCOREBOARD\2X2P10SCOREBOARD32K.ASM
              CSRX_LTEQ24   0x000440    program     static C:\Users\gerpe\OneDrive\GER-PER 2016\Documents\KennyNeutron\2020\2X2 P10 SCOREBOARD\2X2P10SCOREBOARD32K.ASM
              CSRX_GTEQ24   0x000452    program     static C:\Users\gerpe\OneDrive\GER-PER 2016\Documents\KennyNeutron\2020\2X2 P10 SCOREBOARD\2X2P10SCOREBOARD32K.ASM
              CSRX_LTEQ32   0x000462    program     static C:\Users\gerpe\OneDrive\GER-PER 2016\Documents\KennyNeutron\2020\2X2 P10 SCOREBOARD\2X2P10SCOREBOARD32K.ASM
              CSRX_GTEQ32   0x000474    program     static C:\Users\gerpe\OneDrive\GER-PER 2016\Documents\KennyNeutron\2020\2X2 P10 SCOREBOARD\2X2P10SCOREBOARD32K.ASM
              CSRX_LTEQ40   0x000484    program     static C:\Users\gerpe\OneDrive\GER-PER 2016\Documents\KennyNeutron\2020\2X2 P10 SCOREBOARD\2X2P10SCOREBOARD32K.ASM
              CSRX_GTEQ40   0x000496    program     static C:\Users\gerpe\OneDrive\GER-PER 2016\Documents\KennyNeutron\2020\2X2 P10 SCOREBOARD\2X2P10SCOREBOARD32K.ASM
              CSRX_LTEQ48   0x0004a6    program     static C:\Users\gerpe\OneDrive\GER-PER 2016\Documents\KennyNeutron\2020\2X2 P10 SCOREBOARD\2X2P10SCOREBOARD32K.ASM
              CSRX_GTEQ48   0x0004b8    program     static C:\Users\gerpe\OneDrive\GER-PER 2016\Documents\KennyNeutron\2020\2X2 P10 SCOREBOARD\2X2P10SCOREBOARD32K.ASM
              CSRX_LTEQ56   0x0004c8    program     static C:\Users\gerpe\OneDrive\GER-PER 2016\Documents\KennyNeutron\2020\2X2 P10 SCOREBOARD\2X2P10SCOREBOARD32K.ASM
              CSRX_GTEQ56   0x0004da    program     static C:\Users\gerpe\OneDrive\GER-PER 2016\Documents\KennyNeutron\2020\2X2 P10 SCOREBOARD\2X2P10SCOREBOARD32K.ASM
                TRAMSHIFT   0x0004ee    program     static C:\Users\gerpe\OneDrive\GER-PER 2016\Documents\KennyNeutron\2020\2X2 P10 SCOREBOARD\2X2P10SCOREBOARD32K.ASM
                     TRS0   0x0004ee    program     static C:\Users\gerpe\OneDrive\GER-PER 2016\Documents\KennyNeutron\2020\2X2 P10 SCOREBOARD\2X2P10SCOREBOARD32K.ASM
              ADJ_CURSORY   0x000556    program     static C:\Users\gerpe\OneDrive\GER-PER 2016\Documents\KennyNeutron\2020\2X2 P10 SCOREBOARD\2X2P10SCOREBOARD32K.ASM
             CSRY_NEQ0_ST   0x000564    program     static C:\Users\gerpe\OneDrive\GER-PER 2016\Documents\KennyNeutron\2020\2X2 P10 SCOREBOARD\2X2P10SCOREBOARD32K.ASM
                CSRY_NEQ0   0x000568    program     static C:\Users\gerpe\OneDrive\GER-PER 2016\Documents\KennyNeutron\2020\2X2 P10 SCOREBOARD\2X2P10SCOREBOARD32K.ASM
              DUMP_FONT01   0x001d00    program     static C:\Users\gerpe\OneDrive\GER-PER 2016\Documents\KennyNeutron\2020\2X2 P10 SCOREBOARD\2X2P10SCOREBOARD32K.ASM
                  DMPF1_0   0x001d18    program     static C:\Users\gerpe\OneDrive\GER-PER 2016\Documents\KennyNeutron\2020\2X2 P10 SCOREBOARD\2X2P10SCOREBOARD32K.ASM
                  DMPF1_1   0x001d24    program     static C:\Users\gerpe\OneDrive\GER-PER 2016\Documents\KennyNeutron\2020\2X2 P10 SCOREBOARD\2X2P10SCOREBOARD32K.ASM
              DUMP_FONT02   0x001e00    program     static C:\Users\gerpe\OneDrive\GER-PER 2016\Documents\KennyNeutron\2020\2X2 P10 SCOREBOARD\2X2P10SCOREBOARD32K.ASM
                  DMPF2_0   0x001e18    program     static C:\Users\gerpe\OneDrive\GER-PER 2016\Documents\KennyNeutron\2020\2X2 P10 SCOREBOARD\2X2P10SCOREBOARD32K.ASM
                  DMPF2_1   0x001e24    program     static C:\Users\gerpe\OneDrive\GER-PER 2016\Documents\KennyNeutron\2020\2X2 P10 SCOREBOARD\2X2P10SCOREBOARD32K.ASM
               DUMP_FONT0   0x001f00    program     static C:\Users\gerpe\OneDrive\GER-PER 2016\Documents\KennyNeutron\2020\2X2 P10 SCOREBOARD\2X2P10SCOREBOARD32K.ASM
                  DMPF0_0   0x001f18    program     static C:\Users\gerpe\OneDrive\GER-PER 2016\Documents\KennyNeutron\2020\2X2 P10 SCOREBOARD\2X2P10SCOREBOARD32K.ASM
                  DMPF0_1   0x001f24    program     static C:\Users\gerpe\OneDrive\GER-PER 2016\Documents\KennyNeutron\2020\2X2 P10 SCOREBOARD\2X2P10SCOREBOARD32K.ASM
                  FONT0_0   0x002000    program     static C:\Users\gerpe\OneDrive\GER-PER 2016\Documents\KennyNeutron\2020\2X2 P10 SCOREBOARD\2X2P10SCOREBOARD32K.ASM
                  FONT1_0   0x002052    program     static C:\Users\gerpe\OneDrive\GER-PER 2016\Documents\KennyNeutron\2020\2X2 P10 SCOREBOARD\2X2P10SCOREBOARD32K.ASM
                  FONT0_1   0x002100    program     static C:\Users\gerpe\OneDrive\GER-PER 2016\Documents\KennyNeutron\2020\2X2 P10 SCOREBOARD\2X2P10SCOREBOARD32K.ASM
                  FONT1_1   0x002152    program     static C:\Users\gerpe\OneDrive\GER-PER 2016\Documents\KennyNeutron\2020\2X2 P10 SCOREBOARD\2X2P10SCOREBOARD32K.ASM
                  FONT0_2   0x002200    program     static C:\Users\gerpe\OneDrive\GER-PER 2016\Documents\KennyNeutron\2020\2X2 P10 SCOREBOARD\2X2P10SCOREBOARD32K.ASM
                  FONT1_2   0x002252    program     static C:\Users\gerpe\OneDrive\GER-PER 2016\Documents\KennyNeutron\2020\2X2 P10 SCOREBOARD\2X2P10SCOREBOARD32K.ASM
                  FONT0_3   0x002300    program     static C:\Users\gerpe\OneDrive\GER-PER 2016\Documents\KennyNeutron\2020\2X2 P10 SCOREBOARD\2X2P10SCOREBOARD32K.ASM
                  FONT1_3   0x002352    program     static C:\Users\gerpe\OneDrive\GER-PER 2016\Documents\KennyNeutron\2020\2X2 P10 SCOREBOARD\2X2P10SCOREBOARD32K.ASM
                  FONT0_4   0x002400    program     static C:\Users\gerpe\OneDrive\GER-PER 2016\Documents\KennyNeutron\2020\2X2 P10 SCOREBOARD\2X2P10SCOREBOARD32K.ASM
                  FONT1_4   0x002452    program     static C:\Users\gerpe\OneDrive\GER-PER 2016\Documents\KennyNeutron\2020\2X2 P10 SCOREBOARD\2X2P10SCOREBOARD32K.ASM
                  FONT0_5   0x002500    program     static C:\Users\gerpe\OneDrive\GER-PER 2016\Documents\KennyNeutron\2020\2X2 P10 SCOREBOARD\2X2P10SCOREBOARD32K.ASM
                  FONT1_5   0x002552    program     static C:\Users\gerpe\OneDrive\GER-PER 2016\Documents\KennyNeutron\2020\2X2 P10 SCOREBOARD\2X2P10SCOREBOARD32K.ASM
                  FONT0_6   0x002600    program     static C:\Users\gerpe\OneDrive\GER-PER 2016\Documents\KennyNeutron\2020\2X2 P10 SCOREBOARD\2X2P10SCOREBOARD32K.ASM
                  FONT1_6   0x002652    program     static C:\Users\gerpe\OneDrive\GER-PER 2016\Documents\KennyNeutron\2020\2X2 P10 SCOREBOARD\2X2P10SCOREBOARD32K.ASM
                  FONT0_7   0x002700    program     static C:\Users\gerpe\OneDrive\GER-PER 2016\Documents\KennyNeutron\2020\2X2 P10 SCOREBOARD\2X2P10SCOREBOARD32K.ASM
                  FONT1_7   0x002752    program     static C:\Users\gerpe\OneDrive\GER-PER 2016\Documents\KennyNeutron\2020\2X2 P10 SCOREBOARD\2X2P10SCOREBOARD32K.ASM
                  FONT0_8   0x002800    program     static C:\Users\gerpe\OneDrive\GER-PER 2016\Documents\KennyNeutron\2020\2X2 P10 SCOREBOARD\2X2P10SCOREBOARD32K.ASM
                  FONT1_8   0x002852    program     static C:\Users\gerpe\OneDrive\GER-PER 2016\Documents\KennyNeutron\2020\2X2 P10 SCOREBOARD\2X2P10SCOREBOARD32K.ASM
                  FONT0_9   0x002900    program     static C:\Users\gerpe\OneDrive\GER-PER 2016\Documents\KennyNeutron\2020\2X2 P10 SCOREBOARD\2X2P10SCOREBOARD32K.ASM
                  FONT1_9   0x002952    program     static C:\Users\gerpe\OneDrive\GER-PER 2016\Documents\KennyNeutron\2020\2X2 P10 SCOREBOARD\2X2P10SCOREBOARD32K.ASM
                  FONT0_A   0x002a00    program     static C:\Users\gerpe\OneDrive\GER-PER 2016\Documents\KennyNeutron\2020\2X2 P10 SCOREBOARD\2X2P10SCOREBOARD32K.ASM
                  FONT1_A   0x002a52    program     static C:\Users\gerpe\OneDrive\GER-PER 2016\Documents\KennyNeutron\2020\2X2 P10 SCOREBOARD\2X2P10SCOREBOARD32K.ASM
                  FONT1_B   0x002b00    program     static C:\Users\gerpe\OneDrive\GER-PER 2016\Documents\KennyNeutron\2020\2X2 P10 SCOREBOARD\2X2P10SCOREBOARD32K.ASM
                  FONT1_C   0x002c00    program     static C:\Users\gerpe\OneDrive\GER-PER 2016\Documents\KennyNeutron\2020\2X2 P10 SCOREBOARD\2X2P10SCOREBOARD32K.ASM
                  FONT1_D   0x002d00    program     static C:\Users\gerpe\OneDrive\GER-PER 2016\Documents\KennyNeutron\2020\2X2 P10 SCOREBOARD\2X2P10SCOREBOARD32K.ASM
                  FONT1_E   0x002e00    program     static C:\Users\gerpe\OneDrive\GER-PER 2016\Documents\KennyNeutron\2020\2X2 P10 SCOREBOARD\2X2P10SCOREBOARD32K.ASM
                  FONT1_F   0x002f00    program     static C:\Users\gerpe\OneDrive\GER-PER 2016\Documents\KennyNeutron\2020\2X2 P10 SCOREBOARD\2X2P10SCOREBOARD32K.ASM
                 FONT1_10   0x003000    program     static C:\Users\gerpe\OneDrive\GER-PER 2016\Documents\KennyNeutron\2020\2X2 P10 SCOREBOARD\2X2P10SCOREBOARD32K.ASM
                 FONT1_11   0x003100    program     static C:\Users\gerpe\OneDrive\GER-PER 2016\Documents\KennyNeutron\2020\2X2 P10 SCOREBOARD\2X2P10SCOREBOARD32K.ASM
                 FONT1_12   0x003200    program     static C:\Users\gerpe\OneDrive\GER-PER 2016\Documents\KennyNeutron\2020\2X2 P10 SCOREBOARD\2X2P10SCOREBOARD32K.ASM
                  FONT2_0   0x004000    program     static C:\Users\gerpe\OneDrive\GER-PER 2016\Documents\KennyNeutron\2020\2X2 P10 SCOREBOARD\2X2P10SCOREBOARD32K.ASM
                  FONT2_1   0x004100    program     static C:\Users\gerpe\OneDrive\GER-PER 2016\Documents\KennyNeutron\2020\2X2 P10 SCOREBOARD\2X2P10SCOREBOARD32K.ASM
                  FONT2_2   0x004200    program     static C:\Users\gerpe\OneDrive\GER-PER 2016\Documents\KennyNeutron\2020\2X2 P10 SCOREBOARD\2X2P10SCOREBOARD32K.ASM
                  FONT2_3   0x004300    program     static C:\Users\gerpe\OneDrive\GER-PER 2016\Documents\KennyNeutron\2020\2X2 P10 SCOREBOARD\2X2P10SCOREBOARD32K.ASM
                  FONT2_4   0x004400    program     static C:\Users\gerpe\OneDrive\GER-PER 2016\Documents\KennyNeutron\2020\2X2 P10 SCOREBOARD\2X2P10SCOREBOARD32K.ASM
                  FONT2_5   0x004500    program     static C:\Users\gerpe\OneDrive\GER-PER 2016\Documents\KennyNeutron\2020\2X2 P10 SCOREBOARD\2X2P10SCOREBOARD32K.ASM
                  FONT2_6   0x004600    program     static C:\Users\gerpe\OneDrive\GER-PER 2016\Documents\KennyNeutron\2020\2X2 P10 SCOREBOARD\2X2P10SCOREBOARD32K.ASM
                  FONT2_7   0x004700    program     static C:\Users\gerpe\OneDrive\GER-PER 2016\Documents\KennyNeutron\2020\2X2 P10 SCOREBOARD\2X2P10SCOREBOARD32K.ASM
                  FONT2_8   0x004800    program     static C:\Users\gerpe\OneDrive\GER-PER 2016\Documents\KennyNeutron\2020\2X2 P10 SCOREBOARD\2X2P10SCOREBOARD32K.ASM
                  FONT2_9   0x004900    program     static C:\Users\gerpe\OneDrive\GER-PER 2016\Documents\KennyNeutron\2020\2X2 P10 SCOREBOARD\2X2P10SCOREBOARD32K.ASM
                  FONT2_A   0x004a00    program     static C:\Users\gerpe\OneDrive\GER-PER 2016\Documents\KennyNeutron\2020\2X2 P10 SCOREBOARD\2X2P10SCOREBOARD32K.ASM
                  FONT2_B   0x004b00    program     static C:\Users\gerpe\OneDrive\GER-PER 2016\Documents\KennyNeutron\2020\2X2 P10 SCOREBOARD\2X2P10SCOREBOARD32K.ASM
                  COMMAND   0x005000    program     static C:\Users\gerpe\OneDrive\GER-PER 2016\Documents\KennyNeutron\2020\2X2 P10 SCOREBOARD\2X2P10SCOREBOARD32K.ASM
              CMD_BUZZOFF   0x00500e    program     static C:\Users\gerpe\OneDrive\GER-PER 2016\Documents\KennyNeutron\2020\2X2 P10 SCOREBOARD\2X2P10SCOREBOARD32K.ASM
               CMD_BUZZON   0x005014    program     static C:\Users\gerpe\OneDrive\GER-PER 2016\Documents\KennyNeutron\2020\2X2 P10 SCOREBOARD\2X2P10SCOREBOARD32K.ASM
                   CMD_ST   0x005016    program     static C:\Users\gerpe\OneDrive\GER-PER 2016\Documents\KennyNeutron\2020\2X2 P10 SCOREBOARD\2X2P10SCOREBOARD32K.ASM
              SHOW_PERIOD   0x005026    program     static C:\Users\gerpe\OneDrive\GER-PER 2016\Documents\KennyNeutron\2020\2X2 P10 SCOREBOARD\2X2P10SCOREBOARD32K.ASM
              SHOW_SCTENS   0x00505a    program     static C:\Users\gerpe\OneDrive\GER-PER 2016\Documents\KennyNeutron\2020\2X2 P10 SCOREBOARD\2X2P10SCOREBOARD32K.ASM
                   SCT_N1   0x005072    program     static C:\Users\gerpe\OneDrive\GER-PER 2016\Documents\KennyNeutron\2020\2X2 P10 SCOREBOARD\2X2P10SCOREBOARD32K.ASM
              SKIP_SCTENS   0x00507e    program     static C:\Users\gerpe\OneDrive\GER-PER 2016\Documents\KennyNeutron\2020\2X2 P10 SCOREBOARD\2X2P10SCOREBOARD32K.ASM
              SHOW_SCONES   0x00508a    program     static C:\Users\gerpe\OneDrive\GER-PER 2016\Documents\KennyNeutron\2020\2X2 P10 SCOREBOARD\2X2P10SCOREBOARD32K.ASM
              SKIP_SCONES   0x005096    program     static C:\Users\gerpe\OneDrive\GER-PER 2016\Documents\KennyNeutron\2020\2X2 P10 SCOREBOARD\2X2P10SCOREBOARD32K.ASM
                  SHOW_FH   0x0050aa    program     static C:\Users\gerpe\OneDrive\GER-PER 2016\Documents\KennyNeutron\2020\2X2 P10 SCOREBOARD\2X2P10SCOREBOARD32K.ASM
                  SKIP_FH   0x0050ba    program     static C:\Users\gerpe\OneDrive\GER-PER 2016\Documents\KennyNeutron\2020\2X2 P10 SCOREBOARD\2X2P10SCOREBOARD32K.ASM
                  SHOW_FG   0x0050c6    program     static C:\Users\gerpe\OneDrive\GER-PER 2016\Documents\KennyNeutron\2020\2X2 P10 SCOREBOARD\2X2P10SCOREBOARD32K.ASM
                SHOW_FGN5   0x0050d2    program     static C:\Users\gerpe\OneDrive\GER-PER 2016\Documents\KennyNeutron\2020\2X2 P10 SCOREBOARD\2X2P10SCOREBOARD32K.ASM
                 SHOW_FG0   0x0050da    program     static C:\Users\gerpe\OneDrive\GER-PER 2016\Documents\KennyNeutron\2020\2X2 P10 SCOREBOARD\2X2P10SCOREBOARD32K.ASM
                 SHOW_FG5   0x0050e8    program     static C:\Users\gerpe\OneDrive\GER-PER 2016\Documents\KennyNeutron\2020\2X2 P10 SCOREBOARD\2X2P10SCOREBOARD32K.ASM
                 SHOW_FG1   0x0050ec    program     static C:\Users\gerpe\OneDrive\GER-PER 2016\Documents\KennyNeutron\2020\2X2 P10 SCOREBOARD\2X2P10SCOREBOARD32K.ASM
              SHOW_FGDUMP   0x0050f8    program     static C:\Users\gerpe\OneDrive\GER-PER 2016\Documents\KennyNeutron\2020\2X2 P10 SCOREBOARD\2X2P10SCOREBOARD32K.ASM
                  SKIP_FG   0x0050fc    program     static C:\Users\gerpe\OneDrive\GER-PER 2016\Documents\KennyNeutron\2020\2X2 P10 SCOREBOARD\2X2P10SCOREBOARD32K.ASM
             SHOW_GTMTENS   0x00510c    program     static C:\Users\gerpe\OneDrive\GER-PER 2016\Documents\KennyNeutron\2020\2X2 P10 SCOREBOARD\2X2P10SCOREBOARD32K.ASM
            SHOW_GTMTENS0   0x005118    program     static C:\Users\gerpe\OneDrive\GER-PER 2016\Documents\KennyNeutron\2020\2X2 P10 SCOREBOARD\2X2P10SCOREBOARD32K.ASM
             SKIP_GTMTENS   0x005124    program     static C:\Users\gerpe\OneDrive\GER-PER 2016\Documents\KennyNeutron\2020\2X2 P10 SCOREBOARD\2X2P10SCOREBOARD32K.ASM
             SHOW_GTMONES   0x005130    program     static C:\Users\gerpe\OneDrive\GER-PER 2016\Documents\KennyNeutron\2020\2X2 P10 SCOREBOARD\2X2P10SCOREBOARD32K.ASM
             SKIP_GTMONES   0x00513c    program     static C:\Users\gerpe\OneDrive\GER-PER 2016\Documents\KennyNeutron\2020\2X2 P10 SCOREBOARD\2X2P10SCOREBOARD32K.ASM
             SHOW_GTSTENS   0x005154    program     static C:\Users\gerpe\OneDrive\GER-PER 2016\Documents\KennyNeutron\2020\2X2 P10 SCOREBOARD\2X2P10SCOREBOARD32K.ASM
             SKIP_GTSTENS   0x005160    program     static C:\Users\gerpe\OneDrive\GER-PER 2016\Documents\KennyNeutron\2020\2X2 P10 SCOREBOARD\2X2P10SCOREBOARD32K.ASM
             SHOW_GTSONES   0x00516c    program     static C:\Users\gerpe\OneDrive\GER-PER 2016\Documents\KennyNeutron\2020\2X2 P10 SCOREBOARD\2X2P10SCOREBOARD32K.ASM
             SKIP_GTSONES   0x005178    program     static C:\Users\gerpe\OneDrive\GER-PER 2016\Documents\KennyNeutron\2020\2X2 P10 SCOREBOARD\2X2P10SCOREBOARD32K.ASM
                 SHOW_GSH   0x005198    program     static C:\Users\gerpe\OneDrive\GER-PER 2016\Documents\KennyNeutron\2020\2X2 P10 SCOREBOARD\2X2P10SCOREBOARD32K.ASM
                 SKIP_GSH   0x0051a4    program     static C:\Users\gerpe\OneDrive\GER-PER 2016\Documents\KennyNeutron\2020\2X2 P10 SCOREBOARD\2X2P10SCOREBOARD32K.ASM
                 SHOW_GST   0x0051b0    program     static C:\Users\gerpe\OneDrive\GER-PER 2016\Documents\KennyNeutron\2020\2X2 P10 SCOREBOARD\2X2P10SCOREBOARD32K.ASM
                 SKIP_GST   0x0051bc    program     static C:\Users\gerpe\OneDrive\GER-PER 2016\Documents\KennyNeutron\2020\2X2 P10 SCOREBOARD\2X2P10SCOREBOARD32K.ASM
                 SHOW_GSO   0x0051c8    program     static C:\Users\gerpe\OneDrive\GER-PER 2016\Documents\KennyNeutron\2020\2X2 P10 SCOREBOARD\2X2P10SCOREBOARD32K.ASM
                 SKIP_GSO   0x0051d4    program     static C:\Users\gerpe\OneDrive\GER-PER 2016\Documents\KennyNeutron\2020\2X2 P10 SCOREBOARD\2X2P10SCOREBOARD32K.ASM
                SHOW_HPOS   0x0051de    program     static C:\Users\gerpe\OneDrive\GER-PER 2016\Documents\KennyNeutron\2020\2X2 P10 SCOREBOARD\2X2P10SCOREBOARD32K.ASM
                SKIP_HPOS   0x0051ee    program     static C:\Users\gerpe\OneDrive\GER-PER 2016\Documents\KennyNeutron\2020\2X2 P10 SCOREBOARD\2X2P10SCOREBOARD32K.ASM
                SHOW_GPOS   0x0051f8    program     static C:\Users\gerpe\OneDrive\GER-PER 2016\Documents\KennyNeutron\2020\2X2 P10 SCOREBOARD\2X2P10SCOREBOARD32K.ASM
                SKIP_GPOS   0x005204    program     static C:\Users\gerpe\OneDrive\GER-PER 2016\Documents\KennyNeutron\2020\2X2 P10 SCOREBOARD\2X2P10SCOREBOARD32K.ASM
                  POS_END   0x005206    program     static C:\Users\gerpe\OneDrive\GER-PER 2016\Documents\KennyNeutron\2020\2X2 P10 SCOREBOARD\2X2P10SCOREBOARD32K.ASM
                 SHOW_HSH   0x005214    program     static C:\Users\gerpe\OneDrive\GER-PER 2016\Documents\KennyNeutron\2020\2X2 P10 SCOREBOARD\2X2P10SCOREBOARD32K.ASM
                 SKIP_HSH   0x005220    program     static C:\Users\gerpe\OneDrive\GER-PER 2016\Documents\KennyNeutron\2020\2X2 P10 SCOREBOARD\2X2P10SCOREBOARD32K.ASM
                 SHOW_HST   0x00522c    program     static C:\Users\gerpe\OneDrive\GER-PER 2016\Documents\KennyNeutron\2020\2X2 P10 SCOREBOARD\2X2P10SCOREBOARD32K.ASM
                 SKIP_HST   0x005238    program     static C:\Users\gerpe\OneDrive\GER-PER 2016\Documents\KennyNeutron\2020\2X2 P10 SCOREBOARD\2X2P10SCOREBOARD32K.ASM
                 SHOW_HSO   0x005244    program     static C:\Users\gerpe\OneDrive\GER-PER 2016\Documents\KennyNeutron\2020\2X2 P10 SCOREBOARD\2X2P10SCOREBOARD32K.ASM
                 SKIP_HSO   0x005250    program     static C:\Users\gerpe\OneDrive\GER-PER 2016\Documents\KennyNeutron\2020\2X2 P10 SCOREBOARD\2X2P10SCOREBOARD32K.ASM
         TRNSDATA_CPU2GPU   0x005256    program     static C:\Users\gerpe\OneDrive\GER-PER 2016\Documents\KennyNeutron\2020\2X2 P10 SCOREBOARD\2X2P10SCOREBOARD32K.ASM
                    TDCG0   0x005296    program     static C:\Users\gerpe\OneDrive\GER-PER 2016\Documents\KennyNeutron\2020\2X2 P10 SCOREBOARD\2X2P10SCOREBOARD32K.ASM
                  END_TRD   0x0052a4    program     static C:\Users\gerpe\OneDrive\GER-PER 2016\Documents\KennyNeutron\2020\2X2 P10 SCOREBOARD\2X2P10SCOREBOARD32K.ASM
                INTERRUPT   0x0052a8    program     static C:\Users\gerpe\OneDrive\GER-PER 2016\Documents\KennyNeutron\2020\2X2 P10 SCOREBOARD\2X2P10SCOREBOARD32K.ASM
              BUS_STARTED   0x0052e4    program     static C:\Users\gerpe\OneDrive\GER-PER 2016\Documents\KennyNeutron\2020\2X2 P10 SCOREBOARD\2X2P10SCOREBOARD32K.ASM
                   BUS_IN   0x005300    program     static C:\Users\gerpe\OneDrive\GER-PER 2016\Documents\KennyNeutron\2020\2X2 P10 SCOREBOARD\2X2P10SCOREBOARD32K.ASM
                  END_INT   0x005304    program     static C:\Users\gerpe\OneDrive\GER-PER 2016\Documents\KennyNeutron\2020\2X2 P10 SCOREBOARD\2X2P10SCOREBOARD32K.ASM
             DISPLAY_LOGO   0x005318    program     static C:\Users\gerpe\OneDrive\GER-PER 2016\Documents\KennyNeutron\2020\2X2 P10 SCOREBOARD\2X2P10SCOREBOARD32K.ASM
             COMMAND_LOGO   0x0053ba    program     static C:\Users\gerpe\OneDrive\GER-PER 2016\Documents\KennyNeutron\2020\2X2 P10 SCOREBOARD\2X2P10SCOREBOARD32K.ASM
                DISP_LOGO   0x005548    program     static C:\Users\gerpe\OneDrive\GER-PER 2016\Documents\KennyNeutron\2020\2X2 P10 SCOREBOARD\2X2P10SCOREBOARD32K.ASM
                DISPLOGO0   0x005550    program     static C:\Users\gerpe\OneDrive\GER-PER 2016\Documents\KennyNeutron\2020\2X2 P10 SCOREBOARD\2X2P10SCOREBOARD32K.ASM
                DISPLOGO1   0x005556    program     static C:\Users\gerpe\OneDrive\GER-PER 2016\Documents\KennyNeutron\2020\2X2 P10 SCOREBOARD\2X2P10SCOREBOARD32K.ASM
                DISPLOGO2   0x00556a    program     static C:\Users\gerpe\OneDrive\GER-PER 2016\Documents\KennyNeutron\2020\2X2 P10 SCOREBOARD\2X2P10SCOREBOARD32K.ASM
                DISPLOGO3   0x00556e    program     static C:\Users\gerpe\OneDrive\GER-PER 2016\Documents\KennyNeutron\2020\2X2 P10 SCOREBOARD\2X2P10SCOREBOARD32K.ASM
                DISPLOGO4   0x005582    program     static C:\Users\gerpe\OneDrive\GER-PER 2016\Documents\KennyNeutron\2020\2X2 P10 SCOREBOARD\2X2P10SCOREBOARD32K.ASM
                DISPLOGO5   0x005588    program     static C:\Users\gerpe\OneDrive\GER-PER 2016\Documents\KennyNeutron\2020\2X2 P10 SCOREBOARD\2X2P10SCOREBOARD32K.ASM


