MPLINK 4.49, Linker
Linker Map File - Created Tue Apr 23 15:29:23 2019

                                 Section Info
                  Section       Type    Address   Location Size(Bytes)
                ---------  ---------  ---------  ---------  ---------
                   .org_0       code   0x000000    program   0x000000
                   .org_1       code   0x000000    program   0x000002
                   .org_2       code   0x000004    program   0x0000d0
    .config_2007_BLINK1.O       code   0x002007    program   0x000002
                   .org_3       code   0x002100    program   0x000008



                              Program Memory Usage 
                               Start         End      
                           ---------   ---------      
                            0x000000    0x000000      
                            0x000004    0x00006b      
                            0x002007    0x002007      
                            0x002100    0x002103      
            110 out of 4359 program addresses used, program memory utilization is 2%



                              Symbols - Sorted by Name
                     Name    Address   Location    Storage File                     
                ---------  ---------  ---------  --------- ---------                
                  ANIMATE   0x000025    program     static D:\KennyNeutron\blink0\blink1.asm
                     CNT1   0x000027    program     static D:\KennyNeutron\blink0\blink1.asm
                     CNT2   0x000030    program     static D:\KennyNeutron\blink0\blink1.asm
                       D0   0x000041    program     static D:\KennyNeutron\blink0\blink1.asm
                       D1   0x000043    program     static D:\KennyNeutron\blink0\blink1.asm
                DATALATCH   0x000038    program     static D:\KennyNeutron\blink0\blink1.asm
                 DELAY_MS   0x00005b    program     static D:\KennyNeutron\blink0\blink1.asm
              DELAY_ONEMS   0x000054    program     static D:\KennyNeutron\blink0\blink1.asm
             DELAY_ONESEC   0x000060    program     static D:\KennyNeutron\blink0\blink1.asm
                DELAY_SEC   0x000067    program     static D:\KennyNeutron\blink0\blink1.asm
                 DELAY_US   0x00004c    program     static D:\KennyNeutron\blink0\blink1.asm
                      DL0   0x00003d    program     static D:\KennyNeutron\blink0\blink1.asm
                      DL1   0x000045    program     static D:\KennyNeutron\blink0\blink1.asm
                     INIT   0x000010    program     static D:\KennyNeutron\blink0\blink1.asm
                     MAIN   0x000018    program     static D:\KennyNeutron\blink0\blink1.asm
                     MSEC   0x000056    program     static D:\KennyNeutron\blink0\blink1.asm
                    MSEC0   0x00005c    program     static D:\KennyNeutron\blink0\blink1.asm
                     SEC0   0x000062    program     static D:\KennyNeutron\blink0\blink1.asm
                     SEC1   0x000068    program     static D:\KennyNeutron\blink0\blink1.asm
                     USEC   0x00004d    program     static D:\KennyNeutron\blink0\blink1.asm



                              Symbols - Sorted by Address
                     Name    Address   Location    Storage File                     
                ---------  ---------  ---------  --------- ---------                
                     INIT   0x000010    program     static D:\KennyNeutron\blink0\blink1.asm
                     MAIN   0x000018    program     static D:\KennyNeutron\blink0\blink1.asm
                  ANIMATE   0x000025    program     static D:\KennyNeutron\blink0\blink1.asm
                     CNT1   0x000027    program     static D:\KennyNeutron\blink0\blink1.asm
                     CNT2   0x000030    program     static D:\KennyNeutron\blink0\blink1.asm
                DATALATCH   0x000038    program     static D:\KennyNeutron\blink0\blink1.asm
                      DL0   0x00003d    program     static D:\KennyNeutron\blink0\blink1.asm
                       D0   0x000041    program     static D:\KennyNeutron\blink0\blink1.asm
                       D1   0x000043    program     static D:\KennyNeutron\blink0\blink1.asm
                      DL1   0x000045    program     static D:\KennyNeutron\blink0\blink1.asm
                 DELAY_US   0x00004c    program     static D:\KennyNeutron\blink0\blink1.asm
                     USEC   0x00004d    program     static D:\KennyNeutron\blink0\blink1.asm
              DELAY_ONEMS   0x000054    program     static D:\KennyNeutron\blink0\blink1.asm
                     MSEC   0x000056    program     static D:\KennyNeutron\blink0\blink1.asm
                 DELAY_MS   0x00005b    program     static D:\KennyNeutron\blink0\blink1.asm
                    MSEC0   0x00005c    program     static D:\KennyNeutron\blink0\blink1.asm
             DELAY_ONESEC   0x000060    program     static D:\KennyNeutron\blink0\blink1.asm
                     SEC0   0x000062    program     static D:\KennyNeutron\blink0\blink1.asm
                DELAY_SEC   0x000067    program     static D:\KennyNeutron\blink0\blink1.asm
                     SEC1   0x000068    program     static D:\KennyNeutron\blink0\blink1.asm


