MPLINK 4.49, Linker
Linker Map File - Created Tue Apr 23 11:34:34 2019

                                 Section Info
                  Section       Type    Address   Location Size(Bytes)
                ---------  ---------  ---------  ---------  ---------
                   .org_0       code   0x000000    program   0x000000
                   .org_1       code   0x000000    program   0x000002
                   .org_2       code   0x000004    program   0x000050
    .config_2007_BLINK0.O       code   0x002007    program   0x000002
                   .org_3       code   0x002100    program   0x000008



                              Program Memory Usage 
                               Start         End      
                           ---------   ---------      
                            0x000000    0x000000      
                            0x000004    0x00002b      
                            0x002007    0x002007      
                            0x002100    0x002103      
            46 out of 4359 program addresses used, program memory utilization is 1%



                              Symbols - Sorted by Name
                     Name    Address   Location    Storage File                     
                ---------  ---------  ---------  --------- ---------                
                 DELAY_MS   0x000022    program     static D:\KennyNeutron\blink0\blink0.asm
                 DELAY_US   0x000019    program     static D:\KennyNeutron\blink0\blink0.asm
                     INIT   0x000010    program     static D:\KennyNeutron\blink0\blink0.asm
                  LED_OFF   0x000018    program     static D:\KennyNeutron\blink0\blink0.asm
                   LED_ON   0x000018    program     static D:\KennyNeutron\blink0\blink0.asm
                     MAIN   0x000018    program     static D:\KennyNeutron\blink0\blink0.asm
                    MSEC0   0x000023    program     static D:\KennyNeutron\blink0\blink0.asm
                    MSEC1   0x000025    program     static D:\KennyNeutron\blink0\blink0.asm
                     usec   0x00001b    program     static D:\KennyNeutron\blink0\blink0.asm



                              Symbols - Sorted by Address
                     Name    Address   Location    Storage File                     
                ---------  ---------  ---------  --------- ---------                
                     INIT   0x000010    program     static D:\KennyNeutron\blink0\blink0.asm
                  LED_OFF   0x000018    program     static D:\KennyNeutron\blink0\blink0.asm
                   LED_ON   0x000018    program     static D:\KennyNeutron\blink0\blink0.asm
                     MAIN   0x000018    program     static D:\KennyNeutron\blink0\blink0.asm
                 DELAY_US   0x000019    program     static D:\KennyNeutron\blink0\blink0.asm
                     usec   0x00001b    program     static D:\KennyNeutron\blink0\blink0.asm
                 DELAY_MS   0x000022    program     static D:\KennyNeutron\blink0\blink0.asm
                    MSEC0   0x000023    program     static D:\KennyNeutron\blink0\blink0.asm
                    MSEC1   0x000025    program     static D:\KennyNeutron\blink0\blink0.asm


