MPLINK 4.49, Linker
Linker Map File - Created Tue Apr 23 11:29:53 2019

                                 Section Info
                  Section       Type    Address   Location Size(Bytes)
                ---------  ---------  ---------  ---------  ---------
                   .org_0       code   0x000000    program   0x000000
                   .org_1       code   0x000000    program   0x000002
                   .org_2       code   0x000004    program   0x00009a
 .config_2007_HUB12TEST.O       code   0x002007    program   0x000002
                   .org_3       code   0x002100    program   0x000008



                              Program Memory Usage 
                               Start         End      
                           ---------   ---------      
                            0x000000    0x000000      
                            0x000004    0x000050      
                            0x002007    0x002007      
                            0x002100    0x002103      
            83 out of 4359 program addresses used, program memory utilization is 1%



                              Symbols - Sorted by Name
                     Name    Address   Location    Storage File                     
                ---------  ---------  ---------  --------- ---------                
                     INIT   0x000010    program     static D:\KennyNeutron\HUB12_OnAll\hub12test.asm
                      del   0x000045    program     static D:\KennyNeutron\HUB12_OnAll\hub12test.asm
                  delayms   0x000045    program     static D:\KennyNeutron\HUB12_OnAll\hub12test.asm
                  delayos   0x000049    program     static D:\KennyNeutron\HUB12_OnAll\hub12test.asm
                 deltwohm   0x00004b    program     static D:\KennyNeutron\HUB12_OnAll\hub12test.asm
                    delus   0x000037    program     static D:\KennyNeutron\HUB12_OnAll\hub12test.asm
                  display   0x000025    program     static D:\KennyNeutron\HUB12_OnAll\hub12test.asm
                      dp0   0x00002b    program     static D:\KennyNeutron\HUB12_OnAll\hub12test.asm
                      dp1   0x00002d    program     static D:\KennyNeutron\HUB12_OnAll\hub12test.asm
                     main   0x000018    program     static D:\KennyNeutron\HUB12_OnAll\hub12test.asm
                     msec   0x000041    program     static D:\KennyNeutron\HUB12_OnAll\hub12test.asm
                    onems   0x00003f    program     static D:\KennyNeutron\HUB12_OnAll\hub12test.asm
                     usec   0x000039    program     static D:\KennyNeutron\HUB12_OnAll\hub12test.asm



                              Symbols - Sorted by Address
                     Name    Address   Location    Storage File                     
                ---------  ---------  ---------  --------- ---------                
                     INIT   0x000010    program     static D:\KennyNeutron\HUB12_OnAll\hub12test.asm
                     main   0x000018    program     static D:\KennyNeutron\HUB12_OnAll\hub12test.asm
                  display   0x000025    program     static D:\KennyNeutron\HUB12_OnAll\hub12test.asm
                      dp0   0x00002b    program     static D:\KennyNeutron\HUB12_OnAll\hub12test.asm
                      dp1   0x00002d    program     static D:\KennyNeutron\HUB12_OnAll\hub12test.asm
                    delus   0x000037    program     static D:\KennyNeutron\HUB12_OnAll\hub12test.asm
                     usec   0x000039    program     static D:\KennyNeutron\HUB12_OnAll\hub12test.asm
                    onems   0x00003f    program     static D:\KennyNeutron\HUB12_OnAll\hub12test.asm
                     msec   0x000041    program     static D:\KennyNeutron\HUB12_OnAll\hub12test.asm
                      del   0x000045    program     static D:\KennyNeutron\HUB12_OnAll\hub12test.asm
                  delayms   0x000045    program     static D:\KennyNeutron\HUB12_OnAll\hub12test.asm
                  delayos   0x000049    program     static D:\KennyNeutron\HUB12_OnAll\hub12test.asm
                 deltwohm   0x00004b    program     static D:\KennyNeutron\HUB12_OnAll\hub12test.asm


