MPLINK 4.49, Linker
Linker Map File - Created Wed May 08 12:00:10 2019

                                 Section Info
                  Section       Type    Address   Location Size(Bytes)
                ---------  ---------  ---------  ---------  ---------
                   .org_0       code   0x000000    program   0x000000
                   .org_1       code   0x000000    program   0x000002
                   .org_2       code   0x000004    program   0x00084c
                   .org_3       code   0x000800    program   0x000198
.config_2007_HUB12_CURSORCONTROL_FONT.O       code   0x002007    program   0x000002
                   .org_4       code   0x002100    program   0x000008



                              Program Memory Usage 
                               Start         End      
                           ---------   ---------      
                            0x000000    0x000000      
                            0x000004    0x000429      
                            0x000800    0x0008cb      
                            0x002007    0x002007      
                            0x002100    0x002103      
            1272 out of 4359 program addresses used, program memory utilization is 29%



                              Symbols - Sorted by Name
                     Name    Address   Location    Storage File                     
                ---------  ---------  ---------  --------- ---------                
                        .   0x000000    program     static D:\KennyNeutron\HUB12_CURSORCONTROL\HUB12_CURSORCONTROL_FONT.ASM
                     CHAR   0x000800    program     static D:\KennyNeutron\HUB12_CURSORCONTROL\HUB12_CURSORCONTROL_FONT.ASM
                    CLRAM   0x00012b    program     static D:\KennyNeutron\HUB12_CURSORCONTROL\HUB12_CURSORCONTROL_FONT.ASM
                  CSR_ET7   0x000160    program     static D:\KennyNeutron\HUB12_CURSORCONTROL\HUB12_CURSORCONTROL_FONT.ASM
                  CSR_ETF   0x0001ca    program     static D:\KennyNeutron\HUB12_CURSORCONTROL\HUB12_CURSORCONTROL_FONT.ASM
                 CSR_ETF8   0x000244    program     static D:\KennyNeutron\HUB12_CURSORCONTROL\HUB12_CURSORCONTROL_FONT.ASM
                  CSR_GT7   0x0001c1    program     static D:\KennyNeutron\HUB12_CURSORCONTROL\HUB12_CURSORCONTROL_FONT.ASM
                  CSR_GTF   0x00023b    program     static D:\KennyNeutron\HUB12_CURSORCONTROL\HUB12_CURSORCONTROL_FONT.ASM
                 CSR_GTF8   0x0002c4    program     static D:\KennyNeutron\HUB12_CURSORCONTROL\HUB12_CURSORCONTROL_FONT.ASM
                  CSR_LT7   0x000160    program     static D:\KennyNeutron\HUB12_CURSORCONTROL\HUB12_CURSORCONTROL_FONT.ASM
                  CSR_LTF   0x0001ca    program     static D:\KennyNeutron\HUB12_CURSORCONTROL\HUB12_CURSORCONTROL_FONT.ASM
                 CSR_LTF8   0x000244    program     static D:\KennyNeutron\HUB12_CURSORCONTROL\HUB12_CURSORCONTROL_FONT.ASM
                       D0   0x000120    program     static D:\KennyNeutron\HUB12_CURSORCONTROL\HUB12_CURSORCONTROL_FONT.ASM
                       D1   0x000122    program     static D:\KennyNeutron\HUB12_CURSORCONTROL\HUB12_CURSORCONTROL_FONT.ASM
                DATALATCH   0x000115    program     static D:\KennyNeutron\HUB12_CURSORCONTROL\HUB12_CURSORCONTROL_FONT.ASM
                 DELAY_MS   0x000146    program     static D:\KennyNeutron\HUB12_CURSORCONTROL\HUB12_CURSORCONTROL_FONT.ASM
              DELAY_ONEMS   0x00013f    program     static D:\KennyNeutron\HUB12_CURSORCONTROL\HUB12_CURSORCONTROL_FONT.ASM
             DELAY_ONESEC   0x00014b    program     static D:\KennyNeutron\HUB12_CURSORCONTROL\HUB12_CURSORCONTROL_FONT.ASM
                DELAY_SEC   0x000152    program     static D:\KennyNeutron\HUB12_CURSORCONTROL\HUB12_CURSORCONTROL_FONT.ASM
                 DELAY_US   0x000137    program     static D:\KennyNeutron\HUB12_CURSORCONTROL\HUB12_CURSORCONTROL_FONT.ASM
                     DISP   0x0000e4    program     static D:\KennyNeutron\HUB12_CURSORCONTROL\HUB12_CURSORCONTROL_FONT.ASM
                  DISPLAY   0x0000ea    program     static D:\KennyNeutron\HUB12_CURSORCONTROL\HUB12_CURSORCONTROL_FONT.ASM
                      DL0   0x00011c    program     static D:\KennyNeutron\HUB12_CURSORCONTROL\HUB12_CURSORCONTROL_FONT.ASM
                      DL1   0x000124    program     static D:\KennyNeutron\HUB12_CURSORCONTROL\HUB12_CURSORCONTROL_FONT.ASM
                      DP0   0x0000ea    program     static D:\KennyNeutron\HUB12_CURSORCONTROL\HUB12_CURSORCONTROL_FONT.ASM
                     DRM0   0x00012f    program     static D:\KennyNeutron\HUB12_CURSORCONTROL\HUB12_CURSORCONTROL_FONT.ASM
                     DSP0   0x0000ee    program     static D:\KennyNeutron\HUB12_CURSORCONTROL\HUB12_CURSORCONTROL_FONT.ASM
                     DSP1   0x0000f8    program     static D:\KennyNeutron\HUB12_CURSORCONTROL\HUB12_CURSORCONTROL_FONT.ASM
                     DSP2   0x000102    program     static D:\KennyNeutron\HUB12_CURSORCONTROL\HUB12_CURSORCONTROL_FONT.ASM
                     DSP3   0x00010c    program     static D:\KennyNeutron\HUB12_CURSORCONTROL\HUB12_CURSORCONTROL_FONT.ASM
                     DUMP   0x0000aa    program     static D:\KennyNeutron\HUB12_CURSORCONTROL\HUB12_CURSORCONTROL_FONT.ASM
                    EIGHT   0x0008a6    program     static D:\KennyNeutron\HUB12_CURSORCONTROL\HUB12_CURSORCONTROL_FONT.ASM
                     FIVE   0x00086d    program     static D:\KennyNeutron\HUB12_CURSORCONTROL\HUB12_CURSORCONTROL_FONT.ASM
                     FOUR   0x00085a    program     static D:\KennyNeutron\HUB12_CURSORCONTROL\HUB12_CURSORCONTROL_FONT.ASM
                  GRP_ETB   0x0002ce    program     static D:\KennyNeutron\HUB12_CURSORCONTROL\HUB12_CURSORCONTROL_FONT.ASM
                  GRP_ETC   0x000348    program     static D:\KennyNeutron\HUB12_CURSORCONTROL\HUB12_CURSORCONTROL_FONT.ASM
                  GRP_ETD   0x0003b9    program     static D:\KennyNeutron\HUB12_CURSORCONTROL\HUB12_CURSORCONTROL_FONT.ASM
                  GRP_GTB   0x00033f    program     static D:\KennyNeutron\HUB12_CURSORCONTROL\HUB12_CURSORCONTROL_FONT.ASM
                  GRP_GTC   0x0003b9    program     static D:\KennyNeutron\HUB12_CURSORCONTROL\HUB12_CURSORCONTROL_FONT.ASM
                     INIT   0x000010    program     static D:\KennyNeutron\HUB12_CURSORCONTROL\HUB12_CURSORCONTROL_FONT.ASM
                     MAIN   0x000021    program     static D:\KennyNeutron\HUB12_CURSORCONTROL\HUB12_CURSORCONTROL_FONT.ASM
                      MN0   0x0000e6    program     static D:\KennyNeutron\HUB12_CURSORCONTROL\HUB12_CURSORCONTROL_FONT.ASM
                     MSEC   0x000141    program     static D:\KennyNeutron\HUB12_CURSORCONTROL\HUB12_CURSORCONTROL_FONT.ASM
                    MSEC0   0x000147    program     static D:\KennyNeutron\HUB12_CURSORCONTROL\HUB12_CURSORCONTROL_FONT.ASM
                     NINE   0x0008b9    program     static D:\KennyNeutron\HUB12_CURSORCONTROL\HUB12_CURSORCONTROL_FONT.ASM
                      ONE   0x000821    program     static D:\KennyNeutron\HUB12_CURSORCONTROL\HUB12_CURSORCONTROL_FONT.ASM
                     SEC0   0x00014d    program     static D:\KennyNeutron\HUB12_CURSORCONTROL\HUB12_CURSORCONTROL_FONT.ASM
                     SEC1   0x000153    program     static D:\KennyNeutron\HUB12_CURSORCONTROL\HUB12_CURSORCONTROL_FONT.ASM
                    SEVEN   0x000893    program     static D:\KennyNeutron\HUB12_CURSORCONTROL\HUB12_CURSORCONTROL_FONT.ASM
                    SHIFT   0x000157    program     static D:\KennyNeutron\HUB12_CURSORCONTROL\HUB12_CURSORCONTROL_FONT.ASM
                   SHIFTL   0x0002c5    program     static D:\KennyNeutron\HUB12_CURSORCONTROL\HUB12_CURSORCONTROL_FONT.ASM
              SHIFTL_ALLB   0x000095    program     static D:\KennyNeutron\HUB12_CURSORCONTROL\HUB12_CURSORCONTROL_FONT.ASM
              SHIFTL_ALLC   0x00009f    program     static D:\KennyNeutron\HUB12_CURSORCONTROL\HUB12_CURSORCONTROL_FONT.ASM
              SHIFTL_ALLD   0x0000a6    program     static D:\KennyNeutron\HUB12_CURSORCONTROL\HUB12_CURSORCONTROL_FONT.ASM
                 SHIFT_YU   0x000048    program     static D:\KennyNeutron\HUB12_CURSORCONTROL\HUB12_CURSORCONTROL_FONT.ASM
                    SHT00   0x000162    program     static D:\KennyNeutron\HUB12_CURSORCONTROL\HUB12_CURSORCONTROL_FONT.ASM
                    SHT01   0x000168    program     static D:\KennyNeutron\HUB12_CURSORCONTROL\HUB12_CURSORCONTROL_FONT.ASM
                    SHT02   0x00016e    program     static D:\KennyNeutron\HUB12_CURSORCONTROL\HUB12_CURSORCONTROL_FONT.ASM
                    SHT03   0x000174    program     static D:\KennyNeutron\HUB12_CURSORCONTROL\HUB12_CURSORCONTROL_FONT.ASM
                    SHT04   0x00017a    program     static D:\KennyNeutron\HUB12_CURSORCONTROL\HUB12_CURSORCONTROL_FONT.ASM
                    SHT05   0x000180    program     static D:\KennyNeutron\HUB12_CURSORCONTROL\HUB12_CURSORCONTROL_FONT.ASM
                    SHT06   0x000186    program     static D:\KennyNeutron\HUB12_CURSORCONTROL\HUB12_CURSORCONTROL_FONT.ASM
                    SHT07   0x00018c    program     static D:\KennyNeutron\HUB12_CURSORCONTROL\HUB12_CURSORCONTROL_FONT.ASM
                    SHT08   0x000192    program     static D:\KennyNeutron\HUB12_CURSORCONTROL\HUB12_CURSORCONTROL_FONT.ASM
                    SHT09   0x000198    program     static D:\KennyNeutron\HUB12_CURSORCONTROL\HUB12_CURSORCONTROL_FONT.ASM
                    SHT0A   0x00019e    program     static D:\KennyNeutron\HUB12_CURSORCONTROL\HUB12_CURSORCONTROL_FONT.ASM
                    SHT0B   0x0001a4    program     static D:\KennyNeutron\HUB12_CURSORCONTROL\HUB12_CURSORCONTROL_FONT.ASM
                    SHT0C   0x0001aa    program     static D:\KennyNeutron\HUB12_CURSORCONTROL\HUB12_CURSORCONTROL_FONT.ASM
                    SHT0D   0x0001b0    program     static D:\KennyNeutron\HUB12_CURSORCONTROL\HUB12_CURSORCONTROL_FONT.ASM
                    SHT0E   0x0001b6    program     static D:\KennyNeutron\HUB12_CURSORCONTROL\HUB12_CURSORCONTROL_FONT.ASM
                    SHT0F   0x0001bc    program     static D:\KennyNeutron\HUB12_CURSORCONTROL\HUB12_CURSORCONTROL_FONT.ASM
                    SHT10   0x0001cc    program     static D:\KennyNeutron\HUB12_CURSORCONTROL\HUB12_CURSORCONTROL_FONT.ASM
                    SHT11   0x0001d3    program     static D:\KennyNeutron\HUB12_CURSORCONTROL\HUB12_CURSORCONTROL_FONT.ASM
                    SHT12   0x0001da    program     static D:\KennyNeutron\HUB12_CURSORCONTROL\HUB12_CURSORCONTROL_FONT.ASM
                    SHT13   0x0001e1    program     static D:\KennyNeutron\HUB12_CURSORCONTROL\HUB12_CURSORCONTROL_FONT.ASM
                    SHT14   0x0001e8    program     static D:\KennyNeutron\HUB12_CURSORCONTROL\HUB12_CURSORCONTROL_FONT.ASM
                    SHT15   0x0001ef    program     static D:\KennyNeutron\HUB12_CURSORCONTROL\HUB12_CURSORCONTROL_FONT.ASM
                    SHT16   0x0001f6    program     static D:\KennyNeutron\HUB12_CURSORCONTROL\HUB12_CURSORCONTROL_FONT.ASM
                    SHT17   0x0001fd    program     static D:\KennyNeutron\HUB12_CURSORCONTROL\HUB12_CURSORCONTROL_FONT.ASM
                    SHT18   0x000204    program     static D:\KennyNeutron\HUB12_CURSORCONTROL\HUB12_CURSORCONTROL_FONT.ASM
                    SHT19   0x00020b    program     static D:\KennyNeutron\HUB12_CURSORCONTROL\HUB12_CURSORCONTROL_FONT.ASM
                    SHT1A   0x000212    program     static D:\KennyNeutron\HUB12_CURSORCONTROL\HUB12_CURSORCONTROL_FONT.ASM
                    SHT1B   0x000219    program     static D:\KennyNeutron\HUB12_CURSORCONTROL\HUB12_CURSORCONTROL_FONT.ASM
                    SHT1C   0x000220    program     static D:\KennyNeutron\HUB12_CURSORCONTROL\HUB12_CURSORCONTROL_FONT.ASM
                    SHT1D   0x000227    program     static D:\KennyNeutron\HUB12_CURSORCONTROL\HUB12_CURSORCONTROL_FONT.ASM
                    SHT1E   0x00022e    program     static D:\KennyNeutron\HUB12_CURSORCONTROL\HUB12_CURSORCONTROL_FONT.ASM
                    SHT1F   0x000235    program     static D:\KennyNeutron\HUB12_CURSORCONTROL\HUB12_CURSORCONTROL_FONT.ASM
                    SHT20   0x000246    program     static D:\KennyNeutron\HUB12_CURSORCONTROL\HUB12_CURSORCONTROL_FONT.ASM
                    SHT21   0x00024e    program     static D:\KennyNeutron\HUB12_CURSORCONTROL\HUB12_CURSORCONTROL_FONT.ASM
                    SHT22   0x000256    program     static D:\KennyNeutron\HUB12_CURSORCONTROL\HUB12_CURSORCONTROL_FONT.ASM
                    SHT23   0x00025e    program     static D:\KennyNeutron\HUB12_CURSORCONTROL\HUB12_CURSORCONTROL_FONT.ASM
                    SHT24   0x000266    program     static D:\KennyNeutron\HUB12_CURSORCONTROL\HUB12_CURSORCONTROL_FONT.ASM
                    SHT25   0x00026e    program     static D:\KennyNeutron\HUB12_CURSORCONTROL\HUB12_CURSORCONTROL_FONT.ASM
                    SHT26   0x000276    program     static D:\KennyNeutron\HUB12_CURSORCONTROL\HUB12_CURSORCONTROL_FONT.ASM
                    SHT27   0x00027e    program     static D:\KennyNeutron\HUB12_CURSORCONTROL\HUB12_CURSORCONTROL_FONT.ASM
                    SHT28   0x000286    program     static D:\KennyNeutron\HUB12_CURSORCONTROL\HUB12_CURSORCONTROL_FONT.ASM
                    SHT29   0x00028e    program     static D:\KennyNeutron\HUB12_CURSORCONTROL\HUB12_CURSORCONTROL_FONT.ASM
                    SHT2A   0x000296    program     static D:\KennyNeutron\HUB12_CURSORCONTROL\HUB12_CURSORCONTROL_FONT.ASM
                    SHT2B   0x00029e    program     static D:\KennyNeutron\HUB12_CURSORCONTROL\HUB12_CURSORCONTROL_FONT.ASM
                    SHT2C   0x0002a6    program     static D:\KennyNeutron\HUB12_CURSORCONTROL\HUB12_CURSORCONTROL_FONT.ASM
                    SHT2D   0x0002ae    program     static D:\KennyNeutron\HUB12_CURSORCONTROL\HUB12_CURSORCONTROL_FONT.ASM
                    SHT2E   0x0002b6    program     static D:\KennyNeutron\HUB12_CURSORCONTROL\HUB12_CURSORCONTROL_FONT.ASM
                    SHT2F   0x0002be    program     static D:\KennyNeutron\HUB12_CURSORCONTROL\HUB12_CURSORCONTROL_FONT.ASM
                      SIX   0x000880    program     static D:\KennyNeutron\HUB12_CURSORCONTROL\HUB12_CURSORCONTROL_FONT.ASM
                     SLB0   0x00006f    program     static D:\KennyNeutron\HUB12_CURSORCONTROL\HUB12_CURSORCONTROL_FONT.ASM
                     SLB1   0x000073    program     static D:\KennyNeutron\HUB12_CURSORCONTROL\HUB12_CURSORCONTROL_FONT.ASM
                     SLB2   0x00007b    program     static D:\KennyNeutron\HUB12_CURSORCONTROL\HUB12_CURSORCONTROL_FONT.ASM
                   SLICEB   0x00006d    program     static D:\KennyNeutron\HUB12_CURSORCONTROL\HUB12_CURSORCONTROL_FONT.ASM
                   SLICET   0x000081    program     static D:\KennyNeutron\HUB12_CURSORCONTROL\HUB12_CURSORCONTROL_FONT.ASM
                     SLT0   0x000083    program     static D:\KennyNeutron\HUB12_CURSORCONTROL\HUB12_CURSORCONTROL_FONT.ASM
                     SLT1   0x000087    program     static D:\KennyNeutron\HUB12_CURSORCONTROL\HUB12_CURSORCONTROL_FONT.ASM
                     SLT2   0x00008f    program     static D:\KennyNeutron\HUB12_CURSORCONTROL\HUB12_CURSORCONTROL_FONT.ASM
                    THREE   0x000847    program     static D:\KennyNeutron\HUB12_CURSORCONTROL\HUB12_CURSORCONTROL_FONT.ASM
                      TWO   0x000834    program     static D:\KennyNeutron\HUB12_CURSORCONTROL\HUB12_CURSORCONTROL_FONT.ASM
                     USEC   0x000138    program     static D:\KennyNeutron\HUB12_CURSORCONTROL\HUB12_CURSORCONTROL_FONT.ASM
                     ZERO   0x00080c    program     static D:\KennyNeutron\HUB12_CURSORCONTROL\HUB12_CURSORCONTROL_FONT.ASM



                              Symbols - Sorted by Address
                     Name    Address   Location    Storage File                     
                ---------  ---------  ---------  --------- ---------                
                        .   0x000000    program     static D:\KennyNeutron\HUB12_CURSORCONTROL\HUB12_CURSORCONTROL_FONT.ASM
                     INIT   0x000010    program     static D:\KennyNeutron\HUB12_CURSORCONTROL\HUB12_CURSORCONTROL_FONT.ASM
                     MAIN   0x000021    program     static D:\KennyNeutron\HUB12_CURSORCONTROL\HUB12_CURSORCONTROL_FONT.ASM
                 SHIFT_YU   0x000048    program     static D:\KennyNeutron\HUB12_CURSORCONTROL\HUB12_CURSORCONTROL_FONT.ASM
                   SLICEB   0x00006d    program     static D:\KennyNeutron\HUB12_CURSORCONTROL\HUB12_CURSORCONTROL_FONT.ASM
                     SLB0   0x00006f    program     static D:\KennyNeutron\HUB12_CURSORCONTROL\HUB12_CURSORCONTROL_FONT.ASM
                     SLB1   0x000073    program     static D:\KennyNeutron\HUB12_CURSORCONTROL\HUB12_CURSORCONTROL_FONT.ASM
                     SLB2   0x00007b    program     static D:\KennyNeutron\HUB12_CURSORCONTROL\HUB12_CURSORCONTROL_FONT.ASM
                   SLICET   0x000081    program     static D:\KennyNeutron\HUB12_CURSORCONTROL\HUB12_CURSORCONTROL_FONT.ASM
                     SLT0   0x000083    program     static D:\KennyNeutron\HUB12_CURSORCONTROL\HUB12_CURSORCONTROL_FONT.ASM
                     SLT1   0x000087    program     static D:\KennyNeutron\HUB12_CURSORCONTROL\HUB12_CURSORCONTROL_FONT.ASM
                     SLT2   0x00008f    program     static D:\KennyNeutron\HUB12_CURSORCONTROL\HUB12_CURSORCONTROL_FONT.ASM
              SHIFTL_ALLB   0x000095    program     static D:\KennyNeutron\HUB12_CURSORCONTROL\HUB12_CURSORCONTROL_FONT.ASM
              SHIFTL_ALLC   0x00009f    program     static D:\KennyNeutron\HUB12_CURSORCONTROL\HUB12_CURSORCONTROL_FONT.ASM
              SHIFTL_ALLD   0x0000a6    program     static D:\KennyNeutron\HUB12_CURSORCONTROL\HUB12_CURSORCONTROL_FONT.ASM
                     DUMP   0x0000aa    program     static D:\KennyNeutron\HUB12_CURSORCONTROL\HUB12_CURSORCONTROL_FONT.ASM
                     DISP   0x0000e4    program     static D:\KennyNeutron\HUB12_CURSORCONTROL\HUB12_CURSORCONTROL_FONT.ASM
                      MN0   0x0000e6    program     static D:\KennyNeutron\HUB12_CURSORCONTROL\HUB12_CURSORCONTROL_FONT.ASM
                      DP0   0x0000ea    program     static D:\KennyNeutron\HUB12_CURSORCONTROL\HUB12_CURSORCONTROL_FONT.ASM
                  DISPLAY   0x0000ea    program     static D:\KennyNeutron\HUB12_CURSORCONTROL\HUB12_CURSORCONTROL_FONT.ASM
                     DSP0   0x0000ee    program     static D:\KennyNeutron\HUB12_CURSORCONTROL\HUB12_CURSORCONTROL_FONT.ASM
                     DSP1   0x0000f8    program     static D:\KennyNeutron\HUB12_CURSORCONTROL\HUB12_CURSORCONTROL_FONT.ASM
                     DSP2   0x000102    program     static D:\KennyNeutron\HUB12_CURSORCONTROL\HUB12_CURSORCONTROL_FONT.ASM
                     DSP3   0x00010c    program     static D:\KennyNeutron\HUB12_CURSORCONTROL\HUB12_CURSORCONTROL_FONT.ASM
                DATALATCH   0x000115    program     static D:\KennyNeutron\HUB12_CURSORCONTROL\HUB12_CURSORCONTROL_FONT.ASM
                      DL0   0x00011c    program     static D:\KennyNeutron\HUB12_CURSORCONTROL\HUB12_CURSORCONTROL_FONT.ASM
                       D0   0x000120    program     static D:\KennyNeutron\HUB12_CURSORCONTROL\HUB12_CURSORCONTROL_FONT.ASM
                       D1   0x000122    program     static D:\KennyNeutron\HUB12_CURSORCONTROL\HUB12_CURSORCONTROL_FONT.ASM
                      DL1   0x000124    program     static D:\KennyNeutron\HUB12_CURSORCONTROL\HUB12_CURSORCONTROL_FONT.ASM
                    CLRAM   0x00012b    program     static D:\KennyNeutron\HUB12_CURSORCONTROL\HUB12_CURSORCONTROL_FONT.ASM
                     DRM0   0x00012f    program     static D:\KennyNeutron\HUB12_CURSORCONTROL\HUB12_CURSORCONTROL_FONT.ASM
                 DELAY_US   0x000137    program     static D:\KennyNeutron\HUB12_CURSORCONTROL\HUB12_CURSORCONTROL_FONT.ASM
                     USEC   0x000138    program     static D:\KennyNeutron\HUB12_CURSORCONTROL\HUB12_CURSORCONTROL_FONT.ASM
              DELAY_ONEMS   0x00013f    program     static D:\KennyNeutron\HUB12_CURSORCONTROL\HUB12_CURSORCONTROL_FONT.ASM
                     MSEC   0x000141    program     static D:\KennyNeutron\HUB12_CURSORCONTROL\HUB12_CURSORCONTROL_FONT.ASM
                 DELAY_MS   0x000146    program     static D:\KennyNeutron\HUB12_CURSORCONTROL\HUB12_CURSORCONTROL_FONT.ASM
                    MSEC0   0x000147    program     static D:\KennyNeutron\HUB12_CURSORCONTROL\HUB12_CURSORCONTROL_FONT.ASM
             DELAY_ONESEC   0x00014b    program     static D:\KennyNeutron\HUB12_CURSORCONTROL\HUB12_CURSORCONTROL_FONT.ASM
                     SEC0   0x00014d    program     static D:\KennyNeutron\HUB12_CURSORCONTROL\HUB12_CURSORCONTROL_FONT.ASM
                DELAY_SEC   0x000152    program     static D:\KennyNeutron\HUB12_CURSORCONTROL\HUB12_CURSORCONTROL_FONT.ASM
                     SEC1   0x000153    program     static D:\KennyNeutron\HUB12_CURSORCONTROL\HUB12_CURSORCONTROL_FONT.ASM
                    SHIFT   0x000157    program     static D:\KennyNeutron\HUB12_CURSORCONTROL\HUB12_CURSORCONTROL_FONT.ASM
                  CSR_ET7   0x000160    program     static D:\KennyNeutron\HUB12_CURSORCONTROL\HUB12_CURSORCONTROL_FONT.ASM
                  CSR_LT7   0x000160    program     static D:\KennyNeutron\HUB12_CURSORCONTROL\HUB12_CURSORCONTROL_FONT.ASM
                    SHT00   0x000162    program     static D:\KennyNeutron\HUB12_CURSORCONTROL\HUB12_CURSORCONTROL_FONT.ASM
                    SHT01   0x000168    program     static D:\KennyNeutron\HUB12_CURSORCONTROL\HUB12_CURSORCONTROL_FONT.ASM
                    SHT02   0x00016e    program     static D:\KennyNeutron\HUB12_CURSORCONTROL\HUB12_CURSORCONTROL_FONT.ASM
                    SHT03   0x000174    program     static D:\KennyNeutron\HUB12_CURSORCONTROL\HUB12_CURSORCONTROL_FONT.ASM
                    SHT04   0x00017a    program     static D:\KennyNeutron\HUB12_CURSORCONTROL\HUB12_CURSORCONTROL_FONT.ASM
                    SHT05   0x000180    program     static D:\KennyNeutron\HUB12_CURSORCONTROL\HUB12_CURSORCONTROL_FONT.ASM
                    SHT06   0x000186    program     static D:\KennyNeutron\HUB12_CURSORCONTROL\HUB12_CURSORCONTROL_FONT.ASM
                    SHT07   0x00018c    program     static D:\KennyNeutron\HUB12_CURSORCONTROL\HUB12_CURSORCONTROL_FONT.ASM
                    SHT08   0x000192    program     static D:\KennyNeutron\HUB12_CURSORCONTROL\HUB12_CURSORCONTROL_FONT.ASM
                    SHT09   0x000198    program     static D:\KennyNeutron\HUB12_CURSORCONTROL\HUB12_CURSORCONTROL_FONT.ASM
                    SHT0A   0x00019e    program     static D:\KennyNeutron\HUB12_CURSORCONTROL\HUB12_CURSORCONTROL_FONT.ASM
                    SHT0B   0x0001a4    program     static D:\KennyNeutron\HUB12_CURSORCONTROL\HUB12_CURSORCONTROL_FONT.ASM
                    SHT0C   0x0001aa    program     static D:\KennyNeutron\HUB12_CURSORCONTROL\HUB12_CURSORCONTROL_FONT.ASM
                    SHT0D   0x0001b0    program     static D:\KennyNeutron\HUB12_CURSORCONTROL\HUB12_CURSORCONTROL_FONT.ASM
                    SHT0E   0x0001b6    program     static D:\KennyNeutron\HUB12_CURSORCONTROL\HUB12_CURSORCONTROL_FONT.ASM
                    SHT0F   0x0001bc    program     static D:\KennyNeutron\HUB12_CURSORCONTROL\HUB12_CURSORCONTROL_FONT.ASM
                  CSR_GT7   0x0001c1    program     static D:\KennyNeutron\HUB12_CURSORCONTROL\HUB12_CURSORCONTROL_FONT.ASM
                  CSR_ETF   0x0001ca    program     static D:\KennyNeutron\HUB12_CURSORCONTROL\HUB12_CURSORCONTROL_FONT.ASM
                  CSR_LTF   0x0001ca    program     static D:\KennyNeutron\HUB12_CURSORCONTROL\HUB12_CURSORCONTROL_FONT.ASM
                    SHT10   0x0001cc    program     static D:\KennyNeutron\HUB12_CURSORCONTROL\HUB12_CURSORCONTROL_FONT.ASM
                    SHT11   0x0001d3    program     static D:\KennyNeutron\HUB12_CURSORCONTROL\HUB12_CURSORCONTROL_FONT.ASM
                    SHT12   0x0001da    program     static D:\KennyNeutron\HUB12_CURSORCONTROL\HUB12_CURSORCONTROL_FONT.ASM
                    SHT13   0x0001e1    program     static D:\KennyNeutron\HUB12_CURSORCONTROL\HUB12_CURSORCONTROL_FONT.ASM
                    SHT14   0x0001e8    program     static D:\KennyNeutron\HUB12_CURSORCONTROL\HUB12_CURSORCONTROL_FONT.ASM
                    SHT15   0x0001ef    program     static D:\KennyNeutron\HUB12_CURSORCONTROL\HUB12_CURSORCONTROL_FONT.ASM
                    SHT16   0x0001f6    program     static D:\KennyNeutron\HUB12_CURSORCONTROL\HUB12_CURSORCONTROL_FONT.ASM
                    SHT17   0x0001fd    program     static D:\KennyNeutron\HUB12_CURSORCONTROL\HUB12_CURSORCONTROL_FONT.ASM
                    SHT18   0x000204    program     static D:\KennyNeutron\HUB12_CURSORCONTROL\HUB12_CURSORCONTROL_FONT.ASM
                    SHT19   0x00020b    program     static D:\KennyNeutron\HUB12_CURSORCONTROL\HUB12_CURSORCONTROL_FONT.ASM
                    SHT1A   0x000212    program     static D:\KennyNeutron\HUB12_CURSORCONTROL\HUB12_CURSORCONTROL_FONT.ASM
                    SHT1B   0x000219    program     static D:\KennyNeutron\HUB12_CURSORCONTROL\HUB12_CURSORCONTROL_FONT.ASM
                    SHT1C   0x000220    program     static D:\KennyNeutron\HUB12_CURSORCONTROL\HUB12_CURSORCONTROL_FONT.ASM
                    SHT1D   0x000227    program     static D:\KennyNeutron\HUB12_CURSORCONTROL\HUB12_CURSORCONTROL_FONT.ASM
                    SHT1E   0x00022e    program     static D:\KennyNeutron\HUB12_CURSORCONTROL\HUB12_CURSORCONTROL_FONT.ASM
                    SHT1F   0x000235    program     static D:\KennyNeutron\HUB12_CURSORCONTROL\HUB12_CURSORCONTROL_FONT.ASM
                  CSR_GTF   0x00023b    program     static D:\KennyNeutron\HUB12_CURSORCONTROL\HUB12_CURSORCONTROL_FONT.ASM
                 CSR_ETF8   0x000244    program     static D:\KennyNeutron\HUB12_CURSORCONTROL\HUB12_CURSORCONTROL_FONT.ASM
                 CSR_LTF8   0x000244    program     static D:\KennyNeutron\HUB12_CURSORCONTROL\HUB12_CURSORCONTROL_FONT.ASM
                    SHT20   0x000246    program     static D:\KennyNeutron\HUB12_CURSORCONTROL\HUB12_CURSORCONTROL_FONT.ASM
                    SHT21   0x00024e    program     static D:\KennyNeutron\HUB12_CURSORCONTROL\HUB12_CURSORCONTROL_FONT.ASM
                    SHT22   0x000256    program     static D:\KennyNeutron\HUB12_CURSORCONTROL\HUB12_CURSORCONTROL_FONT.ASM
                    SHT23   0x00025e    program     static D:\KennyNeutron\HUB12_CURSORCONTROL\HUB12_CURSORCONTROL_FONT.ASM
                    SHT24   0x000266    program     static D:\KennyNeutron\HUB12_CURSORCONTROL\HUB12_CURSORCONTROL_FONT.ASM
                    SHT25   0x00026e    program     static D:\KennyNeutron\HUB12_CURSORCONTROL\HUB12_CURSORCONTROL_FONT.ASM
                    SHT26   0x000276    program     static D:\KennyNeutron\HUB12_CURSORCONTROL\HUB12_CURSORCONTROL_FONT.ASM
                    SHT27   0x00027e    program     static D:\KennyNeutron\HUB12_CURSORCONTROL\HUB12_CURSORCONTROL_FONT.ASM
                    SHT28   0x000286    program     static D:\KennyNeutron\HUB12_CURSORCONTROL\HUB12_CURSORCONTROL_FONT.ASM
                    SHT29   0x00028e    program     static D:\KennyNeutron\HUB12_CURSORCONTROL\HUB12_CURSORCONTROL_FONT.ASM
                    SHT2A   0x000296    program     static D:\KennyNeutron\HUB12_CURSORCONTROL\HUB12_CURSORCONTROL_FONT.ASM
                    SHT2B   0x00029e    program     static D:\KennyNeutron\HUB12_CURSORCONTROL\HUB12_CURSORCONTROL_FONT.ASM
                    SHT2C   0x0002a6    program     static D:\KennyNeutron\HUB12_CURSORCONTROL\HUB12_CURSORCONTROL_FONT.ASM
                    SHT2D   0x0002ae    program     static D:\KennyNeutron\HUB12_CURSORCONTROL\HUB12_CURSORCONTROL_FONT.ASM
                    SHT2E   0x0002b6    program     static D:\KennyNeutron\HUB12_CURSORCONTROL\HUB12_CURSORCONTROL_FONT.ASM
                    SHT2F   0x0002be    program     static D:\KennyNeutron\HUB12_CURSORCONTROL\HUB12_CURSORCONTROL_FONT.ASM
                 CSR_GTF8   0x0002c4    program     static D:\KennyNeutron\HUB12_CURSORCONTROL\HUB12_CURSORCONTROL_FONT.ASM
                   SHIFTL   0x0002c5    program     static D:\KennyNeutron\HUB12_CURSORCONTROL\HUB12_CURSORCONTROL_FONT.ASM
                  GRP_ETB   0x0002ce    program     static D:\KennyNeutron\HUB12_CURSORCONTROL\HUB12_CURSORCONTROL_FONT.ASM
                  GRP_GTB   0x00033f    program     static D:\KennyNeutron\HUB12_CURSORCONTROL\HUB12_CURSORCONTROL_FONT.ASM
                  GRP_ETC   0x000348    program     static D:\KennyNeutron\HUB12_CURSORCONTROL\HUB12_CURSORCONTROL_FONT.ASM
                  GRP_ETD   0x0003b9    program     static D:\KennyNeutron\HUB12_CURSORCONTROL\HUB12_CURSORCONTROL_FONT.ASM
                  GRP_GTC   0x0003b9    program     static D:\KennyNeutron\HUB12_CURSORCONTROL\HUB12_CURSORCONTROL_FONT.ASM
                     CHAR   0x000800    program     static D:\KennyNeutron\HUB12_CURSORCONTROL\HUB12_CURSORCONTROL_FONT.ASM
                     ZERO   0x00080c    program     static D:\KennyNeutron\HUB12_CURSORCONTROL\HUB12_CURSORCONTROL_FONT.ASM
                      ONE   0x000821    program     static D:\KennyNeutron\HUB12_CURSORCONTROL\HUB12_CURSORCONTROL_FONT.ASM
                      TWO   0x000834    program     static D:\KennyNeutron\HUB12_CURSORCONTROL\HUB12_CURSORCONTROL_FONT.ASM
                    THREE   0x000847    program     static D:\KennyNeutron\HUB12_CURSORCONTROL\HUB12_CURSORCONTROL_FONT.ASM
                     FOUR   0x00085a    program     static D:\KennyNeutron\HUB12_CURSORCONTROL\HUB12_CURSORCONTROL_FONT.ASM
                     FIVE   0x00086d    program     static D:\KennyNeutron\HUB12_CURSORCONTROL\HUB12_CURSORCONTROL_FONT.ASM
                      SIX   0x000880    program     static D:\KennyNeutron\HUB12_CURSORCONTROL\HUB12_CURSORCONTROL_FONT.ASM
                    SEVEN   0x000893    program     static D:\KennyNeutron\HUB12_CURSORCONTROL\HUB12_CURSORCONTROL_FONT.ASM
                    EIGHT   0x0008a6    program     static D:\KennyNeutron\HUB12_CURSORCONTROL\HUB12_CURSORCONTROL_FONT.ASM
                     NINE   0x0008b9    program     static D:\KennyNeutron\HUB12_CURSORCONTROL\HUB12_CURSORCONTROL_FONT.ASM


