MPLINK 4.49, Linker
Linker Map File - Created Sat Jun 22 12:30:24 2019

                                 Section Info
                  Section       Type    Address   Location Size(Bytes)
                ---------  ---------  ---------  ---------  ---------
                   .org_0       code   0x000000    program   0x000000
                   .org_1       code   0x000000    program   0x000002
                   .org_2       code   0x000004    program   0x000192
                   .org_3       code   0x000100    program   0x0001ee
                   .org_4       code   0x000200    program   0x000122
                   .org_5       code   0x000300    program   0x0001c0
                   .org_6       code   0x000400    program   0x0001dc
                   .org_7       code   0x000500    program   0x0001cc
                   .org_8       code   0x000600    program   0x0001ca
                   .org_9       code   0x000700    program   0x0001ca
                  .org_10       code   0x000800    program   0x00012c
                  .org_11       code   0x000a00    program   0x0001f4
                  .org_12       code   0x000b00    program   0x00009c
.config_2007_HUB12_RTC2.O       code   0x002007    program   0x000002
                  .org_13       code   0x002100    program   0x000008



                              Program Memory Usage 
                               Start         End      
                           ---------   ---------      
                            0x000000    0x000000      
                            0x000004    0x0000cc      
                            0x000100    0x0001f6      
                            0x000200    0x000290      
                            0x000300    0x0003df      
                            0x000400    0x0004ed      
                            0x000500    0x0005e5      
                            0x000600    0x0006e4      
                            0x000700    0x0007e4      
                            0x000800    0x000895      
                            0x000a00    0x000af9      
                            0x000b00    0x000b4d      
                            0x002007    0x002007      
                            0x002100    0x002103      
            2227 out of 4359 program addresses used, program memory utilization is 51%



                              Symbols - Sorted by Name
                     Name    Address   Location    Storage File                     
                ---------  ---------  ---------  --------- ---------                
                  ACKTEST   0x0000a5    program     static C:\Users\gerpe\OneDrive\GER-PER 2016\Documents\KennyNeutron\HUB12\20190613_HUB12_RTC\HUB12_RTC2.ASM
                     BIT0   0x000066    program     static C:\Users\gerpe\OneDrive\GER-PER 2016\Documents\KennyNeutron\HUB12\20190613_HUB12_RTC\HUB12_RTC2.ASM
                     BIT1   0x00006a    program     static C:\Users\gerpe\OneDrive\GER-PER 2016\Documents\KennyNeutron\HUB12\20190613_HUB12_RTC\HUB12_RTC2.ASM
                     CHAR   0x0001ae    program     static C:\Users\gerpe\OneDrive\GER-PER 2016\Documents\KennyNeutron\HUB12\20190613_HUB12_RTC\HUB12_RTC2.ASM
                    CHARB   0x000200    program     static C:\Users\gerpe\OneDrive\GER-PER 2016\Documents\KennyNeutron\HUB12\20190613_HUB12_RTC\HUB12_RTC2.ASM
                     CLR0   0x000170    program     static C:\Users\gerpe\OneDrive\GER-PER 2016\Documents\KennyNeutron\HUB12\20190613_HUB12_RTC\HUB12_RTC2.ASM
                    CLRAM   0x00016c    program     static C:\Users\gerpe\OneDrive\GER-PER 2016\Documents\KennyNeutron\HUB12\20190613_HUB12_RTC\HUB12_RTC2.ASM
                 CLR_IRAM   0x000176    program     static C:\Users\gerpe\OneDrive\GER-PER 2016\Documents\KennyNeutron\HUB12\20190613_HUB12_RTC\HUB12_RTC2.ASM
                     DAT0   0x00007f    program     static C:\Users\gerpe\OneDrive\GER-PER 2016\Documents\KennyNeutron\HUB12\20190613_HUB12_RTC\HUB12_RTC2.ASM
                DATALATCH   0x000128    program     static C:\Users\gerpe\OneDrive\GER-PER 2016\Documents\KennyNeutron\HUB12\20190613_HUB12_RTC\HUB12_RTC2.ASM
                 DELAY_MS   0x00010f    program     static C:\Users\gerpe\OneDrive\GER-PER 2016\Documents\KennyNeutron\HUB12\20190613_HUB12_RTC\HUB12_RTC2.ASM
              DELAY_ONEMS   0x000108    program     static C:\Users\gerpe\OneDrive\GER-PER 2016\Documents\KennyNeutron\HUB12\20190613_HUB12_RTC\HUB12_RTC2.ASM
             DELAY_ONESEC   0x000114    program     static C:\Users\gerpe\OneDrive\GER-PER 2016\Documents\KennyNeutron\HUB12\20190613_HUB12_RTC\HUB12_RTC2.ASM
                DELAY_SEC   0x00011b    program     static C:\Users\gerpe\OneDrive\GER-PER 2016\Documents\KennyNeutron\HUB12\20190613_HUB12_RTC\HUB12_RTC2.ASM
                 DELAY_US   0x000100    program     static C:\Users\gerpe\OneDrive\GER-PER 2016\Documents\KennyNeutron\HUB12\20190613_HUB12_RTC\HUB12_RTC2.ASM
                     DISP   0x000120    program     static C:\Users\gerpe\OneDrive\GER-PER 2016\Documents\KennyNeutron\HUB12\20190613_HUB12_RTC\HUB12_RTC2.ASM
                    DISP0   0x000122    program     static C:\Users\gerpe\OneDrive\GER-PER 2016\Documents\KennyNeutron\HUB12\20190613_HUB12_RTC\HUB12_RTC2.ASM
                  DISPLAY   0x00013b    program     static C:\Users\gerpe\OneDrive\GER-PER 2016\Documents\KennyNeutron\HUB12\20190613_HUB12_RTC\HUB12_RTC2.ASM
                    DMPF0   0x0004ba    program     static C:\Users\gerpe\OneDrive\GER-PER 2016\Documents\KennyNeutron\HUB12\20190613_HUB12_RTC\HUB12_RTC2.ASM
                    DMPF2   0x0004c9    program     static C:\Users\gerpe\OneDrive\GER-PER 2016\Documents\KennyNeutron\HUB12\20190613_HUB12_RTC\HUB12_RTC2.ASM
                DMP_FONT0   0x0004b8    program     static C:\Users\gerpe\OneDrive\GER-PER 2016\Documents\KennyNeutron\HUB12\20190613_HUB12_RTC\HUB12_RTC2.ASM
                DMP_FONT2   0x0004c7    program     static C:\Users\gerpe\OneDrive\GER-PER 2016\Documents\KennyNeutron\HUB12\20190613_HUB12_RTC\HUB12_RTC2.ASM
         DSHIFT_DOWN_GRPA   0x000a00    program     static C:\Users\gerpe\OneDrive\GER-PER 2016\Documents\KennyNeutron\HUB12\20190613_HUB12_RTC\HUB12_RTC2.ASM
         DSHIFT_DOWN_GRPB   0x000a23    program     static C:\Users\gerpe\OneDrive\GER-PER 2016\Documents\KennyNeutron\HUB12\20190613_HUB12_RTC\HUB12_RTC2.ASM
         DSHIFT_DOWN_GRPC   0x000a46    program     static C:\Users\gerpe\OneDrive\GER-PER 2016\Documents\KennyNeutron\HUB12\20190613_HUB12_RTC\HUB12_RTC2.ASM
         DSHIFT_DOWN_GRPD   0x000a69    program     static C:\Users\gerpe\OneDrive\GER-PER 2016\Documents\KennyNeutron\HUB12\20190613_HUB12_RTC\HUB12_RTC2.ASM
                     DSP0   0x00012c    program     static C:\Users\gerpe\OneDrive\GER-PER 2016\Documents\KennyNeutron\HUB12\20190613_HUB12_RTC\HUB12_RTC2.ASM
                    DTEST   0x00007b    program     static C:\Users\gerpe\OneDrive\GER-PER 2016\Documents\KennyNeutron\HUB12\20190613_HUB12_RTC\HUB12_RTC2.ASM
                  DTRCONT   0x000080    program     static C:\Users\gerpe\OneDrive\GER-PER 2016\Documents\KennyNeutron\HUB12\20190613_HUB12_RTC\HUB12_RTC2.ASM
                     DUMP   0x000499    program     static C:\Users\gerpe\OneDrive\GER-PER 2016\Documents\KennyNeutron\HUB12\20190613_HUB12_RTC\HUB12_RTC2.ASM
                    EIGHT   0x00026b    program     static C:\Users\gerpe\OneDrive\GER-PER 2016\Documents\KennyNeutron\HUB12\20190613_HUB12_RTC\HUB12_RTC2.ASM
                     FIVE   0x000232    program     static C:\Users\gerpe\OneDrive\GER-PER 2016\Documents\KennyNeutron\HUB12\20190613_HUB12_RTC\HUB12_RTC2.ASM
                   FONT_0   0x0004a4    program     static C:\Users\gerpe\OneDrive\GER-PER 2016\Documents\KennyNeutron\HUB12\20190613_HUB12_RTC\HUB12_RTC2.ASM
                   FONT_1   0x0004c4    program     static C:\Users\gerpe\OneDrive\GER-PER 2016\Documents\KennyNeutron\HUB12\20190613_HUB12_RTC\HUB12_RTC2.ASM
                   FONT_2   0x0004da    program     static C:\Users\gerpe\OneDrive\GER-PER 2016\Documents\KennyNeutron\HUB12\20190613_HUB12_RTC\HUB12_RTC2.ASM
                     FOUR   0x00021f    program     static C:\Users\gerpe\OneDrive\GER-PER 2016\Documents\KennyNeutron\HUB12\20190613_HUB12_RTC\HUB12_RTC2.ASM
                    GRP_A   0x00061c    program     static C:\Users\gerpe\OneDrive\GER-PER 2016\Documents\KennyNeutron\HUB12\20190613_HUB12_RTC\HUB12_RTC2.ASM
                    GRP_B   0x00066e    program     static C:\Users\gerpe\OneDrive\GER-PER 2016\Documents\KennyNeutron\HUB12\20190613_HUB12_RTC\HUB12_RTC2.ASM
                    GRP_C   0x0006b0    program     static C:\Users\gerpe\OneDrive\GER-PER 2016\Documents\KennyNeutron\HUB12\20190613_HUB12_RTC\HUB12_RTC2.ASM
                    GRP_D   0x0006e2    program     static C:\Users\gerpe\OneDrive\GER-PER 2016\Documents\KennyNeutron\HUB12\20190613_HUB12_RTC\HUB12_RTC2.ASM
                   I2CCOM   0x000060    program     static C:\Users\gerpe\OneDrive\GER-PER 2016\Documents\KennyNeutron\HUB12\20190613_HUB12_RTC\HUB12_RTC2.ASM
                   I2CDTR   0x000074    program     static C:\Users\gerpe\OneDrive\GER-PER 2016\Documents\KennyNeutron\HUB12\20190613_HUB12_RTC\HUB12_RTC2.ASM
                   I2CDTW   0x000062    program     static C:\Users\gerpe\OneDrive\GER-PER 2016\Documents\KennyNeutron\HUB12\20190613_HUB12_RTC\HUB12_RTC2.ASM
              I2CDTW_CONT   0x00006d    program     static C:\Users\gerpe\OneDrive\GER-PER 2016\Documents\KennyNeutron\HUB12\20190613_HUB12_RTC\HUB12_RTC2.ASM
                 I2CSTART   0x00008d    program     static C:\Users\gerpe\OneDrive\GER-PER 2016\Documents\KennyNeutron\HUB12\20190613_HUB12_RTC\HUB12_RTC2.ASM
                  I2CSTOP   0x0000bd    program     static C:\Users\gerpe\OneDrive\GER-PER 2016\Documents\KennyNeutron\HUB12\20190613_HUB12_RTC\HUB12_RTC2.ASM
              I2C_GETDATA   0x000030    program     static C:\Users\gerpe\OneDrive\GER-PER 2016\Documents\KennyNeutron\HUB12\20190613_HUB12_RTC\HUB12_RTC2.ASM
            I2C_MASTERACK   0x0000aa    program     static C:\Users\gerpe\OneDrive\GER-PER 2016\Documents\KennyNeutron\HUB12\20190613_HUB12_RTC\HUB12_RTC2.ASM
             I2C_SLAVEACK   0x00009e    program     static C:\Users\gerpe\OneDrive\GER-PER 2016\Documents\KennyNeutron\HUB12\20190613_HUB12_RTC\HUB12_RTC2.ASM
                    IDUMP   0x00078a    program     static C:\Users\gerpe\OneDrive\GER-PER 2016\Documents\KennyNeutron\HUB12\20190613_HUB12_RTC\HUB12_RTC2.ASM
                  IFONT_0   0x000793    program     static C:\Users\gerpe\OneDrive\GER-PER 2016\Documents\KennyNeutron\HUB12\20190613_HUB12_RTC\HUB12_RTC2.ASM
                  IFONT_1   0x0007ab    program     static C:\Users\gerpe\OneDrive\GER-PER 2016\Documents\KennyNeutron\HUB12\20190613_HUB12_RTC\HUB12_RTC2.ASM
                  IFONT_2   0x0007c5    program     static C:\Users\gerpe\OneDrive\GER-PER 2016\Documents\KennyNeutron\HUB12\20190613_HUB12_RTC\HUB12_RTC2.ASM
                   IGRP_A   0x00051d    program     static C:\Users\gerpe\OneDrive\GER-PER 2016\Documents\KennyNeutron\HUB12\20190613_HUB12_RTC\HUB12_RTC2.ASM
                   IGRP_B   0x00056f    program     static C:\Users\gerpe\OneDrive\GER-PER 2016\Documents\KennyNeutron\HUB12\20190613_HUB12_RTC\HUB12_RTC2.ASM
                   IGRP_C   0x0005b1    program     static C:\Users\gerpe\OneDrive\GER-PER 2016\Documents\KennyNeutron\HUB12\20190613_HUB12_RTC\HUB12_RTC2.ASM
                   IGRP_D   0x0005e3    program     static C:\Users\gerpe\OneDrive\GER-PER 2016\Documents\KennyNeutron\HUB12\20190613_HUB12_RTC\HUB12_RTC2.ASM
                     INIT   0x000010    program     static C:\Users\gerpe\OneDrive\GER-PER 2016\Documents\KennyNeutron\HUB12\20190613_HUB12_RTC\HUB12_RTC2.ASM
                  IPUTNUM   0x000800    program     static C:\Users\gerpe\OneDrive\GER-PER 2016\Documents\KennyNeutron\HUB12\20190613_HUB12_RTC\HUB12_RTC2.ASM
                     IRM0   0x00017c    program     static C:\Users\gerpe\OneDrive\GER-PER 2016\Documents\KennyNeutron\HUB12\20190613_HUB12_RTC\HUB12_RTC2.ASM
                    ISB00   0x00085a    program     static C:\Users\gerpe\OneDrive\GER-PER 2016\Documents\KennyNeutron\HUB12\20190613_HUB12_RTC\HUB12_RTC2.ASM
                    ISB01   0x00085c    program     static C:\Users\gerpe\OneDrive\GER-PER 2016\Documents\KennyNeutron\HUB12\20190613_HUB12_RTC\HUB12_RTC2.ASM
                    ISBR0   0x000853    program     static C:\Users\gerpe\OneDrive\GER-PER 2016\Documents\KennyNeutron\HUB12\20190613_HUB12_RTC\HUB12_RTC2.ASM
                    ISBR1   0x000856    program     static C:\Users\gerpe\OneDrive\GER-PER 2016\Documents\KennyNeutron\HUB12\20190613_HUB12_RTC\HUB12_RTC2.ASM
                ISB_BEGIN   0x000858    program     static C:\Users\gerpe\OneDrive\GER-PER 2016\Documents\KennyNeutron\HUB12\20190613_HUB12_RTC\HUB12_RTC2.ASM
                    ISC00   0x000871    program     static C:\Users\gerpe\OneDrive\GER-PER 2016\Documents\KennyNeutron\HUB12\20190613_HUB12_RTC\HUB12_RTC2.ASM
                    ISC01   0x000873    program     static C:\Users\gerpe\OneDrive\GER-PER 2016\Documents\KennyNeutron\HUB12\20190613_HUB12_RTC\HUB12_RTC2.ASM
                    ISCR0   0x00086a    program     static C:\Users\gerpe\OneDrive\GER-PER 2016\Documents\KennyNeutron\HUB12\20190613_HUB12_RTC\HUB12_RTC2.ASM
                    ISCR1   0x00086d    program     static C:\Users\gerpe\OneDrive\GER-PER 2016\Documents\KennyNeutron\HUB12\20190613_HUB12_RTC\HUB12_RTC2.ASM
                ISC_BEGIN   0x00086f    program     static C:\Users\gerpe\OneDrive\GER-PER 2016\Documents\KennyNeutron\HUB12\20190613_HUB12_RTC\HUB12_RTC2.ASM
                    ISD00   0x000888    program     static C:\Users\gerpe\OneDrive\GER-PER 2016\Documents\KennyNeutron\HUB12\20190613_HUB12_RTC\HUB12_RTC2.ASM
                    ISD01   0x00088a    program     static C:\Users\gerpe\OneDrive\GER-PER 2016\Documents\KennyNeutron\HUB12\20190613_HUB12_RTC\HUB12_RTC2.ASM
                    ISDR0   0x000881    program     static C:\Users\gerpe\OneDrive\GER-PER 2016\Documents\KennyNeutron\HUB12\20190613_HUB12_RTC\HUB12_RTC2.ASM
                    ISDR1   0x000884    program     static C:\Users\gerpe\OneDrive\GER-PER 2016\Documents\KennyNeutron\HUB12\20190613_HUB12_RTC\HUB12_RTC2.ASM
                ISD_BEGIN   0x000886    program     static C:\Users\gerpe\OneDrive\GER-PER 2016\Documents\KennyNeutron\HUB12\20190613_HUB12_RTC\HUB12_RTC2.ASM
                   ISHFTL   0x00083f    program     static C:\Users\gerpe\OneDrive\GER-PER 2016\Documents\KennyNeutron\HUB12\20190613_HUB12_RTC\HUB12_RTC2.ASM
                 ISHFTL00   0x000845    program     static C:\Users\gerpe\OneDrive\GER-PER 2016\Documents\KennyNeutron\HUB12\20190613_HUB12_RTC\HUB12_RTC2.ASM
                  ISHIFTL   0x00083f    program     static C:\Users\gerpe\OneDrive\GER-PER 2016\Documents\KennyNeutron\HUB12\20190613_HUB12_RTC\HUB12_RTC2.ASM
             ISHIFTL_GRPA   0x00084f    program     static C:\Users\gerpe\OneDrive\GER-PER 2016\Documents\KennyNeutron\HUB12\20190613_HUB12_RTC\HUB12_RTC2.ASM
             ISHIFTL_GRPB   0x00084f    program     static C:\Users\gerpe\OneDrive\GER-PER 2016\Documents\KennyNeutron\HUB12\20190613_HUB12_RTC\HUB12_RTC2.ASM
             ISHIFTL_GRPC   0x000866    program     static C:\Users\gerpe\OneDrive\GER-PER 2016\Documents\KennyNeutron\HUB12\20190613_HUB12_RTC\HUB12_RTC2.ASM
             ISHIFTL_GRPD   0x00087d    program     static C:\Users\gerpe\OneDrive\GER-PER 2016\Documents\KennyNeutron\HUB12\20190613_HUB12_RTC\HUB12_RTC2.ASM
                  ISHIFTR   0x000500    program     static C:\Users\gerpe\OneDrive\GER-PER 2016\Documents\KennyNeutron\HUB12\20190613_HUB12_RTC\HUB12_RTC2.ASM
         ISHIFT_DOWN_GRPA   0x000a8c    program     static C:\Users\gerpe\OneDrive\GER-PER 2016\Documents\KennyNeutron\HUB12\20190613_HUB12_RTC\HUB12_RTC2.ASM
         ISHIFT_DOWN_GRPB   0x000ab3    program     static C:\Users\gerpe\OneDrive\GER-PER 2016\Documents\KennyNeutron\HUB12\20190613_HUB12_RTC\HUB12_RTC2.ASM
         ISHIFT_DOWN_GRPC   0x000b00    program     static C:\Users\gerpe\OneDrive\GER-PER 2016\Documents\KennyNeutron\HUB12\20190613_HUB12_RTC\HUB12_RTC2.ASM
         ISHIFT_DOWN_GRPD   0x000b27    program     static C:\Users\gerpe\OneDrive\GER-PER 2016\Documents\KennyNeutron\HUB12\20190613_HUB12_RTC\HUB12_RTC2.ASM
                   ISRA00   0x000525    program     static C:\Users\gerpe\OneDrive\GER-PER 2016\Documents\KennyNeutron\HUB12\20190613_HUB12_RTC\HUB12_RTC2.ASM
                   ISRA08   0x00054c    program     static C:\Users\gerpe\OneDrive\GER-PER 2016\Documents\KennyNeutron\HUB12\20190613_HUB12_RTC\HUB12_RTC2.ASM
                ISRA08_R1   0x00054b    program     static C:\Users\gerpe\OneDrive\GER-PER 2016\Documents\KennyNeutron\HUB12\20190613_HUB12_RTC\HUB12_RTC2.ASM
                   ISRB00   0x000577    program     static C:\Users\gerpe\OneDrive\GER-PER 2016\Documents\KennyNeutron\HUB12\20190613_HUB12_RTC\HUB12_RTC2.ASM
                   ISRB08   0x000596    program     static C:\Users\gerpe\OneDrive\GER-PER 2016\Documents\KennyNeutron\HUB12\20190613_HUB12_RTC\HUB12_RTC2.ASM
                ISRB08_R1   0x000595    program     static C:\Users\gerpe\OneDrive\GER-PER 2016\Documents\KennyNeutron\HUB12\20190613_HUB12_RTC\HUB12_RTC2.ASM
                   ISRC00   0x0005b9    program     static C:\Users\gerpe\OneDrive\GER-PER 2016\Documents\KennyNeutron\HUB12\20190613_HUB12_RTC\HUB12_RTC2.ASM
                   ISRC08   0x0005d0    program     static C:\Users\gerpe\OneDrive\GER-PER 2016\Documents\KennyNeutron\HUB12\20190613_HUB12_RTC\HUB12_RTC2.ASM
                ISRC08_R1   0x0005cf    program     static C:\Users\gerpe\OneDrive\GER-PER 2016\Documents\KennyNeutron\HUB12\20190613_HUB12_RTC\HUB12_RTC2.ASM
                     MAIN   0x00002c    program     static C:\Users\gerpe\OneDrive\GER-PER 2016\Documents\KennyNeutron\HUB12\20190613_HUB12_RTC\HUB12_RTC2.ASM
                     MSEC   0x00010a    program     static C:\Users\gerpe\OneDrive\GER-PER 2016\Documents\KennyNeutron\HUB12\20190613_HUB12_RTC\HUB12_RTC2.ASM
                    MSEC0   0x000110    program     static C:\Users\gerpe\OneDrive\GER-PER 2016\Documents\KennyNeutron\HUB12\20190613_HUB12_RTC\HUB12_RTC2.ASM
                     NINE   0x00027e    program     static C:\Users\gerpe\OneDrive\GER-PER 2016\Documents\KennyNeutron\HUB12\20190613_HUB12_RTC\HUB12_RTC2.ASM
                      ONE   0x0001d1    program     static C:\Users\gerpe\OneDrive\GER-PER 2016\Documents\KennyNeutron\HUB12\20190613_HUB12_RTC\HUB12_RTC2.ASM
                   PUTNUM   0x0007b0    program     static C:\Users\gerpe\OneDrive\GER-PER 2016\Documents\KennyNeutron\HUB12\20190613_HUB12_RTC\HUB12_RTC2.ASM
                     SB00   0x000719    program     static C:\Users\gerpe\OneDrive\GER-PER 2016\Documents\KennyNeutron\HUB12\20190613_HUB12_RTC\HUB12_RTC2.ASM
                     SB01   0x00071b    program     static C:\Users\gerpe\OneDrive\GER-PER 2016\Documents\KennyNeutron\HUB12\20190613_HUB12_RTC\HUB12_RTC2.ASM
                     SBR0   0x000712    program     static C:\Users\gerpe\OneDrive\GER-PER 2016\Documents\KennyNeutron\HUB12\20190613_HUB12_RTC\HUB12_RTC2.ASM
                     SBR1   0x000715    program     static C:\Users\gerpe\OneDrive\GER-PER 2016\Documents\KennyNeutron\HUB12\20190613_HUB12_RTC\HUB12_RTC2.ASM
                 SB_BEGIN   0x000717    program     static C:\Users\gerpe\OneDrive\GER-PER 2016\Documents\KennyNeutron\HUB12\20190613_HUB12_RTC\HUB12_RTC2.ASM
                     SC00   0x000730    program     static C:\Users\gerpe\OneDrive\GER-PER 2016\Documents\KennyNeutron\HUB12\20190613_HUB12_RTC\HUB12_RTC2.ASM
                     SC01   0x000732    program     static C:\Users\gerpe\OneDrive\GER-PER 2016\Documents\KennyNeutron\HUB12\20190613_HUB12_RTC\HUB12_RTC2.ASM
                SCL_PULSE   0x000086    program     static C:\Users\gerpe\OneDrive\GER-PER 2016\Documents\KennyNeutron\HUB12\20190613_HUB12_RTC\HUB12_RTC2.ASM
                     SCR0   0x000729    program     static C:\Users\gerpe\OneDrive\GER-PER 2016\Documents\KennyNeutron\HUB12\20190613_HUB12_RTC\HUB12_RTC2.ASM
                     SCR1   0x00072c    program     static C:\Users\gerpe\OneDrive\GER-PER 2016\Documents\KennyNeutron\HUB12\20190613_HUB12_RTC\HUB12_RTC2.ASM
                   SCRL_A   0x000ada    program     static C:\Users\gerpe\OneDrive\GER-PER 2016\Documents\KennyNeutron\HUB12\20190613_HUB12_RTC\HUB12_RTC2.ASM
                   SCRL_B   0x000ae1    program     static C:\Users\gerpe\OneDrive\GER-PER 2016\Documents\KennyNeutron\HUB12\20190613_HUB12_RTC\HUB12_RTC2.ASM
                   SCRL_C   0x000ae8    program     static C:\Users\gerpe\OneDrive\GER-PER 2016\Documents\KennyNeutron\HUB12\20190613_HUB12_RTC\HUB12_RTC2.ASM
                   SCRL_D   0x000af1    program     static C:\Users\gerpe\OneDrive\GER-PER 2016\Documents\KennyNeutron\HUB12\20190613_HUB12_RTC\HUB12_RTC2.ASM
                 SC_BEGIN   0x00072e    program     static C:\Users\gerpe\OneDrive\GER-PER 2016\Documents\KennyNeutron\HUB12\20190613_HUB12_RTC\HUB12_RTC2.ASM
                     SD00   0x000747    program     static C:\Users\gerpe\OneDrive\GER-PER 2016\Documents\KennyNeutron\HUB12\20190613_HUB12_RTC\HUB12_RTC2.ASM
                     SD01   0x000749    program     static C:\Users\gerpe\OneDrive\GER-PER 2016\Documents\KennyNeutron\HUB12\20190613_HUB12_RTC\HUB12_RTC2.ASM
                     SDR0   0x000740    program     static C:\Users\gerpe\OneDrive\GER-PER 2016\Documents\KennyNeutron\HUB12\20190613_HUB12_RTC\HUB12_RTC2.ASM
                     SDR1   0x000743    program     static C:\Users\gerpe\OneDrive\GER-PER 2016\Documents\KennyNeutron\HUB12\20190613_HUB12_RTC\HUB12_RTC2.ASM
                 SD_BEGIN   0x000745    program     static C:\Users\gerpe\OneDrive\GER-PER 2016\Documents\KennyNeutron\HUB12\20190613_HUB12_RTC\HUB12_RTC2.ASM
                     SEC0   0x000116    program     static C:\Users\gerpe\OneDrive\GER-PER 2016\Documents\KennyNeutron\HUB12\20190613_HUB12_RTC\HUB12_RTC2.ASM
                     SEC1   0x00011c    program     static C:\Users\gerpe\OneDrive\GER-PER 2016\Documents\KennyNeutron\HUB12\20190613_HUB12_RTC\HUB12_RTC2.ASM
                    SEVEN   0x000258    program     static C:\Users\gerpe\OneDrive\GER-PER 2016\Documents\KennyNeutron\HUB12\20190613_HUB12_RTC\HUB12_RTC2.ASM
                    SHFTL   0x000700    program     static C:\Users\gerpe\OneDrive\GER-PER 2016\Documents\KennyNeutron\HUB12\20190613_HUB12_RTC\HUB12_RTC2.ASM
                  SHFTL00   0x000704    program     static C:\Users\gerpe\OneDrive\GER-PER 2016\Documents\KennyNeutron\HUB12\20190613_HUB12_RTC\HUB12_RTC2.ASM
              SHIFTL_GRPA   0x00070e    program     static C:\Users\gerpe\OneDrive\GER-PER 2016\Documents\KennyNeutron\HUB12\20190613_HUB12_RTC\HUB12_RTC2.ASM
              SHIFTL_GRPB   0x00070e    program     static C:\Users\gerpe\OneDrive\GER-PER 2016\Documents\KennyNeutron\HUB12\20190613_HUB12_RTC\HUB12_RTC2.ASM
              SHIFTL_GRPC   0x000725    program     static C:\Users\gerpe\OneDrive\GER-PER 2016\Documents\KennyNeutron\HUB12\20190613_HUB12_RTC\HUB12_RTC2.ASM
              SHIFTL_GRPD   0x00073c    program     static C:\Users\gerpe\OneDrive\GER-PER 2016\Documents\KennyNeutron\HUB12\20190613_HUB12_RTC\HUB12_RTC2.ASM
                   SHIFTR   0x000600    program     static C:\Users\gerpe\OneDrive\GER-PER 2016\Documents\KennyNeutron\HUB12\20190613_HUB12_RTC\HUB12_RTC2.ASM
                 SHIFT_YU   0x000753    program     static C:\Users\gerpe\OneDrive\GER-PER 2016\Documents\KennyNeutron\HUB12\20190613_HUB12_RTC\HUB12_RTC2.ASM
                SHIFT_YUB   0x000816    program     static C:\Users\gerpe\OneDrive\GER-PER 2016\Documents\KennyNeutron\HUB12\20190613_HUB12_RTC\HUB12_RTC2.ASM
                      SIX   0x000245    program     static C:\Users\gerpe\OneDrive\GER-PER 2016\Documents\KennyNeutron\HUB12\20190613_HUB12_RTC\HUB12_RTC2.ASM
                     SLB0   0x000188    program     static C:\Users\gerpe\OneDrive\GER-PER 2016\Documents\KennyNeutron\HUB12\20190613_HUB12_RTC\HUB12_RTC2.ASM
                     SLB1   0x00018c    program     static C:\Users\gerpe\OneDrive\GER-PER 2016\Documents\KennyNeutron\HUB12\20190613_HUB12_RTC\HUB12_RTC2.ASM
                     SLB2   0x000194    program     static C:\Users\gerpe\OneDrive\GER-PER 2016\Documents\KennyNeutron\HUB12\20190613_HUB12_RTC\HUB12_RTC2.ASM
                   SLICEB   0x000186    program     static C:\Users\gerpe\OneDrive\GER-PER 2016\Documents\KennyNeutron\HUB12\20190613_HUB12_RTC\HUB12_RTC2.ASM
                   SLICET   0x00019a    program     static C:\Users\gerpe\OneDrive\GER-PER 2016\Documents\KennyNeutron\HUB12\20190613_HUB12_RTC\HUB12_RTC2.ASM
                     SLT0   0x00019c    program     static C:\Users\gerpe\OneDrive\GER-PER 2016\Documents\KennyNeutron\HUB12\20190613_HUB12_RTC\HUB12_RTC2.ASM
                     SLT1   0x0001a0    program     static C:\Users\gerpe\OneDrive\GER-PER 2016\Documents\KennyNeutron\HUB12\20190613_HUB12_RTC\HUB12_RTC2.ASM
                     SLT2   0x0001a8    program     static C:\Users\gerpe\OneDrive\GER-PER 2016\Documents\KennyNeutron\HUB12\20190613_HUB12_RTC\HUB12_RTC2.ASM
                    SRA00   0x000624    program     static C:\Users\gerpe\OneDrive\GER-PER 2016\Documents\KennyNeutron\HUB12\20190613_HUB12_RTC\HUB12_RTC2.ASM
                    SRA08   0x00064b    program     static C:\Users\gerpe\OneDrive\GER-PER 2016\Documents\KennyNeutron\HUB12\20190613_HUB12_RTC\HUB12_RTC2.ASM
                 SRA08_R1   0x00064a    program     static C:\Users\gerpe\OneDrive\GER-PER 2016\Documents\KennyNeutron\HUB12\20190613_HUB12_RTC\HUB12_RTC2.ASM
                    SRB00   0x000676    program     static C:\Users\gerpe\OneDrive\GER-PER 2016\Documents\KennyNeutron\HUB12\20190613_HUB12_RTC\HUB12_RTC2.ASM
                    SRB08   0x000695    program     static C:\Users\gerpe\OneDrive\GER-PER 2016\Documents\KennyNeutron\HUB12\20190613_HUB12_RTC\HUB12_RTC2.ASM
                 SRB08_R1   0x000694    program     static C:\Users\gerpe\OneDrive\GER-PER 2016\Documents\KennyNeutron\HUB12\20190613_HUB12_RTC\HUB12_RTC2.ASM
                    SRC00   0x0006b8    program     static C:\Users\gerpe\OneDrive\GER-PER 2016\Documents\KennyNeutron\HUB12\20190613_HUB12_RTC\HUB12_RTC2.ASM
                    SRC08   0x0006cf    program     static C:\Users\gerpe\OneDrive\GER-PER 2016\Documents\KennyNeutron\HUB12\20190613_HUB12_RTC\HUB12_RTC2.ASM
                 SRC08_R1   0x0006ce    program     static C:\Users\gerpe\OneDrive\GER-PER 2016\Documents\KennyNeutron\HUB12\20190613_HUB12_RTC\HUB12_RTC2.ASM
                    THREE   0x00020c    program     static C:\Users\gerpe\OneDrive\GER-PER 2016\Documents\KennyNeutron\HUB12\20190613_HUB12_RTC\HUB12_RTC2.ASM
                      TWO   0x0001e4    program     static C:\Users\gerpe\OneDrive\GER-PER 2016\Documents\KennyNeutron\HUB12\20190613_HUB12_RTC\HUB12_RTC2.ASM
                   T_CHAR   0x000300    program     static C:\Users\gerpe\OneDrive\GER-PER 2016\Documents\KennyNeutron\HUB12\20190613_HUB12_RTC\HUB12_RTC2.ASM
                  T_CHARB   0x000400    program     static C:\Users\gerpe\OneDrive\GER-PER 2016\Documents\KennyNeutron\HUB12\20190613_HUB12_RTC\HUB12_RTC2.ASM
                  T_EIGHT   0x000452    program     static C:\Users\gerpe\OneDrive\GER-PER 2016\Documents\KennyNeutron\HUB12\20190613_HUB12_RTC\HUB12_RTC2.ASM
                   T_FIVE   0x0003bd    program     static C:\Users\gerpe\OneDrive\GER-PER 2016\Documents\KennyNeutron\HUB12\20190613_HUB12_RTC\HUB12_RTC2.ASM
                   T_FOUR   0x00039a    program     static C:\Users\gerpe\OneDrive\GER-PER 2016\Documents\KennyNeutron\HUB12\20190613_HUB12_RTC\HUB12_RTC2.ASM
                   T_NINE   0x000475    program     static C:\Users\gerpe\OneDrive\GER-PER 2016\Documents\KennyNeutron\HUB12\20190613_HUB12_RTC\HUB12_RTC2.ASM
                    T_ONE   0x000331    program     static C:\Users\gerpe\OneDrive\GER-PER 2016\Documents\KennyNeutron\HUB12\20190613_HUB12_RTC\HUB12_RTC2.ASM
                  T_SEVEN   0x00042f    program     static C:\Users\gerpe\OneDrive\GER-PER 2016\Documents\KennyNeutron\HUB12\20190613_HUB12_RTC\HUB12_RTC2.ASM
                    T_SIX   0x00040c    program     static C:\Users\gerpe\OneDrive\GER-PER 2016\Documents\KennyNeutron\HUB12\20190613_HUB12_RTC\HUB12_RTC2.ASM
                  T_THREE   0x000377    program     static C:\Users\gerpe\OneDrive\GER-PER 2016\Documents\KennyNeutron\HUB12\20190613_HUB12_RTC\HUB12_RTC2.ASM
                    T_TWO   0x000354    program     static C:\Users\gerpe\OneDrive\GER-PER 2016\Documents\KennyNeutron\HUB12\20190613_HUB12_RTC\HUB12_RTC2.ASM
                   T_ZERO   0x00030e    program     static C:\Users\gerpe\OneDrive\GER-PER 2016\Documents\KennyNeutron\HUB12\20190613_HUB12_RTC\HUB12_RTC2.ASM
                     USEC   0x000101    program     static C:\Users\gerpe\OneDrive\GER-PER 2016\Documents\KennyNeutron\HUB12\20190613_HUB12_RTC\HUB12_RTC2.ASM
                   VISUAL   0x00004e    program     static C:\Users\gerpe\OneDrive\GER-PER 2016\Documents\KennyNeutron\HUB12\20190613_HUB12_RTC\HUB12_RTC2.ASM
                      YU0   0x00075a    program     static C:\Users\gerpe\OneDrive\GER-PER 2016\Documents\KennyNeutron\HUB12\20190613_HUB12_RTC\HUB12_RTC2.ASM
                      YU1   0x00081a    program     static C:\Users\gerpe\OneDrive\GER-PER 2016\Documents\KennyNeutron\HUB12\20190613_HUB12_RTC\HUB12_RTC2.ASM
                     ZERO   0x0001bc    program     static C:\Users\gerpe\OneDrive\GER-PER 2016\Documents\KennyNeutron\HUB12\20190613_HUB12_RTC\HUB12_RTC2.ASM



                              Symbols - Sorted by Address
                     Name    Address   Location    Storage File                     
                ---------  ---------  ---------  --------- ---------                
                     INIT   0x000010    program     static C:\Users\gerpe\OneDrive\GER-PER 2016\Documents\KennyNeutron\HUB12\20190613_HUB12_RTC\HUB12_RTC2.ASM
                     MAIN   0x00002c    program     static C:\Users\gerpe\OneDrive\GER-PER 2016\Documents\KennyNeutron\HUB12\20190613_HUB12_RTC\HUB12_RTC2.ASM
              I2C_GETDATA   0x000030    program     static C:\Users\gerpe\OneDrive\GER-PER 2016\Documents\KennyNeutron\HUB12\20190613_HUB12_RTC\HUB12_RTC2.ASM
                   VISUAL   0x00004e    program     static C:\Users\gerpe\OneDrive\GER-PER 2016\Documents\KennyNeutron\HUB12\20190613_HUB12_RTC\HUB12_RTC2.ASM
                   I2CCOM   0x000060    program     static C:\Users\gerpe\OneDrive\GER-PER 2016\Documents\KennyNeutron\HUB12\20190613_HUB12_RTC\HUB12_RTC2.ASM
                   I2CDTW   0x000062    program     static C:\Users\gerpe\OneDrive\GER-PER 2016\Documents\KennyNeutron\HUB12\20190613_HUB12_RTC\HUB12_RTC2.ASM
                     BIT0   0x000066    program     static C:\Users\gerpe\OneDrive\GER-PER 2016\Documents\KennyNeutron\HUB12\20190613_HUB12_RTC\HUB12_RTC2.ASM
                     BIT1   0x00006a    program     static C:\Users\gerpe\OneDrive\GER-PER 2016\Documents\KennyNeutron\HUB12\20190613_HUB12_RTC\HUB12_RTC2.ASM
              I2CDTW_CONT   0x00006d    program     static C:\Users\gerpe\OneDrive\GER-PER 2016\Documents\KennyNeutron\HUB12\20190613_HUB12_RTC\HUB12_RTC2.ASM
                   I2CDTR   0x000074    program     static C:\Users\gerpe\OneDrive\GER-PER 2016\Documents\KennyNeutron\HUB12\20190613_HUB12_RTC\HUB12_RTC2.ASM
                    DTEST   0x00007b    program     static C:\Users\gerpe\OneDrive\GER-PER 2016\Documents\KennyNeutron\HUB12\20190613_HUB12_RTC\HUB12_RTC2.ASM
                     DAT0   0x00007f    program     static C:\Users\gerpe\OneDrive\GER-PER 2016\Documents\KennyNeutron\HUB12\20190613_HUB12_RTC\HUB12_RTC2.ASM
                  DTRCONT   0x000080    program     static C:\Users\gerpe\OneDrive\GER-PER 2016\Documents\KennyNeutron\HUB12\20190613_HUB12_RTC\HUB12_RTC2.ASM
                SCL_PULSE   0x000086    program     static C:\Users\gerpe\OneDrive\GER-PER 2016\Documents\KennyNeutron\HUB12\20190613_HUB12_RTC\HUB12_RTC2.ASM
                 I2CSTART   0x00008d    program     static C:\Users\gerpe\OneDrive\GER-PER 2016\Documents\KennyNeutron\HUB12\20190613_HUB12_RTC\HUB12_RTC2.ASM
             I2C_SLAVEACK   0x00009e    program     static C:\Users\gerpe\OneDrive\GER-PER 2016\Documents\KennyNeutron\HUB12\20190613_HUB12_RTC\HUB12_RTC2.ASM
                  ACKTEST   0x0000a5    program     static C:\Users\gerpe\OneDrive\GER-PER 2016\Documents\KennyNeutron\HUB12\20190613_HUB12_RTC\HUB12_RTC2.ASM
            I2C_MASTERACK   0x0000aa    program     static C:\Users\gerpe\OneDrive\GER-PER 2016\Documents\KennyNeutron\HUB12\20190613_HUB12_RTC\HUB12_RTC2.ASM
                  I2CSTOP   0x0000bd    program     static C:\Users\gerpe\OneDrive\GER-PER 2016\Documents\KennyNeutron\HUB12\20190613_HUB12_RTC\HUB12_RTC2.ASM
                 DELAY_US   0x000100    program     static C:\Users\gerpe\OneDrive\GER-PER 2016\Documents\KennyNeutron\HUB12\20190613_HUB12_RTC\HUB12_RTC2.ASM
                     USEC   0x000101    program     static C:\Users\gerpe\OneDrive\GER-PER 2016\Documents\KennyNeutron\HUB12\20190613_HUB12_RTC\HUB12_RTC2.ASM
              DELAY_ONEMS   0x000108    program     static C:\Users\gerpe\OneDrive\GER-PER 2016\Documents\KennyNeutron\HUB12\20190613_HUB12_RTC\HUB12_RTC2.ASM
                     MSEC   0x00010a    program     static C:\Users\gerpe\OneDrive\GER-PER 2016\Documents\KennyNeutron\HUB12\20190613_HUB12_RTC\HUB12_RTC2.ASM
                 DELAY_MS   0x00010f    program     static C:\Users\gerpe\OneDrive\GER-PER 2016\Documents\KennyNeutron\HUB12\20190613_HUB12_RTC\HUB12_RTC2.ASM
                    MSEC0   0x000110    program     static C:\Users\gerpe\OneDrive\GER-PER 2016\Documents\KennyNeutron\HUB12\20190613_HUB12_RTC\HUB12_RTC2.ASM
             DELAY_ONESEC   0x000114    program     static C:\Users\gerpe\OneDrive\GER-PER 2016\Documents\KennyNeutron\HUB12\20190613_HUB12_RTC\HUB12_RTC2.ASM
                     SEC0   0x000116    program     static C:\Users\gerpe\OneDrive\GER-PER 2016\Documents\KennyNeutron\HUB12\20190613_HUB12_RTC\HUB12_RTC2.ASM
                DELAY_SEC   0x00011b    program     static C:\Users\gerpe\OneDrive\GER-PER 2016\Documents\KennyNeutron\HUB12\20190613_HUB12_RTC\HUB12_RTC2.ASM
                     SEC1   0x00011c    program     static C:\Users\gerpe\OneDrive\GER-PER 2016\Documents\KennyNeutron\HUB12\20190613_HUB12_RTC\HUB12_RTC2.ASM
                     DISP   0x000120    program     static C:\Users\gerpe\OneDrive\GER-PER 2016\Documents\KennyNeutron\HUB12\20190613_HUB12_RTC\HUB12_RTC2.ASM
                    DISP0   0x000122    program     static C:\Users\gerpe\OneDrive\GER-PER 2016\Documents\KennyNeutron\HUB12\20190613_HUB12_RTC\HUB12_RTC2.ASM
                DATALATCH   0x000128    program     static C:\Users\gerpe\OneDrive\GER-PER 2016\Documents\KennyNeutron\HUB12\20190613_HUB12_RTC\HUB12_RTC2.ASM
                     DSP0   0x00012c    program     static C:\Users\gerpe\OneDrive\GER-PER 2016\Documents\KennyNeutron\HUB12\20190613_HUB12_RTC\HUB12_RTC2.ASM
                  DISPLAY   0x00013b    program     static C:\Users\gerpe\OneDrive\GER-PER 2016\Documents\KennyNeutron\HUB12\20190613_HUB12_RTC\HUB12_RTC2.ASM
                    CLRAM   0x00016c    program     static C:\Users\gerpe\OneDrive\GER-PER 2016\Documents\KennyNeutron\HUB12\20190613_HUB12_RTC\HUB12_RTC2.ASM
                     CLR0   0x000170    program     static C:\Users\gerpe\OneDrive\GER-PER 2016\Documents\KennyNeutron\HUB12\20190613_HUB12_RTC\HUB12_RTC2.ASM
                 CLR_IRAM   0x000176    program     static C:\Users\gerpe\OneDrive\GER-PER 2016\Documents\KennyNeutron\HUB12\20190613_HUB12_RTC\HUB12_RTC2.ASM
                     IRM0   0x00017c    program     static C:\Users\gerpe\OneDrive\GER-PER 2016\Documents\KennyNeutron\HUB12\20190613_HUB12_RTC\HUB12_RTC2.ASM
                   SLICEB   0x000186    program     static C:\Users\gerpe\OneDrive\GER-PER 2016\Documents\KennyNeutron\HUB12\20190613_HUB12_RTC\HUB12_RTC2.ASM
                     SLB0   0x000188    program     static C:\Users\gerpe\OneDrive\GER-PER 2016\Documents\KennyNeutron\HUB12\20190613_HUB12_RTC\HUB12_RTC2.ASM
                     SLB1   0x00018c    program     static C:\Users\gerpe\OneDrive\GER-PER 2016\Documents\KennyNeutron\HUB12\20190613_HUB12_RTC\HUB12_RTC2.ASM
                     SLB2   0x000194    program     static C:\Users\gerpe\OneDrive\GER-PER 2016\Documents\KennyNeutron\HUB12\20190613_HUB12_RTC\HUB12_RTC2.ASM
                   SLICET   0x00019a    program     static C:\Users\gerpe\OneDrive\GER-PER 2016\Documents\KennyNeutron\HUB12\20190613_HUB12_RTC\HUB12_RTC2.ASM
                     SLT0   0x00019c    program     static C:\Users\gerpe\OneDrive\GER-PER 2016\Documents\KennyNeutron\HUB12\20190613_HUB12_RTC\HUB12_RTC2.ASM
                     SLT1   0x0001a0    program     static C:\Users\gerpe\OneDrive\GER-PER 2016\Documents\KennyNeutron\HUB12\20190613_HUB12_RTC\HUB12_RTC2.ASM
                     SLT2   0x0001a8    program     static C:\Users\gerpe\OneDrive\GER-PER 2016\Documents\KennyNeutron\HUB12\20190613_HUB12_RTC\HUB12_RTC2.ASM
                     CHAR   0x0001ae    program     static C:\Users\gerpe\OneDrive\GER-PER 2016\Documents\KennyNeutron\HUB12\20190613_HUB12_RTC\HUB12_RTC2.ASM
                     ZERO   0x0001bc    program     static C:\Users\gerpe\OneDrive\GER-PER 2016\Documents\KennyNeutron\HUB12\20190613_HUB12_RTC\HUB12_RTC2.ASM
                      ONE   0x0001d1    program     static C:\Users\gerpe\OneDrive\GER-PER 2016\Documents\KennyNeutron\HUB12\20190613_HUB12_RTC\HUB12_RTC2.ASM
                      TWO   0x0001e4    program     static C:\Users\gerpe\OneDrive\GER-PER 2016\Documents\KennyNeutron\HUB12\20190613_HUB12_RTC\HUB12_RTC2.ASM
                    CHARB   0x000200    program     static C:\Users\gerpe\OneDrive\GER-PER 2016\Documents\KennyNeutron\HUB12\20190613_HUB12_RTC\HUB12_RTC2.ASM
                    THREE   0x00020c    program     static C:\Users\gerpe\OneDrive\GER-PER 2016\Documents\KennyNeutron\HUB12\20190613_HUB12_RTC\HUB12_RTC2.ASM
                     FOUR   0x00021f    program     static C:\Users\gerpe\OneDrive\GER-PER 2016\Documents\KennyNeutron\HUB12\20190613_HUB12_RTC\HUB12_RTC2.ASM
                     FIVE   0x000232    program     static C:\Users\gerpe\OneDrive\GER-PER 2016\Documents\KennyNeutron\HUB12\20190613_HUB12_RTC\HUB12_RTC2.ASM
                      SIX   0x000245    program     static C:\Users\gerpe\OneDrive\GER-PER 2016\Documents\KennyNeutron\HUB12\20190613_HUB12_RTC\HUB12_RTC2.ASM
                    SEVEN   0x000258    program     static C:\Users\gerpe\OneDrive\GER-PER 2016\Documents\KennyNeutron\HUB12\20190613_HUB12_RTC\HUB12_RTC2.ASM
                    EIGHT   0x00026b    program     static C:\Users\gerpe\OneDrive\GER-PER 2016\Documents\KennyNeutron\HUB12\20190613_HUB12_RTC\HUB12_RTC2.ASM
                     NINE   0x00027e    program     static C:\Users\gerpe\OneDrive\GER-PER 2016\Documents\KennyNeutron\HUB12\20190613_HUB12_RTC\HUB12_RTC2.ASM
                   T_CHAR   0x000300    program     static C:\Users\gerpe\OneDrive\GER-PER 2016\Documents\KennyNeutron\HUB12\20190613_HUB12_RTC\HUB12_RTC2.ASM
                   T_ZERO   0x00030e    program     static C:\Users\gerpe\OneDrive\GER-PER 2016\Documents\KennyNeutron\HUB12\20190613_HUB12_RTC\HUB12_RTC2.ASM
                    T_ONE   0x000331    program     static C:\Users\gerpe\OneDrive\GER-PER 2016\Documents\KennyNeutron\HUB12\20190613_HUB12_RTC\HUB12_RTC2.ASM
                    T_TWO   0x000354    program     static C:\Users\gerpe\OneDrive\GER-PER 2016\Documents\KennyNeutron\HUB12\20190613_HUB12_RTC\HUB12_RTC2.ASM
                  T_THREE   0x000377    program     static C:\Users\gerpe\OneDrive\GER-PER 2016\Documents\KennyNeutron\HUB12\20190613_HUB12_RTC\HUB12_RTC2.ASM
                   T_FOUR   0x00039a    program     static C:\Users\gerpe\OneDrive\GER-PER 2016\Documents\KennyNeutron\HUB12\20190613_HUB12_RTC\HUB12_RTC2.ASM
                   T_FIVE   0x0003bd    program     static C:\Users\gerpe\OneDrive\GER-PER 2016\Documents\KennyNeutron\HUB12\20190613_HUB12_RTC\HUB12_RTC2.ASM
                  T_CHARB   0x000400    program     static C:\Users\gerpe\OneDrive\GER-PER 2016\Documents\KennyNeutron\HUB12\20190613_HUB12_RTC\HUB12_RTC2.ASM
                    T_SIX   0x00040c    program     static C:\Users\gerpe\OneDrive\GER-PER 2016\Documents\KennyNeutron\HUB12\20190613_HUB12_RTC\HUB12_RTC2.ASM
                  T_SEVEN   0x00042f    program     static C:\Users\gerpe\OneDrive\GER-PER 2016\Documents\KennyNeutron\HUB12\20190613_HUB12_RTC\HUB12_RTC2.ASM
                  T_EIGHT   0x000452    program     static C:\Users\gerpe\OneDrive\GER-PER 2016\Documents\KennyNeutron\HUB12\20190613_HUB12_RTC\HUB12_RTC2.ASM
                   T_NINE   0x000475    program     static C:\Users\gerpe\OneDrive\GER-PER 2016\Documents\KennyNeutron\HUB12\20190613_HUB12_RTC\HUB12_RTC2.ASM
                     DUMP   0x000499    program     static C:\Users\gerpe\OneDrive\GER-PER 2016\Documents\KennyNeutron\HUB12\20190613_HUB12_RTC\HUB12_RTC2.ASM
                   FONT_0   0x0004a4    program     static C:\Users\gerpe\OneDrive\GER-PER 2016\Documents\KennyNeutron\HUB12\20190613_HUB12_RTC\HUB12_RTC2.ASM
                DMP_FONT0   0x0004b8    program     static C:\Users\gerpe\OneDrive\GER-PER 2016\Documents\KennyNeutron\HUB12\20190613_HUB12_RTC\HUB12_RTC2.ASM
                    DMPF0   0x0004ba    program     static C:\Users\gerpe\OneDrive\GER-PER 2016\Documents\KennyNeutron\HUB12\20190613_HUB12_RTC\HUB12_RTC2.ASM
                   FONT_1   0x0004c4    program     static C:\Users\gerpe\OneDrive\GER-PER 2016\Documents\KennyNeutron\HUB12\20190613_HUB12_RTC\HUB12_RTC2.ASM
                DMP_FONT2   0x0004c7    program     static C:\Users\gerpe\OneDrive\GER-PER 2016\Documents\KennyNeutron\HUB12\20190613_HUB12_RTC\HUB12_RTC2.ASM
                    DMPF2   0x0004c9    program     static C:\Users\gerpe\OneDrive\GER-PER 2016\Documents\KennyNeutron\HUB12\20190613_HUB12_RTC\HUB12_RTC2.ASM
                   FONT_2   0x0004da    program     static C:\Users\gerpe\OneDrive\GER-PER 2016\Documents\KennyNeutron\HUB12\20190613_HUB12_RTC\HUB12_RTC2.ASM
                  ISHIFTR   0x000500    program     static C:\Users\gerpe\OneDrive\GER-PER 2016\Documents\KennyNeutron\HUB12\20190613_HUB12_RTC\HUB12_RTC2.ASM
                   IGRP_A   0x00051d    program     static C:\Users\gerpe\OneDrive\GER-PER 2016\Documents\KennyNeutron\HUB12\20190613_HUB12_RTC\HUB12_RTC2.ASM
                   ISRA00   0x000525    program     static C:\Users\gerpe\OneDrive\GER-PER 2016\Documents\KennyNeutron\HUB12\20190613_HUB12_RTC\HUB12_RTC2.ASM
                ISRA08_R1   0x00054b    program     static C:\Users\gerpe\OneDrive\GER-PER 2016\Documents\KennyNeutron\HUB12\20190613_HUB12_RTC\HUB12_RTC2.ASM
                   ISRA08   0x00054c    program     static C:\Users\gerpe\OneDrive\GER-PER 2016\Documents\KennyNeutron\HUB12\20190613_HUB12_RTC\HUB12_RTC2.ASM
                   IGRP_B   0x00056f    program     static C:\Users\gerpe\OneDrive\GER-PER 2016\Documents\KennyNeutron\HUB12\20190613_HUB12_RTC\HUB12_RTC2.ASM
                   ISRB00   0x000577    program     static C:\Users\gerpe\OneDrive\GER-PER 2016\Documents\KennyNeutron\HUB12\20190613_HUB12_RTC\HUB12_RTC2.ASM
                ISRB08_R1   0x000595    program     static C:\Users\gerpe\OneDrive\GER-PER 2016\Documents\KennyNeutron\HUB12\20190613_HUB12_RTC\HUB12_RTC2.ASM
                   ISRB08   0x000596    program     static C:\Users\gerpe\OneDrive\GER-PER 2016\Documents\KennyNeutron\HUB12\20190613_HUB12_RTC\HUB12_RTC2.ASM
                   IGRP_C   0x0005b1    program     static C:\Users\gerpe\OneDrive\GER-PER 2016\Documents\KennyNeutron\HUB12\20190613_HUB12_RTC\HUB12_RTC2.ASM
                   ISRC00   0x0005b9    program     static C:\Users\gerpe\OneDrive\GER-PER 2016\Documents\KennyNeutron\HUB12\20190613_HUB12_RTC\HUB12_RTC2.ASM
                ISRC08_R1   0x0005cf    program     static C:\Users\gerpe\OneDrive\GER-PER 2016\Documents\KennyNeutron\HUB12\20190613_HUB12_RTC\HUB12_RTC2.ASM
                   ISRC08   0x0005d0    program     static C:\Users\gerpe\OneDrive\GER-PER 2016\Documents\KennyNeutron\HUB12\20190613_HUB12_RTC\HUB12_RTC2.ASM
                   IGRP_D   0x0005e3    program     static C:\Users\gerpe\OneDrive\GER-PER 2016\Documents\KennyNeutron\HUB12\20190613_HUB12_RTC\HUB12_RTC2.ASM
                   SHIFTR   0x000600    program     static C:\Users\gerpe\OneDrive\GER-PER 2016\Documents\KennyNeutron\HUB12\20190613_HUB12_RTC\HUB12_RTC2.ASM
                    GRP_A   0x00061c    program     static C:\Users\gerpe\OneDrive\GER-PER 2016\Documents\KennyNeutron\HUB12\20190613_HUB12_RTC\HUB12_RTC2.ASM
                    SRA00   0x000624    program     static C:\Users\gerpe\OneDrive\GER-PER 2016\Documents\KennyNeutron\HUB12\20190613_HUB12_RTC\HUB12_RTC2.ASM
                 SRA08_R1   0x00064a    program     static C:\Users\gerpe\OneDrive\GER-PER 2016\Documents\KennyNeutron\HUB12\20190613_HUB12_RTC\HUB12_RTC2.ASM
                    SRA08   0x00064b    program     static C:\Users\gerpe\OneDrive\GER-PER 2016\Documents\KennyNeutron\HUB12\20190613_HUB12_RTC\HUB12_RTC2.ASM
                    GRP_B   0x00066e    program     static C:\Users\gerpe\OneDrive\GER-PER 2016\Documents\KennyNeutron\HUB12\20190613_HUB12_RTC\HUB12_RTC2.ASM
                    SRB00   0x000676    program     static C:\Users\gerpe\OneDrive\GER-PER 2016\Documents\KennyNeutron\HUB12\20190613_HUB12_RTC\HUB12_RTC2.ASM
                 SRB08_R1   0x000694    program     static C:\Users\gerpe\OneDrive\GER-PER 2016\Documents\KennyNeutron\HUB12\20190613_HUB12_RTC\HUB12_RTC2.ASM
                    SRB08   0x000695    program     static C:\Users\gerpe\OneDrive\GER-PER 2016\Documents\KennyNeutron\HUB12\20190613_HUB12_RTC\HUB12_RTC2.ASM
                    GRP_C   0x0006b0    program     static C:\Users\gerpe\OneDrive\GER-PER 2016\Documents\KennyNeutron\HUB12\20190613_HUB12_RTC\HUB12_RTC2.ASM
                    SRC00   0x0006b8    program     static C:\Users\gerpe\OneDrive\GER-PER 2016\Documents\KennyNeutron\HUB12\20190613_HUB12_RTC\HUB12_RTC2.ASM
                 SRC08_R1   0x0006ce    program     static C:\Users\gerpe\OneDrive\GER-PER 2016\Documents\KennyNeutron\HUB12\20190613_HUB12_RTC\HUB12_RTC2.ASM
                    SRC08   0x0006cf    program     static C:\Users\gerpe\OneDrive\GER-PER 2016\Documents\KennyNeutron\HUB12\20190613_HUB12_RTC\HUB12_RTC2.ASM
                    GRP_D   0x0006e2    program     static C:\Users\gerpe\OneDrive\GER-PER 2016\Documents\KennyNeutron\HUB12\20190613_HUB12_RTC\HUB12_RTC2.ASM
                    SHFTL   0x000700    program     static C:\Users\gerpe\OneDrive\GER-PER 2016\Documents\KennyNeutron\HUB12\20190613_HUB12_RTC\HUB12_RTC2.ASM
                  SHFTL00   0x000704    program     static C:\Users\gerpe\OneDrive\GER-PER 2016\Documents\KennyNeutron\HUB12\20190613_HUB12_RTC\HUB12_RTC2.ASM
              SHIFTL_GRPB   0x00070e    program     static C:\Users\gerpe\OneDrive\GER-PER 2016\Documents\KennyNeutron\HUB12\20190613_HUB12_RTC\HUB12_RTC2.ASM
              SHIFTL_GRPA   0x00070e    program     static C:\Users\gerpe\OneDrive\GER-PER 2016\Documents\KennyNeutron\HUB12\20190613_HUB12_RTC\HUB12_RTC2.ASM
                     SBR0   0x000712    program     static C:\Users\gerpe\OneDrive\GER-PER 2016\Documents\KennyNeutron\HUB12\20190613_HUB12_RTC\HUB12_RTC2.ASM
                     SBR1   0x000715    program     static C:\Users\gerpe\OneDrive\GER-PER 2016\Documents\KennyNeutron\HUB12\20190613_HUB12_RTC\HUB12_RTC2.ASM
                 SB_BEGIN   0x000717    program     static C:\Users\gerpe\OneDrive\GER-PER 2016\Documents\KennyNeutron\HUB12\20190613_HUB12_RTC\HUB12_RTC2.ASM
                     SB00   0x000719    program     static C:\Users\gerpe\OneDrive\GER-PER 2016\Documents\KennyNeutron\HUB12\20190613_HUB12_RTC\HUB12_RTC2.ASM
                     SB01   0x00071b    program     static C:\Users\gerpe\OneDrive\GER-PER 2016\Documents\KennyNeutron\HUB12\20190613_HUB12_RTC\HUB12_RTC2.ASM
              SHIFTL_GRPC   0x000725    program     static C:\Users\gerpe\OneDrive\GER-PER 2016\Documents\KennyNeutron\HUB12\20190613_HUB12_RTC\HUB12_RTC2.ASM
                     SCR0   0x000729    program     static C:\Users\gerpe\OneDrive\GER-PER 2016\Documents\KennyNeutron\HUB12\20190613_HUB12_RTC\HUB12_RTC2.ASM
                     SCR1   0x00072c    program     static C:\Users\gerpe\OneDrive\GER-PER 2016\Documents\KennyNeutron\HUB12\20190613_HUB12_RTC\HUB12_RTC2.ASM
                 SC_BEGIN   0x00072e    program     static C:\Users\gerpe\OneDrive\GER-PER 2016\Documents\KennyNeutron\HUB12\20190613_HUB12_RTC\HUB12_RTC2.ASM
                     SC00   0x000730    program     static C:\Users\gerpe\OneDrive\GER-PER 2016\Documents\KennyNeutron\HUB12\20190613_HUB12_RTC\HUB12_RTC2.ASM
                     SC01   0x000732    program     static C:\Users\gerpe\OneDrive\GER-PER 2016\Documents\KennyNeutron\HUB12\20190613_HUB12_RTC\HUB12_RTC2.ASM
              SHIFTL_GRPD   0x00073c    program     static C:\Users\gerpe\OneDrive\GER-PER 2016\Documents\KennyNeutron\HUB12\20190613_HUB12_RTC\HUB12_RTC2.ASM
                     SDR0   0x000740    program     static C:\Users\gerpe\OneDrive\GER-PER 2016\Documents\KennyNeutron\HUB12\20190613_HUB12_RTC\HUB12_RTC2.ASM
                     SDR1   0x000743    program     static C:\Users\gerpe\OneDrive\GER-PER 2016\Documents\KennyNeutron\HUB12\20190613_HUB12_RTC\HUB12_RTC2.ASM
                 SD_BEGIN   0x000745    program     static C:\Users\gerpe\OneDrive\GER-PER 2016\Documents\KennyNeutron\HUB12\20190613_HUB12_RTC\HUB12_RTC2.ASM
                     SD00   0x000747    program     static C:\Users\gerpe\OneDrive\GER-PER 2016\Documents\KennyNeutron\HUB12\20190613_HUB12_RTC\HUB12_RTC2.ASM
                     SD01   0x000749    program     static C:\Users\gerpe\OneDrive\GER-PER 2016\Documents\KennyNeutron\HUB12\20190613_HUB12_RTC\HUB12_RTC2.ASM
                 SHIFT_YU   0x000753    program     static C:\Users\gerpe\OneDrive\GER-PER 2016\Documents\KennyNeutron\HUB12\20190613_HUB12_RTC\HUB12_RTC2.ASM
                      YU0   0x00075a    program     static C:\Users\gerpe\OneDrive\GER-PER 2016\Documents\KennyNeutron\HUB12\20190613_HUB12_RTC\HUB12_RTC2.ASM
                    IDUMP   0x00078a    program     static C:\Users\gerpe\OneDrive\GER-PER 2016\Documents\KennyNeutron\HUB12\20190613_HUB12_RTC\HUB12_RTC2.ASM
                  IFONT_0   0x000793    program     static C:\Users\gerpe\OneDrive\GER-PER 2016\Documents\KennyNeutron\HUB12\20190613_HUB12_RTC\HUB12_RTC2.ASM
                  IFONT_1   0x0007ab    program     static C:\Users\gerpe\OneDrive\GER-PER 2016\Documents\KennyNeutron\HUB12\20190613_HUB12_RTC\HUB12_RTC2.ASM
                   PUTNUM   0x0007b0    program     static C:\Users\gerpe\OneDrive\GER-PER 2016\Documents\KennyNeutron\HUB12\20190613_HUB12_RTC\HUB12_RTC2.ASM
                  IFONT_2   0x0007c5    program     static C:\Users\gerpe\OneDrive\GER-PER 2016\Documents\KennyNeutron\HUB12\20190613_HUB12_RTC\HUB12_RTC2.ASM
                  IPUTNUM   0x000800    program     static C:\Users\gerpe\OneDrive\GER-PER 2016\Documents\KennyNeutron\HUB12\20190613_HUB12_RTC\HUB12_RTC2.ASM
                SHIFT_YUB   0x000816    program     static C:\Users\gerpe\OneDrive\GER-PER 2016\Documents\KennyNeutron\HUB12\20190613_HUB12_RTC\HUB12_RTC2.ASM
                      YU1   0x00081a    program     static C:\Users\gerpe\OneDrive\GER-PER 2016\Documents\KennyNeutron\HUB12\20190613_HUB12_RTC\HUB12_RTC2.ASM
                   ISHFTL   0x00083f    program     static C:\Users\gerpe\OneDrive\GER-PER 2016\Documents\KennyNeutron\HUB12\20190613_HUB12_RTC\HUB12_RTC2.ASM
                  ISHIFTL   0x00083f    program     static C:\Users\gerpe\OneDrive\GER-PER 2016\Documents\KennyNeutron\HUB12\20190613_HUB12_RTC\HUB12_RTC2.ASM
                 ISHFTL00   0x000845    program     static C:\Users\gerpe\OneDrive\GER-PER 2016\Documents\KennyNeutron\HUB12\20190613_HUB12_RTC\HUB12_RTC2.ASM
             ISHIFTL_GRPA   0x00084f    program     static C:\Users\gerpe\OneDrive\GER-PER 2016\Documents\KennyNeutron\HUB12\20190613_HUB12_RTC\HUB12_RTC2.ASM
             ISHIFTL_GRPB   0x00084f    program     static C:\Users\gerpe\OneDrive\GER-PER 2016\Documents\KennyNeutron\HUB12\20190613_HUB12_RTC\HUB12_RTC2.ASM
                    ISBR0   0x000853    program     static C:\Users\gerpe\OneDrive\GER-PER 2016\Documents\KennyNeutron\HUB12\20190613_HUB12_RTC\HUB12_RTC2.ASM
                    ISBR1   0x000856    program     static C:\Users\gerpe\OneDrive\GER-PER 2016\Documents\KennyNeutron\HUB12\20190613_HUB12_RTC\HUB12_RTC2.ASM
                ISB_BEGIN   0x000858    program     static C:\Users\gerpe\OneDrive\GER-PER 2016\Documents\KennyNeutron\HUB12\20190613_HUB12_RTC\HUB12_RTC2.ASM
                    ISB00   0x00085a    program     static C:\Users\gerpe\OneDrive\GER-PER 2016\Documents\KennyNeutron\HUB12\20190613_HUB12_RTC\HUB12_RTC2.ASM
                    ISB01   0x00085c    program     static C:\Users\gerpe\OneDrive\GER-PER 2016\Documents\KennyNeutron\HUB12\20190613_HUB12_RTC\HUB12_RTC2.ASM
             ISHIFTL_GRPC   0x000866    program     static C:\Users\gerpe\OneDrive\GER-PER 2016\Documents\KennyNeutron\HUB12\20190613_HUB12_RTC\HUB12_RTC2.ASM
                    ISCR0   0x00086a    program     static C:\Users\gerpe\OneDrive\GER-PER 2016\Documents\KennyNeutron\HUB12\20190613_HUB12_RTC\HUB12_RTC2.ASM
                    ISCR1   0x00086d    program     static C:\Users\gerpe\OneDrive\GER-PER 2016\Documents\KennyNeutron\HUB12\20190613_HUB12_RTC\HUB12_RTC2.ASM
                ISC_BEGIN   0x00086f    program     static C:\Users\gerpe\OneDrive\GER-PER 2016\Documents\KennyNeutron\HUB12\20190613_HUB12_RTC\HUB12_RTC2.ASM
                    ISC00   0x000871    program     static C:\Users\gerpe\OneDrive\GER-PER 2016\Documents\KennyNeutron\HUB12\20190613_HUB12_RTC\HUB12_RTC2.ASM
                    ISC01   0x000873    program     static C:\Users\gerpe\OneDrive\GER-PER 2016\Documents\KennyNeutron\HUB12\20190613_HUB12_RTC\HUB12_RTC2.ASM
             ISHIFTL_GRPD   0x00087d    program     static C:\Users\gerpe\OneDrive\GER-PER 2016\Documents\KennyNeutron\HUB12\20190613_HUB12_RTC\HUB12_RTC2.ASM
                    ISDR0   0x000881    program     static C:\Users\gerpe\OneDrive\GER-PER 2016\Documents\KennyNeutron\HUB12\20190613_HUB12_RTC\HUB12_RTC2.ASM
                    ISDR1   0x000884    program     static C:\Users\gerpe\OneDrive\GER-PER 2016\Documents\KennyNeutron\HUB12\20190613_HUB12_RTC\HUB12_RTC2.ASM
                ISD_BEGIN   0x000886    program     static C:\Users\gerpe\OneDrive\GER-PER 2016\Documents\KennyNeutron\HUB12\20190613_HUB12_RTC\HUB12_RTC2.ASM
                    ISD00   0x000888    program     static C:\Users\gerpe\OneDrive\GER-PER 2016\Documents\KennyNeutron\HUB12\20190613_HUB12_RTC\HUB12_RTC2.ASM
                    ISD01   0x00088a    program     static C:\Users\gerpe\OneDrive\GER-PER 2016\Documents\KennyNeutron\HUB12\20190613_HUB12_RTC\HUB12_RTC2.ASM
         DSHIFT_DOWN_GRPA   0x000a00    program     static C:\Users\gerpe\OneDrive\GER-PER 2016\Documents\KennyNeutron\HUB12\20190613_HUB12_RTC\HUB12_RTC2.ASM
         DSHIFT_DOWN_GRPB   0x000a23    program     static C:\Users\gerpe\OneDrive\GER-PER 2016\Documents\KennyNeutron\HUB12\20190613_HUB12_RTC\HUB12_RTC2.ASM
         DSHIFT_DOWN_GRPC   0x000a46    program     static C:\Users\gerpe\OneDrive\GER-PER 2016\Documents\KennyNeutron\HUB12\20190613_HUB12_RTC\HUB12_RTC2.ASM
         DSHIFT_DOWN_GRPD   0x000a69    program     static C:\Users\gerpe\OneDrive\GER-PER 2016\Documents\KennyNeutron\HUB12\20190613_HUB12_RTC\HUB12_RTC2.ASM
         ISHIFT_DOWN_GRPA   0x000a8c    program     static C:\Users\gerpe\OneDrive\GER-PER 2016\Documents\KennyNeutron\HUB12\20190613_HUB12_RTC\HUB12_RTC2.ASM
         ISHIFT_DOWN_GRPB   0x000ab3    program     static C:\Users\gerpe\OneDrive\GER-PER 2016\Documents\KennyNeutron\HUB12\20190613_HUB12_RTC\HUB12_RTC2.ASM
                   SCRL_A   0x000ada    program     static C:\Users\gerpe\OneDrive\GER-PER 2016\Documents\KennyNeutron\HUB12\20190613_HUB12_RTC\HUB12_RTC2.ASM
                   SCRL_B   0x000ae1    program     static C:\Users\gerpe\OneDrive\GER-PER 2016\Documents\KennyNeutron\HUB12\20190613_HUB12_RTC\HUB12_RTC2.ASM
                   SCRL_C   0x000ae8    program     static C:\Users\gerpe\OneDrive\GER-PER 2016\Documents\KennyNeutron\HUB12\20190613_HUB12_RTC\HUB12_RTC2.ASM
                   SCRL_D   0x000af1    program     static C:\Users\gerpe\OneDrive\GER-PER 2016\Documents\KennyNeutron\HUB12\20190613_HUB12_RTC\HUB12_RTC2.ASM
         ISHIFT_DOWN_GRPC   0x000b00    program     static C:\Users\gerpe\OneDrive\GER-PER 2016\Documents\KennyNeutron\HUB12\20190613_HUB12_RTC\HUB12_RTC2.ASM
         ISHIFT_DOWN_GRPD   0x000b27    program     static C:\Users\gerpe\OneDrive\GER-PER 2016\Documents\KennyNeutron\HUB12\20190613_HUB12_RTC\HUB12_RTC2.ASM


