MPLINK 4.49, Linker
Linker Map File - Created Wed May 01 18:34:02 2019

                                 Section Info
                  Section       Type    Address   Location Size(Bytes)
                ---------  ---------  ---------  ---------  ---------
                   .org_0       code   0x000000    program   0x000000
                   .org_1       code   0x000000    program   0x000002
                   .org_2       code   0x000004    program   0x000852
                   .org_3       code   0x000800    program   0x000300
.config_2007_HUB12_LIBRARY.O       code   0x002007    program   0x000002
                   .org_4       code   0x002100    program   0x000008



                              Program Memory Usage 
                               Start         End      
                           ---------   ---------      
                            0x000000    0x000000      
                            0x000004    0x00042c      
                            0x000800    0x00097f      
                            0x002007    0x002007      
                            0x002100    0x002103      
            1455 out of 4359 program addresses used, program memory utilization is 33%



                              Symbols - Sorted by Name
                     Name    Address   Location    Storage File                     
                ---------  ---------  ---------  --------- ---------                
                        .   0x000000    program     static D:\KennyNeutron\HUB12_LIBRARY\HUB12_LIBRARY.ASM
                    CLRAM   0x0003c0    program     static D:\KennyNeutron\HUB12_LIBRARY\HUB12_LIBRARY.ASM
                      COL   0x000940    program     static D:\KennyNeutron\HUB12_LIBRARY\HUB12_LIBRARY.ASM
                      CS0   0x00001f    program     static D:\KennyNeutron\HUB12_LIBRARY\HUB12_LIBRARY.ASM
                      CS1   0x00002b    program     static D:\KennyNeutron\HUB12_LIBRARY\HUB12_LIBRARY.ASM
                      CS2   0x000037    program     static D:\KennyNeutron\HUB12_LIBRARY\HUB12_LIBRARY.ASM
                      CS3   0x000043    program     static D:\KennyNeutron\HUB12_LIBRARY\HUB12_LIBRARY.ASM
                      CS4   0x00004f    program     static D:\KennyNeutron\HUB12_LIBRARY\HUB12_LIBRARY.ASM
                      CS5   0x00005b    program     static D:\KennyNeutron\HUB12_LIBRARY\HUB12_LIBRARY.ASM
                      CS6   0x000067    program     static D:\KennyNeutron\HUB12_LIBRARY\HUB12_LIBRARY.ASM
                      CS7   0x000073    program     static D:\KennyNeutron\HUB12_LIBRARY\HUB12_LIBRARY.ASM
                      CS8   0x00007f    program     static D:\KennyNeutron\HUB12_LIBRARY\HUB12_LIBRARY.ASM
                      CS9   0x00008b    program     static D:\KennyNeutron\HUB12_LIBRARY\HUB12_LIBRARY.ASM
                  CSR_ET7   0x00009f    program     static D:\KennyNeutron\HUB12_LIBRARY\HUB12_LIBRARY.ASM
                  CSR_ETF   0x000109    program     static D:\KennyNeutron\HUB12_LIBRARY\HUB12_LIBRARY.ASM
                 CSR_ETF8   0x000183    program     static D:\KennyNeutron\HUB12_LIBRARY\HUB12_LIBRARY.ASM
                  CSR_GT7   0x000100    program     static D:\KennyNeutron\HUB12_LIBRARY\HUB12_LIBRARY.ASM
                  CSR_GTF   0x00017a    program     static D:\KennyNeutron\HUB12_LIBRARY\HUB12_LIBRARY.ASM
                 CSR_GTF8   0x000203    program     static D:\KennyNeutron\HUB12_LIBRARY\HUB12_LIBRARY.ASM
                  CSR_LT7   0x00009f    program     static D:\KennyNeutron\HUB12_LIBRARY\HUB12_LIBRARY.ASM
                  CSR_LTF   0x000109    program     static D:\KennyNeutron\HUB12_LIBRARY\HUB12_LIBRARY.ASM
                 CSR_LTF8   0x000183    program     static D:\KennyNeutron\HUB12_LIBRARY\HUB12_LIBRARY.ASM
                       D0   0x000402    program     static D:\KennyNeutron\HUB12_LIBRARY\HUB12_LIBRARY.ASM
                       D1   0x000404    program     static D:\KennyNeutron\HUB12_LIBRARY\HUB12_LIBRARY.ASM
                DATALATCH   0x0003f7    program     static D:\KennyNeutron\HUB12_LIBRARY\HUB12_LIBRARY.ASM
                 DELAY_MS   0x00041c    program     static D:\KennyNeutron\HUB12_LIBRARY\HUB12_LIBRARY.ASM
              DELAY_ONEMS   0x000415    program     static D:\KennyNeutron\HUB12_LIBRARY\HUB12_LIBRARY.ASM
             DELAY_ONESEC   0x000421    program     static D:\KennyNeutron\HUB12_LIBRARY\HUB12_LIBRARY.ASM
                DELAY_SEC   0x000428    program     static D:\KennyNeutron\HUB12_LIBRARY\HUB12_LIBRARY.ASM
                 DELAY_US   0x00040d    program     static D:\KennyNeutron\HUB12_LIBRARY\HUB12_LIBRARY.ASM
                  DISPLAY   0x0003cc    program     static D:\KennyNeutron\HUB12_LIBRARY\HUB12_LIBRARY.ASM
                      DL0   0x0003fe    program     static D:\KennyNeutron\HUB12_LIBRARY\HUB12_LIBRARY.ASM
                      DL1   0x000406    program     static D:\KennyNeutron\HUB12_LIBRARY\HUB12_LIBRARY.ASM
                     DRM0   0x0003c4    program     static D:\KennyNeutron\HUB12_LIBRARY\HUB12_LIBRARY.ASM
                     DSP0   0x0003d0    program     static D:\KennyNeutron\HUB12_LIBRARY\HUB12_LIBRARY.ASM
                     DSP1   0x0003da    program     static D:\KennyNeutron\HUB12_LIBRARY\HUB12_LIBRARY.ASM
                     DSP2   0x0003e4    program     static D:\KennyNeutron\HUB12_LIBRARY\HUB12_LIBRARY.ASM
                     DSP3   0x0003ee    program     static D:\KennyNeutron\HUB12_LIBRARY\HUB12_LIBRARY.ASM
                    EIGHT   0x0008e0    program     static D:\KennyNeutron\HUB12_LIBRARY\HUB12_LIBRARY.ASM
                     FIVE   0x000880    program     static D:\KennyNeutron\HUB12_LIBRARY\HUB12_LIBRARY.ASM
                     FOUR   0x000860    program     static D:\KennyNeutron\HUB12_LIBRARY\HUB12_LIBRARY.ASM
                     INIT   0x000010    program     static D:\KennyNeutron\HUB12_LIBRARY\HUB12_LIBRARY.ASM
                     MAIN   0x00001b    program     static D:\KennyNeutron\HUB12_LIBRARY\HUB12_LIBRARY.ASM
                      MN0   0x000024    program     static D:\KennyNeutron\HUB12_LIBRARY\HUB12_LIBRARY.ASM
                      MN1   0x000030    program     static D:\KennyNeutron\HUB12_LIBRARY\HUB12_LIBRARY.ASM
                      MN2   0x00003c    program     static D:\KennyNeutron\HUB12_LIBRARY\HUB12_LIBRARY.ASM
                      MN3   0x000048    program     static D:\KennyNeutron\HUB12_LIBRARY\HUB12_LIBRARY.ASM
                      MN4   0x000054    program     static D:\KennyNeutron\HUB12_LIBRARY\HUB12_LIBRARY.ASM
                      MN5   0x000060    program     static D:\KennyNeutron\HUB12_LIBRARY\HUB12_LIBRARY.ASM
                      MN6   0x00006c    program     static D:\KennyNeutron\HUB12_LIBRARY\HUB12_LIBRARY.ASM
                      MN7   0x000078    program     static D:\KennyNeutron\HUB12_LIBRARY\HUB12_LIBRARY.ASM
                      MN8   0x000084    program     static D:\KennyNeutron\HUB12_LIBRARY\HUB12_LIBRARY.ASM
                      MN9   0x000090    program     static D:\KennyNeutron\HUB12_LIBRARY\HUB12_LIBRARY.ASM
                       MO   0x00001d    program     static D:\KennyNeutron\HUB12_LIBRARY\HUB12_LIBRARY.ASM
                     MSEC   0x000417    program     static D:\KennyNeutron\HUB12_LIBRARY\HUB12_LIBRARY.ASM
                    MSEC0   0x00041d    program     static D:\KennyNeutron\HUB12_LIBRARY\HUB12_LIBRARY.ASM
                     NINE   0x000900    program     static D:\KennyNeutron\HUB12_LIBRARY\HUB12_LIBRARY.ASM
                    NUM_0   0x000204    program     static D:\KennyNeutron\HUB12_LIBRARY\HUB12_LIBRARY.ASM
                    NUM_1   0x000229    program     static D:\KennyNeutron\HUB12_LIBRARY\HUB12_LIBRARY.ASM
                    NUM_2   0x00024e    program     static D:\KennyNeutron\HUB12_LIBRARY\HUB12_LIBRARY.ASM
                    NUM_3   0x000273    program     static D:\KennyNeutron\HUB12_LIBRARY\HUB12_LIBRARY.ASM
                    NUM_4   0x000298    program     static D:\KennyNeutron\HUB12_LIBRARY\HUB12_LIBRARY.ASM
                    NUM_5   0x0002bd    program     static D:\KennyNeutron\HUB12_LIBRARY\HUB12_LIBRARY.ASM
                    NUM_6   0x0002e2    program     static D:\KennyNeutron\HUB12_LIBRARY\HUB12_LIBRARY.ASM
                    NUM_7   0x000307    program     static D:\KennyNeutron\HUB12_LIBRARY\HUB12_LIBRARY.ASM
                    NUM_8   0x00032c    program     static D:\KennyNeutron\HUB12_LIBRARY\HUB12_LIBRARY.ASM
                    NUM_9   0x000351    program     static D:\KennyNeutron\HUB12_LIBRARY\HUB12_LIBRARY.ASM
                  NUM_COL   0x000376    program     static D:\KennyNeutron\HUB12_LIBRARY\HUB12_LIBRARY.ASM
              NUM_SEMICOL   0x00039b    program     static D:\KennyNeutron\HUB12_LIBRARY\HUB12_LIBRARY.ASM
                      ONE   0x000800    program     static D:\KennyNeutron\HUB12_LIBRARY\HUB12_LIBRARY.ASM
                     SEC0   0x000423    program     static D:\KennyNeutron\HUB12_LIBRARY\HUB12_LIBRARY.ASM
                     SEC1   0x000429    program     static D:\KennyNeutron\HUB12_LIBRARY\HUB12_LIBRARY.ASM
                  SEMICOL   0x000960    program     static D:\KennyNeutron\HUB12_LIBRARY\HUB12_LIBRARY.ASM
                    SEVEN   0x0008c0    program     static D:\KennyNeutron\HUB12_LIBRARY\HUB12_LIBRARY.ASM
                    SHIFT   0x000096    program     static D:\KennyNeutron\HUB12_LIBRARY\HUB12_LIBRARY.ASM
                    SHT00   0x0000a1    program     static D:\KennyNeutron\HUB12_LIBRARY\HUB12_LIBRARY.ASM
                    SHT01   0x0000a7    program     static D:\KennyNeutron\HUB12_LIBRARY\HUB12_LIBRARY.ASM
                    SHT02   0x0000ad    program     static D:\KennyNeutron\HUB12_LIBRARY\HUB12_LIBRARY.ASM
                    SHT03   0x0000b3    program     static D:\KennyNeutron\HUB12_LIBRARY\HUB12_LIBRARY.ASM
                    SHT04   0x0000b9    program     static D:\KennyNeutron\HUB12_LIBRARY\HUB12_LIBRARY.ASM
                    SHT05   0x0000bf    program     static D:\KennyNeutron\HUB12_LIBRARY\HUB12_LIBRARY.ASM
                    SHT06   0x0000c5    program     static D:\KennyNeutron\HUB12_LIBRARY\HUB12_LIBRARY.ASM
                    SHT07   0x0000cb    program     static D:\KennyNeutron\HUB12_LIBRARY\HUB12_LIBRARY.ASM
                    SHT08   0x0000d1    program     static D:\KennyNeutron\HUB12_LIBRARY\HUB12_LIBRARY.ASM
                    SHT09   0x0000d7    program     static D:\KennyNeutron\HUB12_LIBRARY\HUB12_LIBRARY.ASM
                    SHT0A   0x0000dd    program     static D:\KennyNeutron\HUB12_LIBRARY\HUB12_LIBRARY.ASM
                    SHT0B   0x0000e3    program     static D:\KennyNeutron\HUB12_LIBRARY\HUB12_LIBRARY.ASM
                    SHT0C   0x0000e9    program     static D:\KennyNeutron\HUB12_LIBRARY\HUB12_LIBRARY.ASM
                    SHT0D   0x0000ef    program     static D:\KennyNeutron\HUB12_LIBRARY\HUB12_LIBRARY.ASM
                    SHT0E   0x0000f5    program     static D:\KennyNeutron\HUB12_LIBRARY\HUB12_LIBRARY.ASM
                    SHT0F   0x0000fb    program     static D:\KennyNeutron\HUB12_LIBRARY\HUB12_LIBRARY.ASM
                    SHT10   0x00010b    program     static D:\KennyNeutron\HUB12_LIBRARY\HUB12_LIBRARY.ASM
                    SHT11   0x000112    program     static D:\KennyNeutron\HUB12_LIBRARY\HUB12_LIBRARY.ASM
                    SHT12   0x000119    program     static D:\KennyNeutron\HUB12_LIBRARY\HUB12_LIBRARY.ASM
                    SHT13   0x000120    program     static D:\KennyNeutron\HUB12_LIBRARY\HUB12_LIBRARY.ASM
                    SHT14   0x000127    program     static D:\KennyNeutron\HUB12_LIBRARY\HUB12_LIBRARY.ASM
                    SHT15   0x00012e    program     static D:\KennyNeutron\HUB12_LIBRARY\HUB12_LIBRARY.ASM
                    SHT16   0x000135    program     static D:\KennyNeutron\HUB12_LIBRARY\HUB12_LIBRARY.ASM
                    SHT17   0x00013c    program     static D:\KennyNeutron\HUB12_LIBRARY\HUB12_LIBRARY.ASM
                    SHT18   0x000143    program     static D:\KennyNeutron\HUB12_LIBRARY\HUB12_LIBRARY.ASM
                    SHT19   0x00014a    program     static D:\KennyNeutron\HUB12_LIBRARY\HUB12_LIBRARY.ASM
                    SHT1A   0x000151    program     static D:\KennyNeutron\HUB12_LIBRARY\HUB12_LIBRARY.ASM
                    SHT1B   0x000158    program     static D:\KennyNeutron\HUB12_LIBRARY\HUB12_LIBRARY.ASM
                    SHT1C   0x00015f    program     static D:\KennyNeutron\HUB12_LIBRARY\HUB12_LIBRARY.ASM
                    SHT1D   0x000166    program     static D:\KennyNeutron\HUB12_LIBRARY\HUB12_LIBRARY.ASM
                    SHT1E   0x00016d    program     static D:\KennyNeutron\HUB12_LIBRARY\HUB12_LIBRARY.ASM
                    SHT1F   0x000174    program     static D:\KennyNeutron\HUB12_LIBRARY\HUB12_LIBRARY.ASM
                    SHT20   0x000185    program     static D:\KennyNeutron\HUB12_LIBRARY\HUB12_LIBRARY.ASM
                    SHT21   0x00018d    program     static D:\KennyNeutron\HUB12_LIBRARY\HUB12_LIBRARY.ASM
                    SHT22   0x000195    program     static D:\KennyNeutron\HUB12_LIBRARY\HUB12_LIBRARY.ASM
                    SHT23   0x00019d    program     static D:\KennyNeutron\HUB12_LIBRARY\HUB12_LIBRARY.ASM
                    SHT24   0x0001a5    program     static D:\KennyNeutron\HUB12_LIBRARY\HUB12_LIBRARY.ASM
                    SHT25   0x0001ad    program     static D:\KennyNeutron\HUB12_LIBRARY\HUB12_LIBRARY.ASM
                    SHT26   0x0001b5    program     static D:\KennyNeutron\HUB12_LIBRARY\HUB12_LIBRARY.ASM
                    SHT27   0x0001bd    program     static D:\KennyNeutron\HUB12_LIBRARY\HUB12_LIBRARY.ASM
                    SHT28   0x0001c5    program     static D:\KennyNeutron\HUB12_LIBRARY\HUB12_LIBRARY.ASM
                    SHT29   0x0001cd    program     static D:\KennyNeutron\HUB12_LIBRARY\HUB12_LIBRARY.ASM
                    SHT2A   0x0001d5    program     static D:\KennyNeutron\HUB12_LIBRARY\HUB12_LIBRARY.ASM
                    SHT2B   0x0001dd    program     static D:\KennyNeutron\HUB12_LIBRARY\HUB12_LIBRARY.ASM
                    SHT2C   0x0001e5    program     static D:\KennyNeutron\HUB12_LIBRARY\HUB12_LIBRARY.ASM
                    SHT2D   0x0001ed    program     static D:\KennyNeutron\HUB12_LIBRARY\HUB12_LIBRARY.ASM
                    SHT2E   0x0001f5    program     static D:\KennyNeutron\HUB12_LIBRARY\HUB12_LIBRARY.ASM
                    SHT2F   0x0001fd    program     static D:\KennyNeutron\HUB12_LIBRARY\HUB12_LIBRARY.ASM
                      SIX   0x0008a0    program     static D:\KennyNeutron\HUB12_LIBRARY\HUB12_LIBRARY.ASM
                    TABLE   0x00042d    program     static D:\KennyNeutron\HUB12_LIBRARY\HUB12_LIBRARY.ASM
                    THREE   0x000840    program     static D:\KennyNeutron\HUB12_LIBRARY\HUB12_LIBRARY.ASM
                      TWO   0x000820    program     static D:\KennyNeutron\HUB12_LIBRARY\HUB12_LIBRARY.ASM
                     USEC   0x00040e    program     static D:\KennyNeutron\HUB12_LIBRARY\HUB12_LIBRARY.ASM
                     ZERO   0x000920    program     static D:\KennyNeutron\HUB12_LIBRARY\HUB12_LIBRARY.ASM



                              Symbols - Sorted by Address
                     Name    Address   Location    Storage File                     
                ---------  ---------  ---------  --------- ---------                
                        .   0x000000    program     static D:\KennyNeutron\HUB12_LIBRARY\HUB12_LIBRARY.ASM
                     INIT   0x000010    program     static D:\KennyNeutron\HUB12_LIBRARY\HUB12_LIBRARY.ASM
                     MAIN   0x00001b    program     static D:\KennyNeutron\HUB12_LIBRARY\HUB12_LIBRARY.ASM
                       MO   0x00001d    program     static D:\KennyNeutron\HUB12_LIBRARY\HUB12_LIBRARY.ASM
                      CS0   0x00001f    program     static D:\KennyNeutron\HUB12_LIBRARY\HUB12_LIBRARY.ASM
                      MN0   0x000024    program     static D:\KennyNeutron\HUB12_LIBRARY\HUB12_LIBRARY.ASM
                      CS1   0x00002b    program     static D:\KennyNeutron\HUB12_LIBRARY\HUB12_LIBRARY.ASM
                      MN1   0x000030    program     static D:\KennyNeutron\HUB12_LIBRARY\HUB12_LIBRARY.ASM
                      CS2   0x000037    program     static D:\KennyNeutron\HUB12_LIBRARY\HUB12_LIBRARY.ASM
                      MN2   0x00003c    program     static D:\KennyNeutron\HUB12_LIBRARY\HUB12_LIBRARY.ASM
                      CS3   0x000043    program     static D:\KennyNeutron\HUB12_LIBRARY\HUB12_LIBRARY.ASM
                      MN3   0x000048    program     static D:\KennyNeutron\HUB12_LIBRARY\HUB12_LIBRARY.ASM
                      CS4   0x00004f    program     static D:\KennyNeutron\HUB12_LIBRARY\HUB12_LIBRARY.ASM
                      MN4   0x000054    program     static D:\KennyNeutron\HUB12_LIBRARY\HUB12_LIBRARY.ASM
                      CS5   0x00005b    program     static D:\KennyNeutron\HUB12_LIBRARY\HUB12_LIBRARY.ASM
                      MN5   0x000060    program     static D:\KennyNeutron\HUB12_LIBRARY\HUB12_LIBRARY.ASM
                      CS6   0x000067    program     static D:\KennyNeutron\HUB12_LIBRARY\HUB12_LIBRARY.ASM
                      MN6   0x00006c    program     static D:\KennyNeutron\HUB12_LIBRARY\HUB12_LIBRARY.ASM
                      CS7   0x000073    program     static D:\KennyNeutron\HUB12_LIBRARY\HUB12_LIBRARY.ASM
                      MN7   0x000078    program     static D:\KennyNeutron\HUB12_LIBRARY\HUB12_LIBRARY.ASM
                      CS8   0x00007f    program     static D:\KennyNeutron\HUB12_LIBRARY\HUB12_LIBRARY.ASM
                      MN8   0x000084    program     static D:\KennyNeutron\HUB12_LIBRARY\HUB12_LIBRARY.ASM
                      CS9   0x00008b    program     static D:\KennyNeutron\HUB12_LIBRARY\HUB12_LIBRARY.ASM
                      MN9   0x000090    program     static D:\KennyNeutron\HUB12_LIBRARY\HUB12_LIBRARY.ASM
                    SHIFT   0x000096    program     static D:\KennyNeutron\HUB12_LIBRARY\HUB12_LIBRARY.ASM
                  CSR_ET7   0x00009f    program     static D:\KennyNeutron\HUB12_LIBRARY\HUB12_LIBRARY.ASM
                  CSR_LT7   0x00009f    program     static D:\KennyNeutron\HUB12_LIBRARY\HUB12_LIBRARY.ASM
                    SHT00   0x0000a1    program     static D:\KennyNeutron\HUB12_LIBRARY\HUB12_LIBRARY.ASM
                    SHT01   0x0000a7    program     static D:\KennyNeutron\HUB12_LIBRARY\HUB12_LIBRARY.ASM
                    SHT02   0x0000ad    program     static D:\KennyNeutron\HUB12_LIBRARY\HUB12_LIBRARY.ASM
                    SHT03   0x0000b3    program     static D:\KennyNeutron\HUB12_LIBRARY\HUB12_LIBRARY.ASM
                    SHT04   0x0000b9    program     static D:\KennyNeutron\HUB12_LIBRARY\HUB12_LIBRARY.ASM
                    SHT05   0x0000bf    program     static D:\KennyNeutron\HUB12_LIBRARY\HUB12_LIBRARY.ASM
                    SHT06   0x0000c5    program     static D:\KennyNeutron\HUB12_LIBRARY\HUB12_LIBRARY.ASM
                    SHT07   0x0000cb    program     static D:\KennyNeutron\HUB12_LIBRARY\HUB12_LIBRARY.ASM
                    SHT08   0x0000d1    program     static D:\KennyNeutron\HUB12_LIBRARY\HUB12_LIBRARY.ASM
                    SHT09   0x0000d7    program     static D:\KennyNeutron\HUB12_LIBRARY\HUB12_LIBRARY.ASM
                    SHT0A   0x0000dd    program     static D:\KennyNeutron\HUB12_LIBRARY\HUB12_LIBRARY.ASM
                    SHT0B   0x0000e3    program     static D:\KennyNeutron\HUB12_LIBRARY\HUB12_LIBRARY.ASM
                    SHT0C   0x0000e9    program     static D:\KennyNeutron\HUB12_LIBRARY\HUB12_LIBRARY.ASM
                    SHT0D   0x0000ef    program     static D:\KennyNeutron\HUB12_LIBRARY\HUB12_LIBRARY.ASM
                    SHT0E   0x0000f5    program     static D:\KennyNeutron\HUB12_LIBRARY\HUB12_LIBRARY.ASM
                    SHT0F   0x0000fb    program     static D:\KennyNeutron\HUB12_LIBRARY\HUB12_LIBRARY.ASM
                  CSR_GT7   0x000100    program     static D:\KennyNeutron\HUB12_LIBRARY\HUB12_LIBRARY.ASM
                  CSR_ETF   0x000109    program     static D:\KennyNeutron\HUB12_LIBRARY\HUB12_LIBRARY.ASM
                  CSR_LTF   0x000109    program     static D:\KennyNeutron\HUB12_LIBRARY\HUB12_LIBRARY.ASM
                    SHT10   0x00010b    program     static D:\KennyNeutron\HUB12_LIBRARY\HUB12_LIBRARY.ASM
                    SHT11   0x000112    program     static D:\KennyNeutron\HUB12_LIBRARY\HUB12_LIBRARY.ASM
                    SHT12   0x000119    program     static D:\KennyNeutron\HUB12_LIBRARY\HUB12_LIBRARY.ASM
                    SHT13   0x000120    program     static D:\KennyNeutron\HUB12_LIBRARY\HUB12_LIBRARY.ASM
                    SHT14   0x000127    program     static D:\KennyNeutron\HUB12_LIBRARY\HUB12_LIBRARY.ASM
                    SHT15   0x00012e    program     static D:\KennyNeutron\HUB12_LIBRARY\HUB12_LIBRARY.ASM
                    SHT16   0x000135    program     static D:\KennyNeutron\HUB12_LIBRARY\HUB12_LIBRARY.ASM
                    SHT17   0x00013c    program     static D:\KennyNeutron\HUB12_LIBRARY\HUB12_LIBRARY.ASM
                    SHT18   0x000143    program     static D:\KennyNeutron\HUB12_LIBRARY\HUB12_LIBRARY.ASM
                    SHT19   0x00014a    program     static D:\KennyNeutron\HUB12_LIBRARY\HUB12_LIBRARY.ASM
                    SHT1A   0x000151    program     static D:\KennyNeutron\HUB12_LIBRARY\HUB12_LIBRARY.ASM
                    SHT1B   0x000158    program     static D:\KennyNeutron\HUB12_LIBRARY\HUB12_LIBRARY.ASM
                    SHT1C   0x00015f    program     static D:\KennyNeutron\HUB12_LIBRARY\HUB12_LIBRARY.ASM
                    SHT1D   0x000166    program     static D:\KennyNeutron\HUB12_LIBRARY\HUB12_LIBRARY.ASM
                    SHT1E   0x00016d    program     static D:\KennyNeutron\HUB12_LIBRARY\HUB12_LIBRARY.ASM
                    SHT1F   0x000174    program     static D:\KennyNeutron\HUB12_LIBRARY\HUB12_LIBRARY.ASM
                  CSR_GTF   0x00017a    program     static D:\KennyNeutron\HUB12_LIBRARY\HUB12_LIBRARY.ASM
                 CSR_ETF8   0x000183    program     static D:\KennyNeutron\HUB12_LIBRARY\HUB12_LIBRARY.ASM
                 CSR_LTF8   0x000183    program     static D:\KennyNeutron\HUB12_LIBRARY\HUB12_LIBRARY.ASM
                    SHT20   0x000185    program     static D:\KennyNeutron\HUB12_LIBRARY\HUB12_LIBRARY.ASM
                    SHT21   0x00018d    program     static D:\KennyNeutron\HUB12_LIBRARY\HUB12_LIBRARY.ASM
                    SHT22   0x000195    program     static D:\KennyNeutron\HUB12_LIBRARY\HUB12_LIBRARY.ASM
                    SHT23   0x00019d    program     static D:\KennyNeutron\HUB12_LIBRARY\HUB12_LIBRARY.ASM
                    SHT24   0x0001a5    program     static D:\KennyNeutron\HUB12_LIBRARY\HUB12_LIBRARY.ASM
                    SHT25   0x0001ad    program     static D:\KennyNeutron\HUB12_LIBRARY\HUB12_LIBRARY.ASM
                    SHT26   0x0001b5    program     static D:\KennyNeutron\HUB12_LIBRARY\HUB12_LIBRARY.ASM
                    SHT27   0x0001bd    program     static D:\KennyNeutron\HUB12_LIBRARY\HUB12_LIBRARY.ASM
                    SHT28   0x0001c5    program     static D:\KennyNeutron\HUB12_LIBRARY\HUB12_LIBRARY.ASM
                    SHT29   0x0001cd    program     static D:\KennyNeutron\HUB12_LIBRARY\HUB12_LIBRARY.ASM
                    SHT2A   0x0001d5    program     static D:\KennyNeutron\HUB12_LIBRARY\HUB12_LIBRARY.ASM
                    SHT2B   0x0001dd    program     static D:\KennyNeutron\HUB12_LIBRARY\HUB12_LIBRARY.ASM
                    SHT2C   0x0001e5    program     static D:\KennyNeutron\HUB12_LIBRARY\HUB12_LIBRARY.ASM
                    SHT2D   0x0001ed    program     static D:\KennyNeutron\HUB12_LIBRARY\HUB12_LIBRARY.ASM
                    SHT2E   0x0001f5    program     static D:\KennyNeutron\HUB12_LIBRARY\HUB12_LIBRARY.ASM
                    SHT2F   0x0001fd    program     static D:\KennyNeutron\HUB12_LIBRARY\HUB12_LIBRARY.ASM
                 CSR_GTF8   0x000203    program     static D:\KennyNeutron\HUB12_LIBRARY\HUB12_LIBRARY.ASM
                    NUM_0   0x000204    program     static D:\KennyNeutron\HUB12_LIBRARY\HUB12_LIBRARY.ASM
                    NUM_1   0x000229    program     static D:\KennyNeutron\HUB12_LIBRARY\HUB12_LIBRARY.ASM
                    NUM_2   0x00024e    program     static D:\KennyNeutron\HUB12_LIBRARY\HUB12_LIBRARY.ASM
                    NUM_3   0x000273    program     static D:\KennyNeutron\HUB12_LIBRARY\HUB12_LIBRARY.ASM
                    NUM_4   0x000298    program     static D:\KennyNeutron\HUB12_LIBRARY\HUB12_LIBRARY.ASM
                    NUM_5   0x0002bd    program     static D:\KennyNeutron\HUB12_LIBRARY\HUB12_LIBRARY.ASM
                    NUM_6   0x0002e2    program     static D:\KennyNeutron\HUB12_LIBRARY\HUB12_LIBRARY.ASM
                    NUM_7   0x000307    program     static D:\KennyNeutron\HUB12_LIBRARY\HUB12_LIBRARY.ASM
                    NUM_8   0x00032c    program     static D:\KennyNeutron\HUB12_LIBRARY\HUB12_LIBRARY.ASM
                    NUM_9   0x000351    program     static D:\KennyNeutron\HUB12_LIBRARY\HUB12_LIBRARY.ASM
                  NUM_COL   0x000376    program     static D:\KennyNeutron\HUB12_LIBRARY\HUB12_LIBRARY.ASM
              NUM_SEMICOL   0x00039b    program     static D:\KennyNeutron\HUB12_LIBRARY\HUB12_LIBRARY.ASM
                    CLRAM   0x0003c0    program     static D:\KennyNeutron\HUB12_LIBRARY\HUB12_LIBRARY.ASM
                     DRM0   0x0003c4    program     static D:\KennyNeutron\HUB12_LIBRARY\HUB12_LIBRARY.ASM
                  DISPLAY   0x0003cc    program     static D:\KennyNeutron\HUB12_LIBRARY\HUB12_LIBRARY.ASM
                     DSP0   0x0003d0    program     static D:\KennyNeutron\HUB12_LIBRARY\HUB12_LIBRARY.ASM
                     DSP1   0x0003da    program     static D:\KennyNeutron\HUB12_LIBRARY\HUB12_LIBRARY.ASM
                     DSP2   0x0003e4    program     static D:\KennyNeutron\HUB12_LIBRARY\HUB12_LIBRARY.ASM
                     DSP3   0x0003ee    program     static D:\KennyNeutron\HUB12_LIBRARY\HUB12_LIBRARY.ASM
                DATALATCH   0x0003f7    program     static D:\KennyNeutron\HUB12_LIBRARY\HUB12_LIBRARY.ASM
                      DL0   0x0003fe    program     static D:\KennyNeutron\HUB12_LIBRARY\HUB12_LIBRARY.ASM
                       D0   0x000402    program     static D:\KennyNeutron\HUB12_LIBRARY\HUB12_LIBRARY.ASM
                       D1   0x000404    program     static D:\KennyNeutron\HUB12_LIBRARY\HUB12_LIBRARY.ASM
                      DL1   0x000406    program     static D:\KennyNeutron\HUB12_LIBRARY\HUB12_LIBRARY.ASM
                 DELAY_US   0x00040d    program     static D:\KennyNeutron\HUB12_LIBRARY\HUB12_LIBRARY.ASM
                     USEC   0x00040e    program     static D:\KennyNeutron\HUB12_LIBRARY\HUB12_LIBRARY.ASM
              DELAY_ONEMS   0x000415    program     static D:\KennyNeutron\HUB12_LIBRARY\HUB12_LIBRARY.ASM
                     MSEC   0x000417    program     static D:\KennyNeutron\HUB12_LIBRARY\HUB12_LIBRARY.ASM
                 DELAY_MS   0x00041c    program     static D:\KennyNeutron\HUB12_LIBRARY\HUB12_LIBRARY.ASM
                    MSEC0   0x00041d    program     static D:\KennyNeutron\HUB12_LIBRARY\HUB12_LIBRARY.ASM
             DELAY_ONESEC   0x000421    program     static D:\KennyNeutron\HUB12_LIBRARY\HUB12_LIBRARY.ASM
                     SEC0   0x000423    program     static D:\KennyNeutron\HUB12_LIBRARY\HUB12_LIBRARY.ASM
                DELAY_SEC   0x000428    program     static D:\KennyNeutron\HUB12_LIBRARY\HUB12_LIBRARY.ASM
                     SEC1   0x000429    program     static D:\KennyNeutron\HUB12_LIBRARY\HUB12_LIBRARY.ASM
                    TABLE   0x00042d    program     static D:\KennyNeutron\HUB12_LIBRARY\HUB12_LIBRARY.ASM
                      ONE   0x000800    program     static D:\KennyNeutron\HUB12_LIBRARY\HUB12_LIBRARY.ASM
                      TWO   0x000820    program     static D:\KennyNeutron\HUB12_LIBRARY\HUB12_LIBRARY.ASM
                    THREE   0x000840    program     static D:\KennyNeutron\HUB12_LIBRARY\HUB12_LIBRARY.ASM
                     FOUR   0x000860    program     static D:\KennyNeutron\HUB12_LIBRARY\HUB12_LIBRARY.ASM
                     FIVE   0x000880    program     static D:\KennyNeutron\HUB12_LIBRARY\HUB12_LIBRARY.ASM
                      SIX   0x0008a0    program     static D:\KennyNeutron\HUB12_LIBRARY\HUB12_LIBRARY.ASM
                    SEVEN   0x0008c0    program     static D:\KennyNeutron\HUB12_LIBRARY\HUB12_LIBRARY.ASM
                    EIGHT   0x0008e0    program     static D:\KennyNeutron\HUB12_LIBRARY\HUB12_LIBRARY.ASM
                     NINE   0x000900    program     static D:\KennyNeutron\HUB12_LIBRARY\HUB12_LIBRARY.ASM
                     ZERO   0x000920    program     static D:\KennyNeutron\HUB12_LIBRARY\HUB12_LIBRARY.ASM
                      COL   0x000940    program     static D:\KennyNeutron\HUB12_LIBRARY\HUB12_LIBRARY.ASM
                  SEMICOL   0x000960    program     static D:\KennyNeutron\HUB12_LIBRARY\HUB12_LIBRARY.ASM


